<html>
<body>
<pre>
<h1>µVision Build Log</h1>
<h2>Project:</h2>
F:\OneNET_demo_code_kylin\OneNET_demo_code_kylin\OneNET_Demo_ESP8266_EDP_Sensors\Project\onenetdemo.uvproj
Project File Date:  06/01/2016

<h2>Output:</h2>
Build target 'OneNET_Demo_ESP8266_EDP_Sensors'
compiling core_cm3.c...
compiling system_stm32f10x.c...
assembling startup_stm32f10x_hd.s...
compiling main.c...
compiling stm32f10x_it.c...
compiling misc.c...
compiling stm32f10x_exti.c...
compiling stm32f10x_flash.c...
compiling stm32f10x_gpio.c...
compiling stm32f10x_i2c.c...
compiling stm32f10x_usart.c...
compiling stm32f10x_rcc.c...
compiling hal_i2c.c...
compiling sht20.c...
compiling adxl345.c...
compiling bh1750fvi.c...
compiling hmc5883l.c...
compiling usart1.c...
compiling usart2.c...
compiling EdpDemo.c...
..\Protocol\edp\EdpDemo.c(315): warning:  #188-D: enumerated type mixed with another type
compiling EdpKit.c...
..\Protocol\edp\EdpKit.c(629): warning:  #177-D: variable "valuestring" was declared but never referenced
..\Protocol\edp\EdpKit.c(631): warning:  #177-D: variable "valuestring" was declared but never referenced
..\Protocol\edp\EdpKit.c(636): warning:  #177-D: variable "valuestring" was declared but never referenced
..\Protocol\edp\EdpKit.c(638): warning:  #177-D: variable "valuestring" was declared but never referenced
..\Protocol\edp\EdpKit.c(643): warning:  #177-D: variable "valuestring" was declared but never referenced
..\Protocol\edp\EdpKit.c(645): warning:  #177-D: variable "valuestring" was declared but never referenced
compiling cJSON.c...
compiling utils.c...
compiling esp8266.c...
linking...
Program Size: Code=32684 RO-data=1516 RW-data=116 ZI-data=2756  
"..\object\onenetdemo.axf" - 0 Error(s), 7 Warning(s).
Build target 'OneNET_Demo_ESP8266_EDP_Sensors'
compiling EdpKit.c...
linking...
Program Size: Code=32696 RO-data=1512 RW-data=116 ZI-data=2756  
"..\object\onenetdemo.axf" - 0 Error(s), 0 Warning(s).
Clean started: Project: 'onenetdemo'
   deleting intermediate output files for target 'OneNET_Demo_ESP8266_EDP_Sensors'
Build target 'OneNET_Demo_ESP8266_EDP_Sensors'
compiling core_cm3.c...
compiling system_stm32f10x.c...
assembling startup_stm32f10x_hd.s...
compiling main.c...
compiling stm32f10x_it.c...
compiling misc.c...
compiling stm32f10x_exti.c...
compiling stm32f10x_flash.c...
compiling stm32f10x_gpio.c...
compiling stm32f10x_i2c.c...
compiling stm32f10x_usart.c...
compiling stm32f10x_rcc.c...
compiling hal_i2c.c...
compiling sht20.c...
compiling adxl345.c...
compiling bh1750fvi.c...
compiling hmc5883l.c...
compiling usart1.c...
compiling usart2.c...
compiling EdpDemo.c...
..\Protocol\edp\EdpDemo.c(315): warning:  #188-D: enumerated type mixed with another type
compiling EdpKit.c...
compiling cJSON.c...
compiling utils.c...
compiling esp8266.c...
linking...
Program Size: Code=32696 RO-data=1512 RW-data=116 ZI-data=2756  
"..\object\onenetdemo.axf" - 0 Error(s), 1 Warning(s).
Build target 'OneNET_Demo_ESP8266_EDP_Sensors'
compiling EdpDemo.c...
linking...
Program Size: Code=32696 RO-data=1512 RW-data=116 ZI-data=2756  
"..\object\onenetdemo.axf" - 0 Error(s), 0 Warning(s).
Clean started: Project: 'onenetdemo'
   deleting intermediate output files for target 'OneNET_Demo_ESP8266_EDP_Sensors'
Build target 'OneNET_Demo_ESP8266_EDP_Sensors'
compiling core_cm3.c...
compiling system_stm32f10x.c...
assembling startup_stm32f10x_hd.s...
compiling main.c...
compiling stm32f10x_it.c...
compiling misc.c...
compiling stm32f10x_exti.c...
compiling stm32f10x_flash.c...
compiling stm32f10x_gpio.c...
compiling stm32f10x_i2c.c...
compiling stm32f10x_usart.c...
compiling stm32f10x_rcc.c...
compiling hal_i2c.c...
compiling sht20.c...
compiling adxl345.c...
compiling bh1750fvi.c...
compiling hmc5883l.c...
compiling usart1.c...
compiling usart2.c...
compiling EdpDemo.c...
compiling EdpKit.c...
compiling cJSON.c...
compiling utils.c...
compiling esp8266.c...
linking...
Program Size: Code=32696 RO-data=1512 RW-data=116 ZI-data=2756  
"..\object\onenetdemo.axf" - 0 Error(s), 0 Warning(s).
Build target 'OneNET_Demo_ESP8266_EDP_Sensors'
compiling main.c...
compiling EdpDemo.c...
compiling esp8266.c...
linking...
Program Size: Code=32712 RO-data=1512 RW-data=116 ZI-data=2756  
"..\object\onenetdemo.axf" - 0 Error(s), 0 Warning(s).
Load "..\\object\\onenetdemo.AXF" 
Load "..\\object\\onenetdemo.AXF" 
Erase Done.
Programming Done.
Verify OK.
Clean started: Project: 'onenetdemo'
   deleting intermediate output files for target 'OneNET_Demo_ESP8266_EDP_Sensors'
Clean started: Project: 'onenetdemo'
   deleting intermediate output files for target 'OneNET_Demo_ESP8266_EDP_Sensors'
