<html>
<body>
<pre>
<h1>µVision Build Log</h1>
<h2>Project:</h2>
F:\OneNET_demo_code_kylin\OneNET_demo_code_kylin\OneNET_Demo_ESP8266_EDP_Picture\Project\onenetdemo.uvproj
Project File Date:  06/01/2016

<h2>Output:</h2>
Build target 'OneNET_demo_ESP8266_Picture'
compiling core_cm3.c...
compiling system_stm32f10x.c...
compiling main.c...
..\Network\esp8266\esp8266.h(13): warning:  #1-D: last line of file ends without a newline
..\User\image_2k.c(171): warning:  #1-D: last line of file ends without a newline
..\User\main.c(70): warning:  #117-D: non-void function "main" should return a value
..\User\main.c(78): warning:  #223-D: function "Recv_Thread_Func" declared implicitly
..\User\main.c(91): warning:  #167-D: argument of type "const char *" is incompatible with parameter of type "const uint8_t *"
..\User\main.c(95): warning:  #117-D: non-void function "main" should return a value
..\User\main.c(60): warning:  #177-D: label "init" was declared but never referenced
compiling stm32f10x_it.c...
..\User\stm32f10x_it.c(165): warning:  #550-D: variable "data" was set but never used
compiling misc.c...
compiling stm32f10x_exti.c...
compiling stm32f10x_flash.c...
compiling stm32f10x_gpio.c...
compiling stm32f10x_i2c.c...
compiling stm32f10x_rcc.c...
compiling stm32f10x_usart.c...
compiling usart1.c...
compiling usart2.c...
..\Hal\usart2.c(68): warning:  #167-D: argument of type "unsigned char *" is incompatible with parameter of type "const char *"
..\Hal\usart2.c(97): warning:  #167-D: argument of type "char *" is incompatible with parameter of type "uint8_t *"
..\Hal\usart2.c(100): warning:  #167-D: argument of type "unsigned char *" is incompatible with parameter of type "const char *"
compiling EdpKit.c...
..\Protocol\edp\EdpKit.c(628): warning:  #177-D: variable "valuestring" was declared but never referenced
..\Protocol\edp\EdpKit.c(630): warning:  #177-D: variable "valuestring" was declared but never referenced
..\Protocol\edp\EdpKit.c(635): warning:  #177-D: variable "valuestring" was declared but never referenced
..\Protocol\edp\EdpKit.c(637): warning:  #177-D: variable "valuestring" was declared but never referenced
..\Protocol\edp\EdpKit.c(642): warning:  #177-D: variable "valuestring" was declared but never referenced
..\Protocol\edp\EdpKit.c(644): warning:  #177-D: variable "valuestring" was declared but never referenced
compiling EdpDemo.c...
..\Network\esp8266\esp8266.h(13): warning:  #1-D: last line of file ends without a newline
..\Protocol\edp\EdpDemo.c(100): warning:  #167-D: argument of type "char *" is incompatible with parameter of type "const unsigned char *"
..\Protocol\edp\EdpDemo.c(150): warning:  #223-D: function "USART2_GetRcvNum" declared implicitly
..\Protocol\edp\EdpDemo.c(158): warning:  #223-D: function "USART2_GetRcvData" declared implicitly
..\Protocol\edp\EdpDemo.c(227): warning:  #188-D: enumerated type mixed with another type
..\Protocol\edp\EdpDemo.c(147): warning:  #177-D: variable "p" was declared but never referenced
..\Protocol\edp\EdpDemo.c(140): warning:  #177-D: variable "cmd_resp" was declared but never referenced
..\Protocol\edp\EdpDemo.c(141): warning:  #177-D: variable "cmd_resp_len" was declared but never referenced
compiling cJSON.c...
..\Utils\cJSON.c(55): warning:  #1293-D: assignment in condition
..\Utils\cJSON.c(278): warning:  #1293-D: assignment in condition
..\Utils\cJSON.c(352): warning:  #111-D: statement is unreachable
..\Utils\cJSON.c(423): warning:  #1293-D: assignment in condition
..\Utils\cJSON.c(535): warning:  #1293-D: assignment in condition
compiling utils.c...
compiling esp8266.c...
..\Network\esp8266\esp8266.h(13): warning:  #1-D: last line of file ends without a newline
..\Network\esp8266\esp8266.c(20): warning:  #1-D: last line of file ends without a newline
linking...
Program Size: Code=27644 RO-data=3828 RW-data=76 ZI-data=3076  
"..\object\onenetdemo.axf" - 0 Error(s), 32 Warning(s).
Build target 'OneNET_demo_ESP8266_Picture'
compiling main.c...
..\User\main.c(78): warning:  #223-D: function "Recv_Thread_Func" declared implicitly
..\User\main.c(91): warning:  #167-D: argument of type "const char *" is incompatible with parameter of type "const uint8_t *"
..\User\main.c(125): warning:  #111-D: statement is unreachable
..\User\main.c(60): warning:  #177-D: label "init" was declared but never referenced
compiling EdpDemo.c...
..\Protocol\edp\EdpDemo.c(100): warning:  #167-D: argument of type "char *" is incompatible with parameter of type "const unsigned char *"
..\Protocol\edp\EdpDemo.c(150): warning:  #223-D: function "USART2_GetRcvNum" declared implicitly
..\Protocol\edp\EdpDemo.c(158): warning:  #223-D: function "USART2_GetRcvData" declared implicitly
..\Protocol\edp\EdpDemo.c(227): warning:  #188-D: enumerated type mixed with another type
..\Protocol\edp\EdpDemo.c(147): warning:  #177-D: variable "p" was declared but never referenced
..\Protocol\edp\EdpDemo.c(140): warning:  #177-D: variable "cmd_resp" was declared but never referenced
..\Protocol\edp\EdpDemo.c(141): warning:  #177-D: variable "cmd_resp_len" was declared but never referenced
compiling esp8266.c...
..\Network\esp8266\esp8266.c(20): warning:  #1-D: last line of file ends without a newline
linking...
Program Size: Code=27664 RO-data=3824 RW-data=76 ZI-data=3076  
"..\object\onenetdemo.axf" - 0 Error(s), 12 Warning(s).
Build target 'OneNET_demo_ESP8266_Picture'
compiling esp8266.c...
linking...
Program Size: Code=27664 RO-data=3824 RW-data=76 ZI-data=3076  
"..\object\onenetdemo.axf" - 0 Error(s), 0 Warning(s).
Clean started: Project: 'onenetdemo'
   deleting intermediate output files for target 'OneNET_demo_ESP8266_Picture'
Build target 'OneNET_demo_ESP8266_Picture'
compiling core_cm3.c...
compiling system_stm32f10x.c...
assembling startup_stm32f10x_hd.s...
compiling main.c...
..\User\main.c(78): warning:  #223-D: function "Recv_Thread_Func" declared implicitly
..\User\main.c(91): warning:  #167-D: argument of type "const char *" is incompatible with parameter of type "const uint8_t *"
..\User\main.c(125): warning:  #111-D: statement is unreachable
..\User\main.c(60): warning:  #177-D: label "init" was declared but never referenced
compiling stm32f10x_it.c...
..\User\stm32f10x_it.c(165): warning:  #550-D: variable "data" was set but never used
compiling misc.c...
compiling stm32f10x_exti.c...
compiling stm32f10x_flash.c...
compiling stm32f10x_gpio.c...
compiling stm32f10x_i2c.c...
compiling stm32f10x_rcc.c...
compiling stm32f10x_usart.c...
compiling usart1.c...
compiling usart2.c...
..\Hal\usart2.c(68): warning:  #167-D: argument of type "unsigned char *" is incompatible with parameter of type "const char *"
..\Hal\usart2.c(97): warning:  #167-D: argument of type "char *" is incompatible with parameter of type "uint8_t *"
..\Hal\usart2.c(100): warning:  #167-D: argument of type "unsigned char *" is incompatible with parameter of type "const char *"
compiling EdpKit.c...
..\Protocol\edp\EdpKit.c(628): warning:  #177-D: variable "valuestring" was declared but never referenced
..\Protocol\edp\EdpKit.c(630): warning:  #177-D: variable "valuestring" was declared but never referenced
..\Protocol\edp\EdpKit.c(635): warning:  #177-D: variable "valuestring" was declared but never referenced
..\Protocol\edp\EdpKit.c(637): warning:  #177-D: variable "valuestring" was declared but never referenced
..\Protocol\edp\EdpKit.c(642): warning:  #177-D: variable "valuestring" was declared but never referenced
..\Protocol\edp\EdpKit.c(644): warning:  #177-D: variable "valuestring" was declared but never referenced
compiling EdpDemo.c...
..\Protocol\edp\EdpDemo.c(100): warning:  #167-D: argument of type "char *" is incompatible with parameter of type "const unsigned char *"
..\Protocol\edp\EdpDemo.c(150): warning:  #223-D: function "USART2_GetRcvNum" declared implicitly
..\Protocol\edp\EdpDemo.c(158): warning:  #223-D: function "USART2_GetRcvData" declared implicitly
..\Protocol\edp\EdpDemo.c(227): warning:  #188-D: enumerated type mixed with another type
..\Protocol\edp\EdpDemo.c(147): warning:  #177-D: variable "p" was declared but never referenced
..\Protocol\edp\EdpDemo.c(140): warning:  #177-D: variable "cmd_resp" was declared but never referenced
..\Protocol\edp\EdpDemo.c(141): warning:  #177-D: variable "cmd_resp_len" was declared but never referenced
compiling cJSON.c...
..\Utils\cJSON.c(55): warning:  #1293-D: assignment in condition
..\Utils\cJSON.c(278): warning:  #1293-D: assignment in condition
..\Utils\cJSON.c(352): warning:  #111-D: statement is unreachable
..\Utils\cJSON.c(423): warning:  #1293-D: assignment in condition
..\Utils\cJSON.c(535): warning:  #1293-D: assignment in condition
compiling utils.c...
compiling esp8266.c...
linking...
Program Size: Code=27664 RO-data=3824 RW-data=76 ZI-data=3076  
"..\object\onenetdemo.axf" - 0 Error(s), 26 Warning(s).
Build target 'OneNET_demo_ESP8266_Picture'
compiling main.c...
..\User\main.c(90): warning:  #167-D: argument of type "const char *" is incompatible with parameter of type "const uint8_t *"
..\User\main.c(124): warning:  #111-D: statement is unreachable
linking...
Program Size: Code=27664 RO-data=3824 RW-data=76 ZI-data=3076  
"..\object\onenetdemo.axf" - 0 Error(s), 2 Warning(s).
Build target 'OneNET_demo_ESP8266_Picture'
compiling system_stm32f10x.c...
compiling main.c...
..\User\main.c(124): warning:  #111-D: statement is unreachable
compiling usart2.c...
..\Hal\usart2.c(97): warning:  #167-D: argument of type "char *" is incompatible with parameter of type "uint8_t *"
..\Hal\usart2.c(100): warning:  #167-D: argument of type "unsigned char *" is incompatible with parameter of type "const char *"
linking...
Program Size: Code=27656 RO-data=3824 RW-data=76 ZI-data=3076  
"..\object\onenetdemo.axf" - 0 Error(s), 3 Warning(s).
Build target 'OneNET_demo_ESP8266_Picture'
compiling main.c...
linking...
Program Size: Code=27656 RO-data=3824 RW-data=76 ZI-data=3076  
"..\object\onenetdemo.axf" - 0 Error(s), 0 Warning(s).
Clean started: Project: 'onenetdemo'
   deleting intermediate output files for target 'OneNET_demo_ESP8266_Picture'
Build target 'OneNET_demo_ESP8266_Picture'
compiling core_cm3.c...
compiling system_stm32f10x.c...
assembling startup_stm32f10x_hd.s...
compiling main.c...
compiling stm32f10x_it.c...
..\User\stm32f10x_it.c(165): warning:  #550-D: variable "data" was set but never used
compiling misc.c...
compiling stm32f10x_exti.c...
compiling stm32f10x_flash.c...
compiling stm32f10x_gpio.c...
compiling stm32f10x_i2c.c...
compiling stm32f10x_rcc.c...
compiling stm32f10x_usart.c...
compiling usart1.c...
compiling usart2.c...
..\Hal\usart2.c(97): warning:  #167-D: argument of type "char *" is incompatible with parameter of type "uint8_t *"
..\Hal\usart2.c(100): warning:  #167-D: argument of type "unsigned char *" is incompatible with parameter of type "const char *"
compiling EdpKit.c...
..\Protocol\edp\EdpKit.c(628): warning:  #177-D: variable "valuestring" was declared but never referenced
..\Protocol\edp\EdpKit.c(630): warning:  #177-D: variable "valuestring" was declared but never referenced
..\Protocol\edp\EdpKit.c(635): warning:  #177-D: variable "valuestring" was declared but never referenced
..\Protocol\edp\EdpKit.c(637): warning:  #177-D: variable "valuestring" was declared but never referenced
..\Protocol\edp\EdpKit.c(642): warning:  #177-D: variable "valuestring" was declared but never referenced
..\Protocol\edp\EdpKit.c(644): warning:  #177-D: variable "valuestring" was declared but never referenced
compiling EdpDemo.c...
..\Protocol\edp\EdpDemo.c(100): warning:  #167-D: argument of type "char *" is incompatible with parameter of type "const unsigned char *"
..\Protocol\edp\EdpDemo.c(150): warning:  #223-D: function "USART2_GetRcvNum" declared implicitly
..\Protocol\edp\EdpDemo.c(158): warning:  #223-D: function "USART2_GetRcvData" declared implicitly
..\Protocol\edp\EdpDemo.c(227): warning:  #188-D: enumerated type mixed with another type
..\Protocol\edp\EdpDemo.c(147): warning:  #177-D: variable "p" was declared but never referenced
..\Protocol\edp\EdpDemo.c(140): warning:  #177-D: variable "cmd_resp" was declared but never referenced
..\Protocol\edp\EdpDemo.c(141): warning:  #177-D: variable "cmd_resp_len" was declared but never referenced
compiling cJSON.c...
..\Utils\cJSON.c(55): warning:  #1293-D: assignment in condition
..\Utils\cJSON.c(278): warning:  #1293-D: assignment in condition
..\Utils\cJSON.c(352): warning:  #111-D: statement is unreachable
..\Utils\cJSON.c(423): warning:  #1293-D: assignment in condition
..\Utils\cJSON.c(535): warning:  #1293-D: assignment in condition
compiling utils.c...
compiling esp8266.c...
linking...
Program Size: Code=27656 RO-data=3824 RW-data=76 ZI-data=3076  
"..\object\onenetdemo.axf" - 0 Error(s), 21 Warning(s).
Build target 'OneNET_demo_ESP8266_Picture'
compiling main.c...
compiling stm32f10x_it.c...
..\User\stm32f10x_it.c(165): warning:  #550-D: variable "data" was set but never used
compiling usart2.c...
compiling EdpDemo.c...
..\Protocol\edp\EdpDemo.c(227): warning:  #188-D: enumerated type mixed with another type
..\Protocol\edp\EdpDemo.c(147): warning:  #177-D: variable "p" was declared but never referenced
..\Protocol\edp\EdpDemo.c(140): warning:  #177-D: variable "cmd_resp" was declared but never referenced
..\Protocol\edp\EdpDemo.c(141): warning:  #177-D: variable "cmd_resp_len" was declared but never referenced
compiling esp8266.c...
linking...
Program Size: Code=27656 RO-data=3824 RW-data=76 ZI-data=3076  
"..\object\onenetdemo.axf" - 0 Error(s), 5 Warning(s).
Build target 'OneNET_demo_ESP8266_Picture'
linking...
Program Size: Code=27656 RO-data=3824 RW-data=76 ZI-data=3076  
"..\object\onenetdemo.axf" - 0 Error(s), 0 Warning(s).
Build target 'OneNET_demo_ESP8266_Picture'
linking...
Program Size: Code=27656 RO-data=3824 RW-data=76 ZI-data=3076  
"..\object\onenetdemo.axf" - 0 Error(s), 0 Warning(s).
Clean started: Project: 'onenetdemo'
   deleting intermediate output files for target 'OneNET_demo_ESP8266_Picture'
Build target 'OneNET_demo_ESP8266_Picture'
compiling core_cm3.c...
compiling system_stm32f10x.c...
assembling startup_stm32f10x_hd.s...
compiling main.c...
compiling stm32f10x_it.c...
..\User\stm32f10x_it.c(165): warning:  #550-D: variable "data" was set but never used
compiling misc.c...
compiling stm32f10x_exti.c...
compiling stm32f10x_flash.c...
compiling stm32f10x_gpio.c...
compiling stm32f10x_i2c.c...
compiling stm32f10x_rcc.c...
compiling stm32f10x_usart.c...
compiling usart1.c...
compiling usart2.c...
compiling EdpKit.c...
..\Protocol\edp\EdpKit.c(628): warning:  #177-D: variable "valuestring" was declared but never referenced
..\Protocol\edp\EdpKit.c(630): warning:  #177-D: variable "valuestring" was declared but never referenced
..\Protocol\edp\EdpKit.c(635): warning:  #177-D: variable "valuestring" was declared but never referenced
..\Protocol\edp\EdpKit.c(637): warning:  #177-D: variable "valuestring" was declared but never referenced
..\Protocol\edp\EdpKit.c(642): warning:  #177-D: variable "valuestring" was declared but never referenced
..\Protocol\edp\EdpKit.c(644): warning:  #177-D: variable "valuestring" was declared but never referenced
compiling EdpDemo.c...
..\Protocol\edp\EdpDemo.c(227): warning:  #188-D: enumerated type mixed with another type
..\Protocol\edp\EdpDemo.c(147): warning:  #177-D: variable "p" was declared but never referenced
..\Protocol\edp\EdpDemo.c(140): warning:  #177-D: variable "cmd_resp" was declared but never referenced
..\Protocol\edp\EdpDemo.c(141): warning:  #177-D: variable "cmd_resp_len" was declared but never referenced
compiling cJSON.c...
..\Utils\cJSON.c(55): warning:  #1293-D: assignment in condition
..\Utils\cJSON.c(278): warning:  #1293-D: assignment in condition
..\Utils\cJSON.c(352): warning:  #111-D: statement is unreachable
..\Utils\cJSON.c(423): warning:  #1293-D: assignment in condition
..\Utils\cJSON.c(535): warning:  #1293-D: assignment in condition
compiling utils.c...
compiling esp8266.c...
linking...
Program Size: Code=27656 RO-data=3824 RW-data=76 ZI-data=3076  
"..\object\onenetdemo.axf" - 0 Error(s), 16 Warning(s).
Build target 'OneNET_demo_ESP8266_Picture'
compiling EdpDemo.c...
..\Protocol\edp\EdpDemo.c(226): warning:  #188-D: enumerated type mixed with another type
..\Protocol\edp\EdpDemo.c(140): warning:  #177-D: variable "cmd_resp" was declared but never referenced
..\Protocol\edp\EdpDemo.c(141): warning:  #177-D: variable "cmd_resp_len" was declared but never referenced
linking...
Program Size: Code=27656 RO-data=3824 RW-data=76 ZI-data=3076  
"..\object\onenetdemo.axf" - 0 Error(s), 3 Warning(s).
Build target 'OneNET_demo_ESP8266_Picture'
compiling EdpDemo.c...
..\Protocol\edp\EdpDemo.c(222): warning:  #188-D: enumerated type mixed with another type
linking...
Program Size: Code=27644 RO-data=3828 RW-data=76 ZI-data=3076  
"..\object\onenetdemo.axf" - 0 Error(s), 1 Warning(s).
Clean started: Project: 'onenetdemo'
   deleting intermediate output files for target 'OneNET_demo_ESP8266_Picture'
Build target 'OneNET_demo_ESP8266_Picture'
compiling core_cm3.c...
compiling system_stm32f10x.c...
assembling startup_stm32f10x_hd.s...
compiling main.c...
compiling stm32f10x_it.c...
..\User\stm32f10x_it.c(165): warning:  #550-D: variable "data" was set but never used
compiling misc.c...
compiling stm32f10x_exti.c...
compiling stm32f10x_flash.c...
compiling stm32f10x_gpio.c...
compiling stm32f10x_i2c.c...
compiling stm32f10x_rcc.c...
compiling stm32f10x_usart.c...
compiling usart1.c...
compiling usart2.c...
compiling EdpKit.c...
..\Protocol\edp\EdpKit.c(628): warning:  #177-D: variable "valuestring" was declared but never referenced
..\Protocol\edp\EdpKit.c(630): warning:  #177-D: variable "valuestring" was declared but never referenced
..\Protocol\edp\EdpKit.c(635): warning:  #177-D: variable "valuestring" was declared but never referenced
..\Protocol\edp\EdpKit.c(637): warning:  #177-D: variable "valuestring" was declared but never referenced
..\Protocol\edp\EdpKit.c(642): warning:  #177-D: variable "valuestring" was declared but never referenced
..\Protocol\edp\EdpKit.c(644): warning:  #177-D: variable "valuestring" was declared but never referenced
compiling EdpDemo.c...
..\Protocol\edp\EdpDemo.c(222): warning:  #188-D: enumerated type mixed with another type
compiling cJSON.c...
..\Utils\cJSON.c(55): warning:  #1293-D: assignment in condition
..\Utils\cJSON.c(278): warning:  #1293-D: assignment in condition
..\Utils\cJSON.c(352): warning:  #111-D: statement is unreachable
..\Utils\cJSON.c(423): warning:  #1293-D: assignment in condition
..\Utils\cJSON.c(535): warning:  #1293-D: assignment in condition
compiling utils.c...
compiling esp8266.c...
linking...
Program Size: Code=27644 RO-data=3828 RW-data=76 ZI-data=3076  
"..\object\onenetdemo.axf" - 0 Error(s), 13 Warning(s).
Build target 'OneNET_demo_ESP8266_Picture'
linking...
Program Size: Code=27644 RO-data=3828 RW-data=76 ZI-data=3076  
"..\object\onenetdemo.axf" - 0 Error(s), 0 Warning(s).
Load "..\\object\\onenetdemo.AXF" 
Erase Done.
Programming Done.
Verify OK.
Clean started: Project: 'onenetdemo'
   deleting intermediate output files for target 'OneNET_demo_ESP8266_Picture'
