<html>
<body>
<pre>
<h1>µVision Build Log</h1>
<h2>Project:</h2>
F:\OneNET_demo_code_kylin\OneNET_demo_code_kylin\OneNET_Demo_ESP8266_EDP_Led\Project\onenetdemo.uvproj
Project File Date:  06/01/2016

<h2>Output:</h2>
Build target 'Target 1'
compiling core_cm3.c...
compiling system_stm32f10x.c...
assembling startup_stm32f10x_hd.s...
compiling main.c...
..\EDP\edpkit.h(111): warning:  #1295-D: Deprecated declaration NewBuffer - give arg types
compiling stm32f10x_it.c...
..\User\stm32f10x_it.c(167): warning:  #550-D: variable "data" was set but never used
..\User\stm32f10x_it.c(214): warning:  #223-D: function "LED_CmdCtl" declared implicitly
..\User\stm32f10x_it.c(215): warning:  #223-D: function "memset" declared implicitly
compiling misc.c...
compiling stm32f10x_exti.c...
compiling stm32f10x_flash.c...
compiling stm32f10x_gpio.c...
compiling stm32f10x_i2c.c...
compiling stm32f10x_rcc.c...
compiling stm32f10x_usart.c...
compiling usart1.c...
..\EDP\edpkit.h(111): warning:  #1295-D: Deprecated declaration NewBuffer - give arg types
compiling usart2.c...
..\EDP\edpkit.h(111): warning:  #1295-D: Deprecated declaration NewBuffer - give arg types
compiling led.c...
..\EDP\edpkit.h(111): warning:  #1295-D: Deprecated declaration NewBuffer - give arg types
..\Driver\led.c(38): warning:  #167-D: argument of type "unsigned char *" is incompatible with parameter of type "const char *"
..\Driver\led.c(43): warning:  #167-D: argument of type "unsigned char *" is incompatible with parameter of type "const char *"
..\Driver\led.c(48): warning:  #167-D: argument of type "unsigned char *" is incompatible with parameter of type "const char *"
..\Driver\led.c(53): warning:  #167-D: argument of type "unsigned char *" is incompatible with parameter of type "const char *"
..\Driver\led.c(59): warning:  #167-D: argument of type "unsigned char *" is incompatible with parameter of type "const char *"
..\Driver\led.c(64): warning:  #167-D: argument of type "unsigned char *" is incompatible with parameter of type "const char *"
..\Driver\led.c(69): warning:  #167-D: argument of type "unsigned char *" is incompatible with parameter of type "const char *"
..\Driver\led.c(74): warning:  #167-D: argument of type "unsigned char *" is incompatible with parameter of type "const char *"
compiling key.c...
..\EDP\edpkit.h(111): warning:  #1295-D: Deprecated declaration NewBuffer - give arg types
compiling cJSON.c...
..\EDP\cJSON.c(55): warning:  #1293-D: assignment in condition
..\EDP\cJSON.c(220): warning:  #1293-D: assignment in condition
..\EDP\cJSON.c(337): warning:  #1293-D: assignment in condition
..\EDP\cJSON.c(427): warning:  #1293-D: assignment in condition
compiling EdpKit.c...
..\EDP\EdpKit.h(111): warning:  #1295-D: Deprecated declaration NewBuffer - give arg types
..\EDP\EdpKit.c(269): warning:  #177-D: variable "timinfo" was declared but never referenced
..\EDP\EdpKit.c(549): warning:  #174-D: expression has no effect
..\EDP\EdpKit.c(602): warning:  #177-D: variable "valuestring" was declared but never referenced
..\EDP\EdpKit.c(604): warning:  #177-D: variable "valuestring" was declared but never referenced
..\EDP\EdpKit.c(609): warning:  #177-D: variable "valuestring" was declared but never referenced
..\EDP\EdpKit.c(611): warning:  #177-D: variable "valuestring" was declared but never referenced
..\EDP\EdpKit.c(616): warning:  #177-D: variable "valuestring" was declared but never referenced
..\EDP\EdpKit.c(618): warning:  #177-D: variable "valuestring" was declared but never referenced
compiling esp8266.c...
..\EDP\edpkit.h(111): warning:  #1295-D: Deprecated declaration NewBuffer - give arg types
..\Network\esp8266.c(85): warning:  #167-D: argument of type "unsigned char *" is incompatible with parameter of type "const char *"
..\Network\esp8266.c(88): warning:  #167-D: argument of type "char *" is incompatible with parameter of type "uint8_t *"
..\Network\esp8266.c(93): warning:  #167-D: argument of type "unsigned char *" is incompatible with parameter of type "const char *"
..\Network\esp8266.c(112): warning:  #167-D: argument of type "unsigned char *" is incompatible with parameter of type "const char *"
..\Network\esp8266.c(120): warning:  #167-D: argument of type "unsigned char *" is incompatible with parameter of type "const char *"
..\Network\esp8266.c(145): warning:  #167-D: argument of type "unsigned char *" is incompatible with parameter of type "const char *"
..\Network\esp8266.c(153): warning:  #167-D: argument of type "unsigned char *" is incompatible with parameter of type "const char *"
..\Network\esp8266.c(158): warning:  #167-D: argument of type "unsigned char *" is incompatible with parameter of type "const char *"
..\Network\esp8266.c(163): warning:  #167-D: argument of type "unsigned char *" is incompatible with parameter of type "const char *"
..\Network\esp8266.c(168): warning:  #167-D: argument of type "unsigned char *" is incompatible with parameter of type "const char *"
..\Network\esp8266.c(173): warning:  #167-D: argument of type "unsigned char *" is incompatible with parameter of type "const char *"
..\Network\esp8266.c(194): warning:  #167-D: argument of type "unsigned char *" is incompatible with parameter of type "const char *"
..\Network\esp8266.c(201): warning:  #167-D: argument of type "unsigned char *" is incompatible with parameter of type "const char *"
linking...
Program Size: Code=27100 RO-data=492 RW-data=88 ZI-data=3840  
"..\object\onenetdemo.axf" - 0 Error(s), 43 Warning(s).
Build target 'Target 1'
compiling main.c...
compiling usart1.c...
compiling usart2.c...
compiling led.c...
..\Driver\led.c(38): warning:  #167-D: argument of type "unsigned char *" is incompatible with parameter of type "const char *"
..\Driver\led.c(43): warning:  #167-D: argument of type "unsigned char *" is incompatible with parameter of type "const char *"
..\Driver\led.c(48): warning:  #167-D: argument of type "unsigned char *" is incompatible with parameter of type "const char *"
..\Driver\led.c(53): warning:  #167-D: argument of type "unsigned char *" is incompatible with parameter of type "const char *"
..\Driver\led.c(59): warning:  #167-D: argument of type "unsigned char *" is incompatible with parameter of type "const char *"
..\Driver\led.c(64): warning:  #167-D: argument of type "unsigned char *" is incompatible with parameter of type "const char *"
..\Driver\led.c(69): warning:  #167-D: argument of type "unsigned char *" is incompatible with parameter of type "const char *"
..\Driver\led.c(74): warning:  #167-D: argument of type "unsigned char *" is incompatible with parameter of type "const char *"
compiling key.c...
compiling EdpKit.c...
..\EDP\EdpKit.c(269): warning:  #177-D: variable "timinfo" was declared but never referenced
..\EDP\EdpKit.c(549): warning:  #174-D: expression has no effect
..\EDP\EdpKit.c(602): warning:  #177-D: variable "valuestring" was declared but never referenced
..\EDP\EdpKit.c(604): warning:  #177-D: variable "valuestring" was declared but never referenced
..\EDP\EdpKit.c(609): warning:  #177-D: variable "valuestring" was declared but never referenced
..\EDP\EdpKit.c(611): warning:  #177-D: variable "valuestring" was declared but never referenced
..\EDP\EdpKit.c(616): warning:  #177-D: variable "valuestring" was declared but never referenced
..\EDP\EdpKit.c(618): warning:  #177-D: variable "valuestring" was declared but never referenced
compiling esp8266.c...
..\Network\esp8266.c(85): warning:  #167-D: argument of type "unsigned char *" is incompatible with parameter of type "const char *"
..\Network\esp8266.c(88): warning:  #167-D: argument of type "char *" is incompatible with parameter of type "uint8_t *"
..\Network\esp8266.c(93): warning:  #167-D: argument of type "unsigned char *" is incompatible with parameter of type "const char *"
..\Network\esp8266.c(112): warning:  #167-D: argument of type "unsigned char *" is incompatible with parameter of type "const char *"
..\Network\esp8266.c(120): warning:  #167-D: argument of type "unsigned char *" is incompatible with parameter of type "const char *"
..\Network\esp8266.c(145): warning:  #167-D: argument of type "unsigned char *" is incompatible with parameter of type "const char *"
..\Network\esp8266.c(153): warning:  #167-D: argument of type "unsigned char *" is incompatible with parameter of type "const char *"
..\Network\esp8266.c(158): warning:  #167-D: argument of type "unsigned char *" is incompatible with parameter of type "const char *"
..\Network\esp8266.c(163): warning:  #167-D: argument of type "unsigned char *" is incompatible with parameter of type "const char *"
..\Network\esp8266.c(168): warning:  #167-D: argument of type "unsigned char *" is incompatible with parameter of type "const char *"
..\Network\esp8266.c(173): warning:  #167-D: argument of type "unsigned char *" is incompatible with parameter of type "const char *"
..\Network\esp8266.c(194): warning:  #167-D: argument of type "unsigned char *" is incompatible with parameter of type "const char *"
..\Network\esp8266.c(201): warning:  #167-D: argument of type "unsigned char *" is incompatible with parameter of type "const char *"
linking...
Program Size: Code=27100 RO-data=492 RW-data=88 ZI-data=3840  
"..\object\onenetdemo.axf" - 0 Error(s), 29 Warning(s).
Clean started: Project: 'onenetdemo'
   deleting intermediate output files for target 'Target 1'
Build target 'Target 1'
compiling core_cm3.c...
compiling system_stm32f10x.c...
assembling startup_stm32f10x_hd.s...
compiling main.c...
compiling stm32f10x_it.c...
..\User\stm32f10x_it.c(167): warning:  #550-D: variable "data" was set but never used
..\User\stm32f10x_it.c(214): warning:  #223-D: function "LED_CmdCtl" declared implicitly
..\User\stm32f10x_it.c(215): warning:  #223-D: function "memset" declared implicitly
compiling misc.c...
compiling stm32f10x_exti.c...
compiling stm32f10x_flash.c...
compiling stm32f10x_gpio.c...
compiling stm32f10x_i2c.c...
compiling stm32f10x_rcc.c...
compiling stm32f10x_usart.c...
compiling usart1.c...
compiling usart2.c...
compiling led.c...
compiling key.c...
compiling cJSON.c...
..\EDP\cJSON.c(55): warning:  #1293-D: assignment in condition
..\EDP\cJSON.c(220): warning:  #1293-D: assignment in condition
..\EDP\cJSON.c(337): warning:  #1293-D: assignment in condition
..\EDP\cJSON.c(427): warning:  #1293-D: assignment in condition
compiling EdpKit.c...
..\EDP\EdpKit.c(548): warning:  #174-D: expression has no effect
..\EDP\EdpKit.c(601): warning:  #177-D: variable "valuestring" was declared but never referenced
..\EDP\EdpKit.c(603): warning:  #177-D: variable "valuestring" was declared but never referenced
..\EDP\EdpKit.c(608): warning:  #177-D: variable "valuestring" was declared but never referenced
..\EDP\EdpKit.c(610): warning:  #177-D: variable "valuestring" was declared but never referenced
..\EDP\EdpKit.c(615): warning:  #177-D: variable "valuestring" was declared but never referenced
..\EDP\EdpKit.c(617): warning:  #177-D: variable "valuestring" was declared but never referenced
compiling esp8266.c...
..\Network\esp8266.c(194): warning:  #167-D: argument of type "unsigned char *" is incompatible with parameter of type "const char *"
..\Network\esp8266.c(201): warning:  #167-D: argument of type "unsigned char *" is incompatible with parameter of type "const char *"
linking...
Program Size: Code=27088 RO-data=488 RW-data=88 ZI-data=3840  
"..\object\onenetdemo.axf" - 0 Error(s), 16 Warning(s).
Build target 'Target 1'
compiling stm32f10x_it.c...
..\User\stm32f10x_it.c(167): warning:  #550-D: variable "data" was set but never used
..\User\stm32f10x_it.c(216): warning:  #223-D: function "memset" declared implicitly
compiling EdpKit.c...
..\EDP\EdpKit.c(601): warning:  #177-D: variable "valuestring" was declared but never referenced
..\EDP\EdpKit.c(603): warning:  #177-D: variable "valuestring" was declared but never referenced
..\EDP\EdpKit.c(608): warning:  #177-D: variable "valuestring" was declared but never referenced
..\EDP\EdpKit.c(610): warning:  #177-D: variable "valuestring" was declared but never referenced
..\EDP\EdpKit.c(615): warning:  #177-D: variable "valuestring" was declared but never referenced
..\EDP\EdpKit.c(617): warning:  #177-D: variable "valuestring" was declared but never referenced
compiling esp8266.c...
linking...
Program Size: Code=27080 RO-data=488 RW-data=88 ZI-data=3840  
"..\object\onenetdemo.axf" - 0 Error(s), 8 Warning(s).
Build target 'Target 1'
compiling stm32f10x_it.c...
..\User\stm32f10x_it.c(167): warning:  #550-D: variable "data" was set but never used
..\User\stm32f10x_it.c(216): warning:  #223-D: function "memset" declared implicitly
linking...
Program Size: Code=27080 RO-data=488 RW-data=88 ZI-data=3840  
"..\object\onenetdemo.axf" - 0 Error(s), 2 Warning(s).
Build target 'Target 1'
compiling stm32f10x_it.c...
..\User\stm32f10x_it.c(168): warning:  #550-D: variable "data" was set but never used
linking...
Program Size: Code=27080 RO-data=488 RW-data=88 ZI-data=3840  
"..\object\onenetdemo.axf" - 0 Error(s), 1 Warning(s).
Clean started: Project: 'onenetdemo'
   deleting intermediate output files for target 'Target 1'
Build target 'Target 1'
compiling core_cm3.c...
compiling system_stm32f10x.c...
assembling startup_stm32f10x_hd.s...
compiling main.c...
compiling stm32f10x_it.c...
..\User\stm32f10x_it.c(168): warning:  #550-D: variable "data" was set but never used
compiling misc.c...
compiling stm32f10x_exti.c...
compiling stm32f10x_flash.c...
compiling stm32f10x_gpio.c...
compiling stm32f10x_i2c.c...
compiling stm32f10x_rcc.c...
compiling stm32f10x_usart.c...
compiling usart1.c...
compiling usart2.c...
compiling led.c...
compiling key.c...
compiling cJSON.c...
..\EDP\cJSON.c(55): warning:  #1293-D: assignment in condition
..\EDP\cJSON.c(220): warning:  #1293-D: assignment in condition
..\EDP\cJSON.c(337): warning:  #1293-D: assignment in condition
..\EDP\cJSON.c(427): warning:  #1293-D: assignment in condition
compiling EdpKit.c...
..\EDP\EdpKit.c(601): warning:  #177-D: variable "valuestring" was declared but never referenced
..\EDP\EdpKit.c(603): warning:  #177-D: variable "valuestring" was declared but never referenced
..\EDP\EdpKit.c(608): warning:  #177-D: variable "valuestring" was declared but never referenced
..\EDP\EdpKit.c(610): warning:  #177-D: variable "valuestring" was declared but never referenced
..\EDP\EdpKit.c(615): warning:  #177-D: variable "valuestring" was declared but never referenced
..\EDP\EdpKit.c(617): warning:  #177-D: variable "valuestring" was declared but never referenced
compiling esp8266.c...
linking...
Program Size: Code=27080 RO-data=488 RW-data=88 ZI-data=3840  
"..\object\onenetdemo.axf" - 0 Error(s), 11 Warning(s).
Build target 'Target 1'
compiling system_stm32f10x.c...
linking...
Program Size: Code=27080 RO-data=488 RW-data=88 ZI-data=3840  
"..\object\onenetdemo.axf" - 0 Error(s), 0 Warning(s).
Load "..\\object\\onenetdemo.AXF" 
Internal DLL Error
Build target 'Target 1'
linking...
Program Size: Code=27080 RO-data=488 RW-data=88 ZI-data=3840  
"..\object\onenetdemo.axf" - 0 Error(s), 0 Warning(s).
Load "..\\object\\onenetdemo.AXF" 
Internal DLL Error
Load "..\\object\\onenetdemo.AXF" 
Erase Done.
Programming Done.
Verify OK.
Clean started: Project: 'onenetdemo'
   deleting intermediate output files for target 'Target 1'
