<html>
<body>
<pre>
<h1>µVision Build Log</h1>
<h2>Project:</h2>
F:\OneNET_demo_code_kylin\OneNET_demo_code_kylin\OneNET_Demo_ESP8266_EDP_Led\Project\onenetdemo.uvproj
Project File Date:  06/01/2016

<h2>Output:</h2>
Build target 'Target 1'
compiling core_cm3.c...
compiling system_stm32f10x.c...
assembling startup_stm32f10x_hd.s...
compiling main.c...
compiling stm32f10x_it.c...
compiling misc.c...
compiling stm32f10x_exti.c...
compiling stm32f10x_flash.c...
compiling stm32f10x_gpio.c...
compiling stm32f10x_i2c.c...
compiling stm32f10x_rcc.c...
compiling stm32f10x_usart.c...
compiling usart1.c...
compiling usart2.c...
compiling led.c...
compiling key.c...
compiling cJSON.c...
compiling EdpKit.c...
..\EDP\EdpKit.c(601): warning:  #177-D: variable "valuestring" was declared but never referenced
..\EDP\EdpKit.c(603): warning:  #177-D: variable "valuestring" was declared but never referenced
..\EDP\EdpKit.c(608): warning:  #177-D: variable "valuestring" was declared but never referenced
..\EDP\EdpKit.c(610): warning:  #177-D: variable "valuestring" was declared but never referenced
..\EDP\EdpKit.c(615): warning:  #177-D: variable "valuestring" was declared but never referenced
..\EDP\EdpKit.c(617): warning:  #177-D: variable "valuestring" was declared but never referenced
compiling esp8266.c...
linking...
Program Size: Code=28504 RO-data=488 RW-data=88 ZI-data=3840  
"..\object\onenetdemo.axf" - 0 Error(s), 6 Warning(s).
Build target 'Target 1'
compiling EdpKit.c...
..\EDP\EdpKit.c(598): error:  #20: identifier "int32_t" is undefined
..\EDP\EdpKit.c(600): error:  #20: identifier "int32_t" is undefined
..\EDP\EdpKit.c(602): error:  #20: identifier "int32_t" is undefined
..\EDP\EdpKit.c(605): error:  #20: identifier "int32_t" is undefined
..\EDP\EdpKit.c(607): error:  #20: identifier "int32_t" is undefined
..\EDP\EdpKit.c(609): error:  #20: identifier "int32_t" is undefined
..\EDP\EdpKit.c(612): error:  #20: identifier "int32_t" is undefined
..\EDP\EdpKit.c(614): error:  #20: identifier "int32_t" is undefined
..\EDP\EdpKit.c(616): error:  #20: identifier "int32_t" is undefined
..\EDP\EdpKit.c(619): error:  #20: identifier "int32_t" is undefined
..\EDP\EdpKit.c(619): error:  #20: identifier "int32_t" is undefined
..\EDP\EdpKit.c(619): warning:  #1166-D: returning pointer to local variable
..\EDP\EdpKit.c(620): error:  #20: identifier "int32_t" is undefined
..\EDP\EdpKit.c(620): error:  #20: identifier "int32_t" is undefined
..\EDP\EdpKit.c(620): warning:  #1166-D: returning pointer to local variable
..\EDP\EdpKit.c(621): error:  #20: identifier "int32_t" is undefined
..\EDP\EdpKit.c(621): error:  #20: identifier "int32_t" is undefined
..\EDP\EdpKit.c(621): warning:  #1166-D: returning pointer to local variable
Target not created
Build target 'Target 1'
compiling EdpKit.c...
..\EDP\EdpKit.c(599): error:  #20: identifier "int32_t" is undefined
..\EDP\EdpKit.c(601): error:  #20: identifier "int32_t" is undefined
..\EDP\EdpKit.c(603): error:  #20: identifier "int32_t" is undefined
..\EDP\EdpKit.c(606): error:  #20: identifier "int32_t" is undefined
..\EDP\EdpKit.c(608): error:  #20: identifier "int32_t" is undefined
..\EDP\EdpKit.c(610): error:  #20: identifier "int32_t" is undefined
..\EDP\EdpKit.c(613): error:  #20: identifier "int32_t" is undefined
..\EDP\EdpKit.c(615): error:  #20: identifier "int32_t" is undefined
..\EDP\EdpKit.c(617): error:  #20: identifier "int32_t" is undefined
..\EDP\EdpKit.c(620): error:  #20: identifier "int32_t" is undefined
..\EDP\EdpKit.c(620): error:  #20: identifier "int32_t" is undefined
..\EDP\EdpKit.c(620): warning:  #1166-D: returning pointer to local variable
..\EDP\EdpKit.c(621): error:  #20: identifier "int32_t" is undefined
..\EDP\EdpKit.c(621): error:  #20: identifier "int32_t" is undefined
..\EDP\EdpKit.c(621): warning:  #1166-D: returning pointer to local variable
..\EDP\EdpKit.c(622): error:  #20: identifier "int32_t" is undefined
..\EDP\EdpKit.c(622): error:  #20: identifier "int32_t" is undefined
..\EDP\EdpKit.c(622): warning:  #1166-D: returning pointer to local variable
Target not created
Build target 'Target 1'
compiling EdpKit.c...
linking...
Program Size: Code=28516 RO-data=492 RW-data=88 ZI-data=3840  
"..\object\onenetdemo.axf" - 0 Error(s), 0 Warning(s).
Clean started: Project: 'onenetdemo'
   deleting intermediate output files for target 'Target 1'
Build target 'Target 1'
compiling core_cm3.c...
compiling system_stm32f10x.c...
assembling startup_stm32f10x_hd.s...
compiling main.c...
compiling stm32f10x_it.c...
compiling misc.c...
compiling stm32f10x_exti.c...
compiling stm32f10x_flash.c...
compiling stm32f10x_gpio.c...
compiling stm32f10x_i2c.c...
compiling stm32f10x_rcc.c...
compiling stm32f10x_usart.c...
compiling usart1.c...
compiling usart2.c...
compiling led.c...
compiling key.c...
compiling cJSON.c...
compiling EdpKit.c...
compiling esp8266.c...
linking...
Program Size: Code=28516 RO-data=492 RW-data=88 ZI-data=3840  
"..\object\onenetdemo.axf" - 0 Error(s), 0 Warning(s).
Load "..\\object\\onenetdemo.AXF" 
Erase Done.
Programming Done.
Verify OK.
Clean started: Project: 'onenetdemo'
   deleting intermediate output files for target 'Target 1'
Clean started: Project: 'onenetdemo'
   deleting intermediate output files for target 'Target 1'
