<html>
<body>
<pre>
<h1>µVision Build Log</h1>
<h2>Project:</h2>
F:\OneNET_demo_code_kylin\OneNET_demo_code_kylin\OneNET_Demo_ESP8266_EDP_Push\Project\onenetdemo.uvproj
Project File Date:  06/01/2016

<h2>Output:</h2>
Build target 'OneNET_Demo_ESP8266_EDP_Push'
compiling core_cm3.c...
compiling system_stm32f10x.c...
assembling startup_stm32f10x_hd.s...
compiling main.c...
compiling stm32f10x_it.c...
compiling misc.c...
compiling stm32f10x_exti.c...
compiling stm32f10x_flash.c...
compiling stm32f10x_gpio.c...
compiling stm32f10x_i2c.c...
compiling stm32f10x_rcc.c...
compiling stm32f10x_usart.c...
compiling usart1.c...
compiling usart2.c...
compiling EdpDemo.c...
..\Protocol\edp\EdpDemo.c(226): warning:  #188-D: enumerated type mixed with another type
compiling EdpKit.c...
..\Protocol\edp\EdpKit.c(629): warning:  #177-D: variable "valuestring" was declared but never referenced
..\Protocol\edp\EdpKit.c(631): warning:  #177-D: variable "valuestring" was declared but never referenced
..\Protocol\edp\EdpKit.c(636): warning:  #177-D: variable "valuestring" was declared but never referenced
..\Protocol\edp\EdpKit.c(638): warning:  #177-D: variable "valuestring" was declared but never referenced
..\Protocol\edp\EdpKit.c(643): warning:  #177-D: variable "valuestring" was declared but never referenced
..\Protocol\edp\EdpKit.c(645): warning:  #177-D: variable "valuestring" was declared but never referenced
compiling cJSON.c...
compiling utils.c...
compiling esp8266.c...
linking...
Program Size: Code=27380 RO-data=1244 RW-data=80 ZI-data=3072  
"..\object\onenetdemo.axf" - 0 Error(s), 7 Warning(s).
Build target 'OneNET_Demo_ESP8266_EDP_Push'
compiling EdpDemo.c...
compiling EdpKit.c...
linking...
Program Size: Code=27392 RO-data=1240 RW-data=80 ZI-data=3072  
"..\object\onenetdemo.axf" - 0 Error(s), 0 Warning(s).
Clean started: Project: 'onenetdemo'
   deleting intermediate output files for target 'OneNET_Demo_ESP8266_EDP_Push'
Build target 'OneNET_Demo_ESP8266_EDP_Push'
compiling core_cm3.c...
compiling system_stm32f10x.c...
assembling startup_stm32f10x_hd.s...
compiling main.c...
compiling stm32f10x_it.c...
compiling misc.c...
compiling stm32f10x_exti.c...
compiling stm32f10x_flash.c...
compiling stm32f10x_gpio.c...
compiling stm32f10x_i2c.c...
compiling stm32f10x_rcc.c...
compiling stm32f10x_usart.c...
compiling usart1.c...
compiling usart2.c...
compiling EdpDemo.c...
compiling EdpKit.c...
compiling cJSON.c...
compiling utils.c...
compiling esp8266.c...
linking...
Program Size: Code=27392 RO-data=1240 RW-data=80 ZI-data=3072  
"..\object\onenetdemo.axf" - 0 Error(s), 0 Warning(s).
Load "..\\object\\onenetdemo.AXF" 
Build target 'OneNET_Demo_ESP8266_EDP_Push'
compiling main.c...
compiling EdpDemo.c...
compiling esp8266.c...
linking...
Program Size: Code=27408 RO-data=1240 RW-data=80 ZI-data=3072  
"..\object\onenetdemo.axf" - 0 Error(s), 0 Warning(s).
Load "..\\object\\onenetdemo.AXF" 
Erase Done.
Programming Done.
Verify OK.
Build target 'OneNET_Demo_ESP8266_EDP_Push'
compiling main.c...
compiling EdpDemo.c...
compiling esp8266.c...
linking...
Program Size: Code=27392 RO-data=1240 RW-data=80 ZI-data=3072  
"..\object\onenetdemo.axf" - 0 Error(s), 0 Warning(s).
Clean started: Project: 'onenetdemo'
   deleting intermediate output files for target 'OneNET_Demo_ESP8266_EDP_Push'
