<html>
<body>
<pre>
<h1>µVision Build Log</h1>
<h2>Project:</h2>
F:\OneNET_demo_code_kylin\OneNET_demo_code_kylin\OneNET_Demo_ESP8266_EDP_Push\Project\onenetdemo.uvproj
Project File Date:  06/01/2016

<h2>Output:</h2>
Build target 'OneNET_Demo_ESP8266_EDP_Push'
compiling core_cm3.c...
compiling system_stm32f10x.c...
compiling main.c...
..\User\main.c(56): warning:  #223-D: function "ESP8266_Init" declared implicitly
..\User\main.c(62): warning:  #223-D: function "sendPkt" declared implicitly
..\User\main.c(64): warning:  #223-D: function "Recv_Thread_Func" declared implicitly
..\User\main.c(54): warning:  #177-D: label "init" was declared but never referenced
compiling stm32f10x_it.c...
..\User\stm32f10x_it.c(165): warning:  #550-D: variable "data" was set but never used
compiling misc.c...
compiling stm32f10x_adc.c...
compiling stm32f10x_bkp.c...
compiling stm32f10x_can.c...
compiling stm32f10x_cec.c...
compiling stm32f10x_crc.c...
compiling stm32f10x_dac.c...
compiling stm32f10x_dbgmcu.c...
compiling stm32f10x_dma.c...
compiling stm32f10x_exti.c...
compiling stm32f10x_flash.c...
compiling stm32f10x_fsmc.c...
compiling stm32f10x_gpio.c...
compiling stm32f10x_i2c.c...
compiling stm32f10x_iwdg.c...
compiling stm32f10x_pwr.c...
compiling stm32f10x_rcc.c...
compiling stm32f10x_rtc.c...
compiling stm32f10x_sdio.c...
compiling stm32f10x_spi.c...
compiling stm32f10x_tim.c...
compiling stm32f10x_usart.c...
compiling stm32f10x_wwdg.c...
compiling usart1.c...
compiling usart2.c...
..\Hal\usart2.c(68): warning:  #167-D: argument of type "unsigned char *" is incompatible with parameter of type "const char *"
..\Hal\usart2.c(97): warning:  #167-D: argument of type "char *" is incompatible with parameter of type "uint8_t *"
..\Hal\usart2.c(100): warning:  #167-D: argument of type "unsigned char *" is incompatible with parameter of type "const char *"
compiling EdpDemo.c...
..\Network\esp8266\esp8266.h(14): warning:  #1-D: last line of file ends without a newline
..\Protocol\edp\EdpDemo.c(99): warning:  #167-D: argument of type "char *" is incompatible with parameter of type "const unsigned char *"
..\Protocol\edp\EdpDemo.c(153): warning:  #223-D: function "USART2_GetRcvNum" declared implicitly
..\Protocol\edp\EdpDemo.c(156): warning:  #223-D: function "USART2_GetRcvData" declared implicitly
..\Protocol\edp\EdpDemo.c(166): warning:  #167-D: argument of type "uint8_t *" is incompatible with parameter of type "char *"
..\Protocol\edp\EdpDemo.c(231): warning:  #188-D: enumerated type mixed with another type
..\Protocol\edp\EdpDemo.c(121): warning:  #177-D: variable "len" was declared but never referenced
..\Protocol\edp\EdpDemo.c(142): warning:  #177-D: variable "cmd_resp" was declared but never referenced
..\Protocol\edp\EdpDemo.c(143): warning:  #177-D: variable "cmd_resp_len" was declared but never referenced
compiling EdpKit.c...
..\Protocol\edp\EdpKit.c(629): warning:  #177-D: variable "valuestring" was declared but never referenced
..\Protocol\edp\EdpKit.c(631): warning:  #177-D: variable "valuestring" was declared but never referenced
..\Protocol\edp\EdpKit.c(636): warning:  #177-D: variable "valuestring" was declared but never referenced
..\Protocol\edp\EdpKit.c(638): warning:  #177-D: variable "valuestring" was declared but never referenced
..\Protocol\edp\EdpKit.c(643): warning:  #177-D: variable "valuestring" was declared but never referenced
..\Protocol\edp\EdpKit.c(645): warning:  #177-D: variable "valuestring" was declared but never referenced
compiling cJSON.c...
..\Utils\cJSON.c(55): warning:  #1293-D: assignment in condition
..\Utils\cJSON.c(278): warning:  #1293-D: assignment in condition
..\Utils\cJSON.c(352): warning:  #111-D: statement is unreachable
..\Utils\cJSON.c(423): warning:  #1293-D: assignment in condition
..\Utils\cJSON.c(535): warning:  #1293-D: assignment in condition
compiling utils.c...
compiling esp8266.c...
..\Network\esp8266\esp8266.h(14): warning:  #1-D: last line of file ends without a newline
..\Network\esp8266\esp8266.c(20): warning:  #1-D: last line of file ends without a newline
linking...
Program Size: Code=27432 RO-data=1240 RW-data=80 ZI-data=3072  
"..\object\onenetdemo.axf" - 0 Error(s), 30 Warning(s).
Build target 'OneNET_Demo_ESP8266_EDP_Push'
compiling main.c...
..\Network\esp8266\esp8266.h(14): warning:  #1-D: last line of file ends without a newline
..\User\main.c(35): error:  #7: unrecognized token
..\User\main.c(35): error:  #130: expected a "{"
..\User\main.c(35): error:  #7: unrecognized token
..\User\main.c(35): error:  #7: unrecognized token
..\User\main.c(45): warning:  #12-D: parsing restarts here after previous syntax error
..\User\main.c(64): warning:  #223-D: function "Recv_Thread_Func" declared implicitly
..\User\main.c(54): warning:  #177-D: label "init" was declared but never referenced
Target not created
Build target 'OneNET_Demo_ESP8266_EDP_Push'
compiling main.c...
..\Network\esp8266\esp8266.h(14): warning:  #1-D: last line of file ends without a newline
..\User\main.c(64): warning:  #223-D: function "Recv_Thread_Func" declared implicitly
..\User\main.c(54): warning:  #177-D: label "init" was declared but never referenced
linking...
Program Size: Code=27432 RO-data=1240 RW-data=80 ZI-data=3072  
"..\object\onenetdemo.axf" - 0 Error(s), 3 Warning(s).
Build target 'OneNET_Demo_ESP8266_EDP_Push'
compiling main.c...
..\Network\esp8266\esp8266.h(14): warning:  #1-D: last line of file ends without a newline
..\User\main.c(54): warning:  #177-D: label "init" was declared but never referenced
linking...
Program Size: Code=27432 RO-data=1240 RW-data=80 ZI-data=3072  
"..\object\onenetdemo.axf" - 0 Error(s), 2 Warning(s).
Build target 'OneNET_Demo_ESP8266_EDP_Push'
compiling main.c...
compiling EdpDemo.c...
..\Protocol\edp\EdpDemo.c(99): warning:  #167-D: argument of type "char *" is incompatible with parameter of type "const unsigned char *"
..\Protocol\edp\EdpDemo.c(153): warning:  #223-D: function "USART2_GetRcvNum" declared implicitly
..\Protocol\edp\EdpDemo.c(156): warning:  #223-D: function "USART2_GetRcvData" declared implicitly
..\Protocol\edp\EdpDemo.c(166): warning:  #167-D: argument of type "uint8_t *" is incompatible with parameter of type "char *"
..\Protocol\edp\EdpDemo.c(231): warning:  #188-D: enumerated type mixed with another type
..\Protocol\edp\EdpDemo.c(121): warning:  #177-D: variable "len" was declared but never referenced
..\Protocol\edp\EdpDemo.c(142): warning:  #177-D: variable "cmd_resp" was declared but never referenced
..\Protocol\edp\EdpDemo.c(143): warning:  #177-D: variable "cmd_resp_len" was declared but never referenced
compiling esp8266.c...
..\Network\esp8266\esp8266.c(20): warning:  #1-D: last line of file ends without a newline
linking...
Program Size: Code=27432 RO-data=1240 RW-data=80 ZI-data=3072  
"..\object\onenetdemo.axf" - 0 Error(s), 9 Warning(s).
Build target 'OneNET_Demo_ESP8266_EDP_Push'
compiling main.c...
compiling stm32f10x_it.c...
..\User\stm32f10x_it.c(165): warning:  #550-D: variable "data" was set but never used
compiling usart2.c...
..\Hal\usart2.c(68): warning:  #167-D: argument of type "unsigned char *" is incompatible with parameter of type "const char *"
..\Hal\usart2.c(97): warning:  #167-D: argument of type "char *" is incompatible with parameter of type "uint8_t *"
..\Hal\usart2.c(100): warning:  #167-D: argument of type "unsigned char *" is incompatible with parameter of type "const char *"
compiling EdpDemo.c...
..\Protocol\edp\EdpDemo.c(166): warning:  #167-D: argument of type "uint8_t *" is incompatible with parameter of type "char *"
..\Protocol\edp\EdpDemo.c(231): warning:  #188-D: enumerated type mixed with another type
..\Protocol\edp\EdpDemo.c(121): warning:  #177-D: variable "len" was declared but never referenced
..\Protocol\edp\EdpDemo.c(142): warning:  #177-D: variable "cmd_resp" was declared but never referenced
..\Protocol\edp\EdpDemo.c(143): warning:  #177-D: variable "cmd_resp_len" was declared but never referenced
compiling esp8266.c...
..\Network\esp8266\esp8266.c(20): warning:  #1-D: last line of file ends without a newline
linking...
Program Size: Code=27432 RO-data=1240 RW-data=80 ZI-data=3072  
"..\object\onenetdemo.axf" - 0 Error(s), 10 Warning(s).
Build target 'OneNET_Demo_ESP8266_EDP_Push'
compiling esp8266.c...
linking...
Program Size: Code=27432 RO-data=1240 RW-data=80 ZI-data=3072  
"..\object\onenetdemo.axf" - 0 Error(s), 0 Warning(s).
Clean started: Project: 'onenetdemo'
   deleting intermediate output files for target 'OneNET_Demo_ESP8266_EDP_Push'
Build target 'OneNET_Demo_ESP8266_EDP_Push'
compiling core_cm3.c...
compiling system_stm32f10x.c...
assembling startup_stm32f10x_hd.s...
compiling main.c...
compiling stm32f10x_it.c...
..\User\stm32f10x_it.c(165): warning:  #550-D: variable "data" was set but never used
compiling misc.c...
compiling stm32f10x_exti.c...
compiling stm32f10x_flash.c...
compiling stm32f10x_gpio.c...
compiling stm32f10x_i2c.c...
compiling stm32f10x_rcc.c...
compiling stm32f10x_usart.c...
compiling usart1.c...
compiling usart2.c...
..\Hal\usart2.c(68): warning:  #167-D: argument of type "unsigned char *" is incompatible with parameter of type "const char *"
..\Hal\usart2.c(97): warning:  #167-D: argument of type "char *" is incompatible with parameter of type "uint8_t *"
..\Hal\usart2.c(100): warning:  #167-D: argument of type "unsigned char *" is incompatible with parameter of type "const char *"
compiling EdpDemo.c...
..\Protocol\edp\EdpDemo.c(166): warning:  #167-D: argument of type "uint8_t *" is incompatible with parameter of type "char *"
..\Protocol\edp\EdpDemo.c(231): warning:  #188-D: enumerated type mixed with another type
..\Protocol\edp\EdpDemo.c(121): warning:  #177-D: variable "len" was declared but never referenced
..\Protocol\edp\EdpDemo.c(142): warning:  #177-D: variable "cmd_resp" was declared but never referenced
..\Protocol\edp\EdpDemo.c(143): warning:  #177-D: variable "cmd_resp_len" was declared but never referenced
compiling EdpKit.c...
..\Protocol\edp\EdpKit.c(629): warning:  #177-D: variable "valuestring" was declared but never referenced
..\Protocol\edp\EdpKit.c(631): warning:  #177-D: variable "valuestring" was declared but never referenced
..\Protocol\edp\EdpKit.c(636): warning:  #177-D: variable "valuestring" was declared but never referenced
..\Protocol\edp\EdpKit.c(638): warning:  #177-D: variable "valuestring" was declared but never referenced
..\Protocol\edp\EdpKit.c(643): warning:  #177-D: variable "valuestring" was declared but never referenced
..\Protocol\edp\EdpKit.c(645): warning:  #177-D: variable "valuestring" was declared but never referenced
compiling cJSON.c...
..\Utils\cJSON.c(55): warning:  #1293-D: assignment in condition
..\Utils\cJSON.c(278): warning:  #1293-D: assignment in condition
..\Utils\cJSON.c(352): warning:  #111-D: statement is unreachable
..\Utils\cJSON.c(423): warning:  #1293-D: assignment in condition
..\Utils\cJSON.c(535): warning:  #1293-D: assignment in condition
compiling utils.c...
compiling esp8266.c...
linking...
Program Size: Code=27432 RO-data=1240 RW-data=80 ZI-data=3072  
"..\object\onenetdemo.axf" - 0 Error(s), 20 Warning(s).
Build target 'OneNET_Demo_ESP8266_EDP_Push'
compiling EdpDemo.c...
..\Protocol\edp\EdpDemo.c(161): warning:  #167-D: argument of type "uint8_t *" is incompatible with parameter of type "char *"
..\Protocol\edp\EdpDemo.c(226): warning:  #188-D: enumerated type mixed with another type
linking...
Program Size: Code=27412 RO-data=1244 RW-data=80 ZI-data=3072  
"..\object\onenetdemo.axf" - 0 Error(s), 2 Warning(s).
Build target 'OneNET_Demo_ESP8266_EDP_Push'
compiling EdpDemo.c...
..\Protocol\edp\EdpDemo.c(226): warning:  #188-D: enumerated type mixed with another type
linking...
Program Size: Code=27412 RO-data=1244 RW-data=80 ZI-data=3072  
"..\object\onenetdemo.axf" - 0 Error(s), 1 Warning(s).
Build target 'OneNET_Demo_ESP8266_EDP_Push'
compiling system_stm32f10x.c...
linking...
Program Size: Code=27412 RO-data=1244 RW-data=80 ZI-data=3072  
"..\object\onenetdemo.axf" - 0 Error(s), 0 Warning(s).
Build target 'OneNET_Demo_ESP8266_EDP_Push'
compiling main.c...
compiling EdpDemo.c...
..\Protocol\edp\EdpDemo.c(226): warning:  #188-D: enumerated type mixed with another type
compiling esp8266.c...
linking...
Program Size: Code=27428 RO-data=1244 RW-data=80 ZI-data=3072  
"..\object\onenetdemo.axf" - 0 Error(s), 1 Warning(s).
Clean started: Project: 'onenetdemo'
   deleting intermediate output files for target 'OneNET_Demo_ESP8266_EDP_Push'
Build target 'OneNET_Demo_ESP8266_EDP_Push'
compiling core_cm3.c...
compiling system_stm32f10x.c...
assembling startup_stm32f10x_hd.s...
compiling main.c...
compiling stm32f10x_it.c...
..\User\stm32f10x_it.c(165): warning:  #550-D: variable "data" was set but never used
compiling misc.c...
compiling stm32f10x_exti.c...
compiling stm32f10x_flash.c...
compiling stm32f10x_gpio.c...
compiling stm32f10x_i2c.c...
compiling stm32f10x_rcc.c...
compiling stm32f10x_usart.c...
compiling usart1.c...
compiling usart2.c...
..\Hal\usart2.c(68): warning:  #167-D: argument of type "unsigned char *" is incompatible with parameter of type "const char *"
..\Hal\usart2.c(97): warning:  #167-D: argument of type "char *" is incompatible with parameter of type "uint8_t *"
..\Hal\usart2.c(100): warning:  #167-D: argument of type "unsigned char *" is incompatible with parameter of type "const char *"
compiling EdpDemo.c...
..\Protocol\edp\EdpDemo.c(226): warning:  #188-D: enumerated type mixed with another type
compiling EdpKit.c...
..\Protocol\edp\EdpKit.c(629): warning:  #177-D: variable "valuestring" was declared but never referenced
..\Protocol\edp\EdpKit.c(631): warning:  #177-D: variable "valuestring" was declared but never referenced
..\Protocol\edp\EdpKit.c(636): warning:  #177-D: variable "valuestring" was declared but never referenced
..\Protocol\edp\EdpKit.c(638): warning:  #177-D: variable "valuestring" was declared but never referenced
..\Protocol\edp\EdpKit.c(643): warning:  #177-D: variable "valuestring" was declared but never referenced
..\Protocol\edp\EdpKit.c(645): warning:  #177-D: variable "valuestring" was declared but never referenced
compiling cJSON.c...
..\Utils\cJSON.c(55): warning:  #1293-D: assignment in condition
..\Utils\cJSON.c(278): warning:  #1293-D: assignment in condition
..\Utils\cJSON.c(352): warning:  #111-D: statement is unreachable
..\Utils\cJSON.c(423): warning:  #1293-D: assignment in condition
..\Utils\cJSON.c(535): warning:  #1293-D: assignment in condition
compiling utils.c...
compiling esp8266.c...
linking...
Program Size: Code=27428 RO-data=1244 RW-data=80 ZI-data=3072  
"..\object\onenetdemo.axf" - 0 Error(s), 16 Warning(s).
Build target 'OneNET_Demo_ESP8266_EDP_Push'
compiling usart2.c...
linking...
Program Size: Code=27424 RO-data=1240 RW-data=80 ZI-data=3072  
"..\object\onenetdemo.axf" - 0 Error(s), 0 Warning(s).
Clean started: Project: 'onenetdemo'
   deleting intermediate output files for target 'OneNET_Demo_ESP8266_EDP_Push'
Build target 'OneNET_Demo_ESP8266_EDP_Push'
compiling core_cm3.c...
compiling system_stm32f10x.c...
assembling startup_stm32f10x_hd.s...
compiling main.c...
compiling stm32f10x_it.c...
..\User\stm32f10x_it.c(165): warning:  #550-D: variable "data" was set but never used
compiling misc.c...
compiling stm32f10x_exti.c...
compiling stm32f10x_flash.c...
compiling stm32f10x_gpio.c...
compiling stm32f10x_i2c.c...
compiling stm32f10x_rcc.c...
compiling stm32f10x_usart.c...
compiling usart1.c...
compiling usart2.c...
compiling EdpDemo.c...
..\Protocol\edp\EdpDemo.c(226): warning:  #188-D: enumerated type mixed with another type
compiling EdpKit.c...
..\Protocol\edp\EdpKit.c(629): warning:  #177-D: variable "valuestring" was declared but never referenced
..\Protocol\edp\EdpKit.c(631): warning:  #177-D: variable "valuestring" was declared but never referenced
..\Protocol\edp\EdpKit.c(636): warning:  #177-D: variable "valuestring" was declared but never referenced
..\Protocol\edp\EdpKit.c(638): warning:  #177-D: variable "valuestring" was declared but never referenced
..\Protocol\edp\EdpKit.c(643): warning:  #177-D: variable "valuestring" was declared but never referenced
..\Protocol\edp\EdpKit.c(645): warning:  #177-D: variable "valuestring" was declared but never referenced
compiling cJSON.c...
..\Utils\cJSON.c(55): warning:  #1293-D: assignment in condition
..\Utils\cJSON.c(278): warning:  #1293-D: assignment in condition
..\Utils\cJSON.c(352): warning:  #111-D: statement is unreachable
..\Utils\cJSON.c(423): warning:  #1293-D: assignment in condition
..\Utils\cJSON.c(535): warning:  #1293-D: assignment in condition
compiling utils.c...
compiling esp8266.c...
linking...
Program Size: Code=27424 RO-data=1240 RW-data=80 ZI-data=3072  
"..\object\onenetdemo.axf" - 0 Error(s), 13 Warning(s).
Load "..\\object\\onenetdemo.AXF" 
Erase Done.
Programming Done.
Verify OK.
Clean started: Project: 'onenetdemo'
   deleting intermediate output files for target 'OneNET_Demo_ESP8266_EDP_Push'
Build target 'OneNET_Demo_ESP8266_EDP_Push'
compiling core_cm3.c...
compiling system_stm32f10x.c...
assembling startup_stm32f10x_hd.s...
compiling main.c...
compiling stm32f10x_it.c...
..\User\stm32f10x_it.c(165): warning:  #550-D: variable "data" was set but never used
compiling misc.c...
compiling stm32f10x_exti.c...
compiling stm32f10x_flash.c...
compiling stm32f10x_gpio.c...
compiling stm32f10x_i2c.c...
compiling stm32f10x_rcc.c...
compiling stm32f10x_usart.c...
compiling usart1.c...
compiling usart2.c...
compiling EdpDemo.c...
..\Protocol\edp\EdpDemo.c(226): warning:  #188-D: enumerated type mixed with another type
compiling EdpKit.c...
..\Protocol\edp\EdpKit.c(629): warning:  #177-D: variable "valuestring" was declared but never referenced
..\Protocol\edp\EdpKit.c(631): warning:  #177-D: variable "valuestring" was declared but never referenced
..\Protocol\edp\EdpKit.c(636): warning:  #177-D: variable "valuestring" was declared but never referenced
..\Protocol\edp\EdpKit.c(638): warning:  #177-D: variable "valuestring" was declared but never referenced
..\Protocol\edp\EdpKit.c(643): warning:  #177-D: variable "valuestring" was declared but never referenced
..\Protocol\edp\EdpKit.c(645): warning:  #177-D: variable "valuestring" was declared but never referenced
compiling cJSON.c...
..\Utils\cJSON.c(55): warning:  #1293-D: assignment in condition
..\Utils\cJSON.c(278): warning:  #1293-D: assignment in condition
..\Utils\cJSON.c(352): warning:  #111-D: statement is unreachable
..\Utils\cJSON.c(423): warning:  #1293-D: assignment in condition
..\Utils\cJSON.c(535): warning:  #1293-D: assignment in condition
compiling utils.c...
compiling esp8266.c...
linking...
Program Size: Code=27408 RO-data=1240 RW-data=80 ZI-data=3072  
"..\object\onenetdemo.axf" - 0 Error(s), 13 Warning(s).
Load "..\\object\\onenetdemo.AXF" 
Erase Done.
Programming Done.
Verify OK.
Build target 'OneNET_Demo_ESP8266_EDP_Push'
compiling main.c...
compiling EdpDemo.c...
..\Protocol\edp\EdpDemo.c(226): warning:  #188-D: enumerated type mixed with another type
compiling esp8266.c...
linking...
Program Size: Code=27424 RO-data=1240 RW-data=80 ZI-data=3072  
"..\object\onenetdemo.axf" - 0 Error(s), 1 Warning(s).
Load "..\\object\\onenetdemo.AXF" 
Erase Done.
Programming Done.
Verify OK.
Build target 'OneNET_Demo_ESP8266_EDP_Push'
compiling main.c...
compiling EdpDemo.c...
..\Protocol\edp\EdpDemo.c(226): warning:  #188-D: enumerated type mixed with another type
compiling esp8266.c...
linking...
Program Size: Code=27408 RO-data=1240 RW-data=80 ZI-data=3072  
"..\object\onenetdemo.axf" - 0 Error(s), 1 Warning(s).
Clean started: Project: 'onenetdemo'
   deleting intermediate output files for target 'OneNET_Demo_ESP8266_EDP_Push'
Clean started: Project: 'onenetdemo'
   deleting intermediate output files for target 'OneNET_Demo_ESP8266_EDP_Push'
