<html>
<body>
<pre>
<h1>µVision Build Log</h1>
<h2>Project:</h2>
F:\OneNET_demo_code_kylin\OneNET_demo_code_kylin\OneNET_Demo_ESP8266_MQTT\Project\onenetdemo.uvproj
Project File Date:  06/01/2016

<h2>Output:</h2>
Build target 'OneNET_Demo_ESP8266_MQTT'
compiling core_cm3.c...
compiling system_stm32f10x.c...
assembling startup_stm32f10x_hd.s...
compiling main.c...
compiling stm32f10x_it.c...
..\User\stm32f10x_it.c(166): warning:  #550-D: variable "data" was set but never used
compiling misc.c...
compiling stm32f10x_exti.c...
compiling stm32f10x_flash.c...
compiling stm32f10x_gpio.c...
compiling stm32f10x_i2c.c...
compiling stm32f10x_rcc.c...
compiling stm32f10x_usart.c...
compiling usart1.c...
compiling usart2.c...
compiling mqtt.c...
compiling mqtt_buffer.c...
compiling mqtt_loop.c...
..\Protocol\mqtt\mqtt_loop.c(289): warning:  #177-D: function "MqttSample_CmdPing" was declared but never referenced
..\Protocol\mqtt\mqtt_loop.c(309): warning:  #177-D: function "MqttSample_CmdPublish" was declared but never referenced
..\Protocol\mqtt\mqtt_loop.c(525): warning:  #177-D: function "MqttSample_CmdUnsubscribe" was declared but never referenced
..\Protocol\mqtt\mqtt_loop.c(554): warning:  #177-D: function "MqttSample_CmdDisconnect" was declared but never referenced
..\Protocol\mqtt\mqtt_loop.c(569): warning:  #177-D: function "MqttSample_CmdCmdRet" was declared but never referenced
..\Protocol\mqtt\mqtt_loop.c(590): warning:  #177-D: function "MqttSample_CmdExit" was declared but never referenced
compiling utils.c...
compiling esp8266.c...
compiling hal_i2c.c...
compiling sht20.c...
linking...
Program Size: Code=25600 RO-data=2388 RW-data=72 ZI-data=2784  
"..\object\onenetdemo.axf" - 0 Error(s), 7 Warning(s).
Build target 'OneNET_Demo_ESP8266_MQTT'
compiling stm32f10x_it.c...
linking...
Program Size: Code=25560 RO-data=2388 RW-data=72 ZI-data=2784  
"..\object\onenetdemo.axf" - 0 Error(s), 0 Warning(s).
Clean started: Project: 'onenetdemo'
   deleting intermediate output files for target 'OneNET_Demo_ESP8266_MQTT'
Build target 'OneNET_Demo_ESP8266_MQTT'
compiling core_cm3.c...
compiling system_stm32f10x.c...
assembling startup_stm32f10x_hd.s...
compiling main.c...
compiling stm32f10x_it.c...
compiling misc.c...
compiling stm32f10x_exti.c...
compiling stm32f10x_flash.c...
compiling stm32f10x_gpio.c...
compiling stm32f10x_i2c.c...
compiling stm32f10x_rcc.c...
compiling stm32f10x_usart.c...
compiling usart1.c...
compiling usart2.c...
compiling mqtt.c...
compiling mqtt_buffer.c...
compiling mqtt_loop.c...
..\Protocol\mqtt\mqtt_loop.c(289): warning:  #177-D: function "MqttSample_CmdPing" was declared but never referenced
..\Protocol\mqtt\mqtt_loop.c(309): warning:  #177-D: function "MqttSample_CmdPublish" was declared but never referenced
..\Protocol\mqtt\mqtt_loop.c(525): warning:  #177-D: function "MqttSample_CmdUnsubscribe" was declared but never referenced
..\Protocol\mqtt\mqtt_loop.c(554): warning:  #177-D: function "MqttSample_CmdDisconnect" was declared but never referenced
..\Protocol\mqtt\mqtt_loop.c(569): warning:  #177-D: function "MqttSample_CmdCmdRet" was declared but never referenced
..\Protocol\mqtt\mqtt_loop.c(590): warning:  #177-D: function "MqttSample_CmdExit" was declared but never referenced
compiling utils.c...
compiling esp8266.c...
compiling hal_i2c.c...
compiling sht20.c...
linking...
Program Size: Code=25560 RO-data=2388 RW-data=72 ZI-data=2784  
"..\object\onenetdemo.axf" - 0 Error(s), 6 Warning(s).
Build target 'OneNET_Demo_ESP8266_MQTT'
compiling mqtt_loop.c...
..\Protocol\mqtt\mqtt_loop.c(38): warning:  #177-D: function "MqttSample_CmdPing" was declared but never referenced
..\Protocol\mqtt\mqtt_loop.c(39): warning:  #177-D: function "MqttSample_CmdPublish" was declared but never referenced
..\Protocol\mqtt\mqtt_loop.c(41): warning:  #177-D: function "MqttSample_CmdUnsubscribe" was declared but never referenced
..\Protocol\mqtt\mqtt_loop.c(42): warning:  #177-D: function "MqttSample_CmdDisconnect" was declared but never referenced
..\Protocol\mqtt\mqtt_loop.c(43): warning:  #177-D: function "MqttSample_CmdCmdRet" was declared but never referenced
..\Protocol\mqtt\mqtt_loop.c(44): warning:  #177-D: function "MqttSample_CmdExit" was declared but never referenced
linking...
Program Size: Code=24552 RO-data=2204 RW-data=72 ZI-data=2784  
"..\object\onenetdemo.axf" - 0 Error(s), 6 Warning(s).
Build target 'OneNET_Demo_ESP8266_MQTT'
compiling mqtt_loop.c...
linking...
Program Size: Code=24552 RO-data=2204 RW-data=72 ZI-data=2784  
"..\object\onenetdemo.axf" - 0 Error(s), 0 Warning(s).
Clean started: Project: 'onenetdemo'
   deleting intermediate output files for target 'OneNET_Demo_ESP8266_MQTT'
Build target 'OneNET_Demo_ESP8266_MQTT'
compiling core_cm3.c...
compiling system_stm32f10x.c...
assembling startup_stm32f10x_hd.s...
compiling main.c...
compiling stm32f10x_it.c...
compiling misc.c...
compiling stm32f10x_exti.c...
compiling stm32f10x_flash.c...
compiling stm32f10x_gpio.c...
compiling stm32f10x_i2c.c...
compiling stm32f10x_rcc.c...
compiling stm32f10x_usart.c...
compiling usart1.c...
compiling usart2.c...
compiling mqtt.c...
compiling mqtt_buffer.c...
compiling mqtt_loop.c...
compiling utils.c...
compiling esp8266.c...
compiling hal_i2c.c...
compiling sht20.c...
linking...
Program Size: Code=24552 RO-data=2204 RW-data=72 ZI-data=2784  
"..\object\onenetdemo.axf" - 0 Error(s), 0 Warning(s).
Clean started: Project: 'onenetdemo'
   deleting intermediate output files for target 'OneNET_Demo_ESP8266_MQTT'
Build target 'OneNET_Demo_ESP8266_MQTT'
compiling core_cm3.c...
compiling system_stm32f10x.c...
assembling startup_stm32f10x_hd.s...
compiling main.c...
compiling stm32f10x_it.c...
compiling misc.c...
compiling stm32f10x_exti.c...
compiling stm32f10x_flash.c...
compiling stm32f10x_gpio.c...
compiling stm32f10x_i2c.c...
compiling stm32f10x_rcc.c...
compiling stm32f10x_usart.c...
compiling usart1.c...
compiling usart2.c...
compiling mqtt.c...
compiling mqtt_buffer.c...
compiling mqtt_loop.c...
compiling utils.c...
compiling esp8266.c...
compiling hal_i2c.c...
compiling sht20.c...
linking...
Program Size: Code=24552 RO-data=2204 RW-data=72 ZI-data=2784  
"..\object\onenetdemo.axf" - 0 Error(s), 0 Warning(s).
Clean started: Project: 'onenetdemo'
   deleting intermediate output files for target 'OneNET_Demo_ESP8266_MQTT'
