<html>
<body>
<pre>
<h1>µVision Build Log</h1>
<h2>Project:</h2>
E:\workspace\workspace\DEMO\DEMO\OneNET_Demo_ESP8266_MQTT\Project\onenetdemo.uvproj
Project File Date:  04/08/2016

<h2>Output:</h2>
Build target 'OneNET_Demo_ESP8266_MQTT'
compiling core_cm3.c...
compiling system_stm32f10x.c...
assembling startup_stm32f10x_hd.s...
compiling main.c...
compiling stm32f10x_it.c...
..\User\stm32f10x_it.c(166): warning:  #550-D: variable "data" was set but never used
compiling misc.c...
compiling stm32f10x_adc.c...
compiling stm32f10x_bkp.c...
compiling stm32f10x_can.c...
compiling stm32f10x_cec.c...
compiling stm32f10x_crc.c...
compiling stm32f10x_dac.c...
compiling stm32f10x_dbgmcu.c...
compiling stm32f10x_dma.c...
compiling stm32f10x_exti.c...
compiling stm32f10x_flash.c...
compiling stm32f10x_fsmc.c...
compiling stm32f10x_gpio.c...
compiling stm32f10x_i2c.c...
compiling stm32f10x_iwdg.c...
compiling stm32f10x_pwr.c...
compiling stm32f10x_rcc.c...
compiling stm32f10x_rtc.c...
compiling stm32f10x_sdio.c...
compiling stm32f10x_spi.c...
compiling stm32f10x_tim.c...
compiling stm32f10x_usart.c...
compiling stm32f10x_wwdg.c...
compiling usart1.c...
compiling usart2.c...
..\Hal\usart2.c(77): warning:  #167-D: argument of type "uint8_t *" is incompatible with parameter of type "const char *"
..\Hal\usart2.c(80): warning:  #167-D: argument of type "int8_t *" is incompatible with parameter of type "const char *"
..\Hal\usart2.c(80): warning:  #167-D: argument of type "int8_t *" is incompatible with parameter of type "uint8_t *"
..\Hal\usart2.c(81): warning:  #223-D: function "mDelay" declared implicitly
..\Hal\usart2.c(83): warning:  #167-D: argument of type "uint8_t *" is incompatible with parameter of type "const char *"
..\Hal\usart2.c(83): warning:  #167-D: argument of type "int8_t *" is incompatible with parameter of type "const char *"
..\Hal\usart2.c(110): warning:  #167-D: argument of type "uint8_t *" is incompatible with parameter of type "const char *"
compiling mqtt.c...
..\Protocol\mqtt\mqtt.c(340): warning:  #1293-D: assignment in condition
..\Protocol\mqtt\mqtt.c(768): warning:  #167-D: argument of type "unsigned char *" is incompatible with parameter of type "char *"
..\Protocol\mqtt\mqtt.c(771): warning:  #167-D: argument of type "unsigned char *" is incompatible with parameter of type "char *"
..\Protocol\mqtt\mqtt.c(774): warning:  #167-D: argument of type "unsigned char *" is incompatible with parameter of type "char *"
..\Protocol\mqtt\mqtt.c(777): warning:  #167-D: argument of type "unsigned char *" is incompatible with parameter of type "char *"
..\Protocol\mqtt\mqtt.c(780): warning:  #167-D: argument of type "unsigned char *" is incompatible with parameter of type "char *"
..\Protocol\mqtt\mqtt.c(783): warning:  #167-D: argument of type "unsigned char *" is incompatible with parameter of type "char *"
..\Protocol\mqtt\mqtt.c(786): warning:  #167-D: argument of type "unsigned char *" is incompatible with parameter of type "char *"
..\Protocol\mqtt\mqtt.c(789): warning:  #167-D: argument of type "unsigned char *" is incompatible with parameter of type "char *"
..\Protocol\mqtt\mqtt.c(792): warning:  #167-D: argument of type "unsigned char *" is incompatible with parameter of type "char *"
..\Protocol\mqtt\mqtt.c(843): warning:  #167-D: argument of type "unsigned char *" is incompatible with parameter of type "const char *"
..\Protocol\mqtt\mqtt.c(827): warning:  #177-D: variable "pkt" was declared but never referenced
..\Protocol\mqtt\mqtt.c(827): warning:  #550-D: variable "cursor" was set but never used
..\Protocol\mqtt\mqtt.c(1601): warning:  #177-D: variable "ext" was declared but never referenced
compiling mqtt_buffer.c...
..\Protocol\mqtt\mqtt_buffer.c(63): warning:  #223-D: function "printf" declared implicitly
compiling mqtt_loop.c...
..\Protocol\mqtt\mqtt_loop.c(129): warning:  #223-D: function "USART2_SendData" declared implicitly
..\Protocol\mqtt\mqtt_loop.c(269): warning:  #550-D: variable "bytes" was set but never used
..\Protocol\mqtt\mqtt_loop.c(291): warning:  #550-D: variable "bytes" was set but never used
..\Protocol\mqtt\mqtt_loop.c(341): warning:  #870-D: invalid multibyte character sequence
..\Protocol\mqtt\mqtt_loop.c(312): warning:  #550-D: variable "bytes" was set but never used
..\Protocol\mqtt\mqtt_loop.c(385): warning:  #870-D: invalid multibyte character sequence
..\Protocol\mqtt\mqtt_loop.c(428): warning:  #167-D: argument of type "unsigned char *" is incompatible with parameter of type "const char *"
..\Protocol\mqtt\mqtt_loop.c(434): warning:  #167-D: argument of type "unsigned char *" is incompatible with parameter of type "const char *"
..\Protocol\mqtt\mqtt_loop.c(383): warning:  #550-D: variable "bytes" was set but never used
..\Protocol\mqtt\mqtt_loop.c(387): warning:  #177-D: variable "ts" was declared but never referenced
..\Protocol\mqtt\mqtt_loop.c(498): warning:  #550-D: variable "bytes" was set but never used
..\Protocol\mqtt\mqtt_loop.c(527): warning:  #550-D: variable "bytes" was set but never used
..\Protocol\mqtt\mqtt_loop.c(571): warning:  #550-D: variable "bytes" was set but never used
..\Protocol\mqtt\mqtt_loop.c(288): warning:  #177-D: function "MqttSample_CmdPing" was declared but never referenced
..\Protocol\mqtt\mqtt_loop.c(308): warning:  #177-D: function "MqttSample_CmdPublish" was declared but never referenced
..\Protocol\mqtt\mqtt_loop.c(524): warning:  #177-D: function "MqttSample_CmdUnsubscribe" was declared but never referenced
..\Protocol\mqtt\mqtt_loop.c(553): warning:  #177-D: function "MqttSample_CmdDisconnect" was declared but never referenced
..\Protocol\mqtt\mqtt_loop.c(568): warning:  #177-D: function "MqttSample_CmdCmdRet" was declared but never referenced
..\Protocol\mqtt\mqtt_loop.c(589): warning:  #177-D: function "MqttSample_CmdExit" was declared but never referenced
compiling utils.c...
compiling esp8266.c...
..\Network\esp8266\esp8266.c(21): warning:  #167-D: argument of type "uint8_t *" is incompatible with parameter of type "const char *"
..\Network\esp8266\esp8266.c(25): warning:  #167-D: argument of type "uint8_t *" is incompatible with parameter of type "const char *"
..\Network\esp8266\esp8266.c(39): warning:  #167-D: argument of type "uint8_t *" is incompatible with parameter of type "const char *"
..\Network\esp8266\esp8266.c(41): warning:  #167-D: argument of type "int8_t *" is incompatible with parameter of type "uint8_t *"
..\Network\esp8266\esp8266.c(43): warning:  #940-D: missing return statement at end of non-void function "ESP8266_SendData"
compiling hal_i2c.c...
..\Devices\hal_i2c.c(127): warning:  #177-D: variable "timeout" was declared but never referenced
compiling sht20.c...
..\Devices\sht20.c(61): warning:  #68-D: integer conversion resulted in a change of sign
..\Devices\sht20.c(92): warning:  #167-D: argument of type "uint8_t *" is incompatible with parameter of type "int8_t *"
..\Devices\sht20.c(97): warning:  #167-D: argument of type "uint8_t *" is incompatible with parameter of type "int8_t *"
..\Devices\sht20.c(102): warning:  #167-D: argument of type "uint8_t *" is incompatible with parameter of type "int8_t *"
..\Devices\sht20.c(276): warning:  #68-D: integer conversion resulted in a change of sign
linking...
Program Size: Code=25680 RO-data=2388 RW-data=72 ZI-data=2784  
"..\object\onenetdemo.axf" - 0 Error(s), 53 Warning(s).
Load "..\\object\\onenetdemo.AXF" 
Erase Done.
Programming Done.
Verify OK.
Build target 'OneNET_Demo_ESP8266_MQTT'
compiling main.c...
compiling esp8266.c...
..\Network\esp8266\esp8266.c(21): warning:  #167-D: argument of type "uint8_t *" is incompatible with parameter of type "const char *"
..\Network\esp8266\esp8266.c(25): warning:  #167-D: argument of type "uint8_t *" is incompatible with parameter of type "const char *"
..\Network\esp8266\esp8266.c(39): warning:  #167-D: argument of type "uint8_t *" is incompatible with parameter of type "const char *"
..\Network\esp8266\esp8266.c(41): warning:  #167-D: argument of type "int8_t *" is incompatible with parameter of type "uint8_t *"
..\Network\esp8266\esp8266.c(43): warning:  #940-D: missing return statement at end of non-void function "ESP8266_SendData"
linking...
Program Size: Code=25696 RO-data=2388 RW-data=72 ZI-data=2784  
"..\object\onenetdemo.axf" - 0 Error(s), 5 Warning(s).
Load "..\\object\\onenetdemo.AXF" 
Erase Done.
Programming Done.
Verify OK.
Clean started: Project: 'onenetdemo'
   deleting intermediate output files for target 'OneNET_Demo_ESP8266_MQTT'
