<html>
<body>
<pre>
<h1>µVision Build Log</h1>
<h2>Project:</h2>
E:\onenet\example14-4-d2c\Âã»ú°åDEMO³ÌÐò\template\Project\onenetdemo.uvproj
Project File Date:  01/11/2016

<h2>Output:</h2>
Build target 'Target 1'
compiling core_cm3.c...
compiling system_stm32f10x.c...
..\Libraries\CMSIS\stm32f10x.h(8297): error:  #5: cannot open source input file "stm32f10x_conf.h": No such file or directory
assembling startup_stm32f10x_hd.s...
compiling main.c...
..\Libraries\CMSIS\stm32f10x.h(8297): error:  #5: cannot open source input file "stm32f10x_conf.h": No such file or directory
compiling misc.c...
..\Libraries\CMSIS\stm32f10x.h(8297): error:  #5: cannot open source input file "stm32f10x_conf.h": No such file or directory
compiling stm32f10x_adc.c...
..\Libraries\CMSIS\stm32f10x.h(8297): error:  #5: cannot open source input file "stm32f10x_conf.h": No such file or directory
compiling stm32f10x_bkp.c...
..\Libraries\CMSIS\stm32f10x.h(8297): error:  #5: cannot open source input file "stm32f10x_conf.h": No such file or directory
compiling stm32f10x_can.c...
..\Libraries\CMSIS\stm32f10x.h(8297): error:  #5: cannot open source input file "stm32f10x_conf.h": No such file or directory
compiling stm32f10x_cec.c...
..\Libraries\CMSIS\stm32f10x.h(8297): error:  #5: cannot open source input file "stm32f10x_conf.h": No such file or directory
compiling stm32f10x_crc.c...
..\Libraries\CMSIS\stm32f10x.h(8297): error:  #5: cannot open source input file "stm32f10x_conf.h": No such file or directory
compiling stm32f10x_dac.c...
..\Libraries\CMSIS\stm32f10x.h(8297): error:  #5: cannot open source input file "stm32f10x_conf.h": No such file or directory
compiling stm32f10x_dbgmcu.c...
..\Libraries\CMSIS\stm32f10x.h(8297): error:  #5: cannot open source input file "stm32f10x_conf.h": No such file or directory
compiling stm32f10x_dma.c...
..\Libraries\CMSIS\stm32f10x.h(8297): error:  #5: cannot open source input file "stm32f10x_conf.h": No such file or directory
compiling stm32f10x_exti.c...
..\Libraries\CMSIS\stm32f10x.h(8297): error:  #5: cannot open source input file "stm32f10x_conf.h": No such file or directory
compiling stm32f10x_flash.c...
..\Libraries\CMSIS\stm32f10x.h(8297): error:  #5: cannot open source input file "stm32f10x_conf.h": No such file or directory
compiling stm32f10x_fsmc.c...
..\Libraries\CMSIS\stm32f10x.h(8297): error:  #5: cannot open source input file "stm32f10x_conf.h": No such file or directory
compiling stm32f10x_gpio.c...
..\Libraries\CMSIS\stm32f10x.h(8297): error:  #5: cannot open source input file "stm32f10x_conf.h": No such file or directory
compiling stm32f10x_i2c.c...
..\Libraries\CMSIS\stm32f10x.h(8297): error:  #5: cannot open source input file "stm32f10x_conf.h": No such file or directory
compiling stm32f10x_iwdg.c...
..\Libraries\CMSIS\stm32f10x.h(8297): error:  #5: cannot open source input file "stm32f10x_conf.h": No such file or directory
compiling stm32f10x_pwr.c...
..\Libraries\CMSIS\stm32f10x.h(8297): error:  #5: cannot open source input file "stm32f10x_conf.h": No such file or directory
compiling stm32f10x_rcc.c...
..\Libraries\CMSIS\stm32f10x.h(8297): error:  #5: cannot open source input file "stm32f10x_conf.h": No such file or directory
compiling stm32f10x_rtc.c...
..\Libraries\CMSIS\stm32f10x.h(8297): error:  #5: cannot open source input file "stm32f10x_conf.h": No such file or directory
compiling stm32f10x_sdio.c...
..\Libraries\CMSIS\stm32f10x.h(8297): error:  #5: cannot open source input file "stm32f10x_conf.h": No such file or directory
compiling stm32f10x_spi.c...
..\Libraries\CMSIS\stm32f10x.h(8297): error:  #5: cannot open source input file "stm32f10x_conf.h": No such file or directory
compiling stm32f10x_tim.c...
..\Libraries\CMSIS\stm32f10x.h(8297): error:  #5: cannot open source input file "stm32f10x_conf.h": No such file or directory
compiling stm32f10x_usart.c...
..\Libraries\CMSIS\stm32f10x.h(8297): error:  #5: cannot open source input file "stm32f10x_conf.h": No such file or directory
compiling stm32f10x_wwdg.c...
..\Libraries\CMSIS\stm32f10x.h(8297): error:  #5: cannot open source input file "stm32f10x_conf.h": No such file or directory
Target not created
Build target 'Target 1'
compiling system_stm32f10x.c...
compiling main.c...
compiling stm32f10x_it.c...
..\User\stm32f10x_it.c(26): error:  #5: cannot open source input file "stm32f_main.h": No such file or directory
compiling misc.c...
compiling stm32f10x_adc.c...
compiling stm32f10x_bkp.c...
compiling stm32f10x_can.c...
compiling stm32f10x_cec.c...
compiling stm32f10x_crc.c...
compiling stm32f10x_dac.c...
compiling stm32f10x_dbgmcu.c...
compiling stm32f10x_dma.c...
compiling stm32f10x_exti.c...
compiling stm32f10x_flash.c...
compiling stm32f10x_fsmc.c...
compiling stm32f10x_gpio.c...
compiling stm32f10x_i2c.c...
compiling stm32f10x_iwdg.c...
compiling stm32f10x_pwr.c...
compiling stm32f10x_rcc.c...
compiling stm32f10x_rtc.c...
compiling stm32f10x_sdio.c...
compiling stm32f10x_spi.c...
compiling stm32f10x_tim.c...
compiling stm32f10x_usart.c...
compiling stm32f10x_wwdg.c...
Target not created
Build target 'Target 1'
compiling stm32f10x_it.c...
..\User\stm32f10x_it.c(165): error:  #20: identifier "main_info" is undefined
..\User\stm32f10x_it.c(167): error:  #70: incomplete type is not allowed
..\User\stm32f10x_it.c(167): error:  #20: identifier "MP3_BUFFER_LEN" is undefined
..\User\stm32f10x_it.c(169): error:  #70: incomplete type is not allowed
..\User\stm32f10x_it.c(169): error:  #70: incomplete type is not allowed
..\User\stm32f10x_it.c(171): error:  #70: incomplete type is not allowed
..\User\stm32f10x_it.c(177): error:  #70: incomplete type is not allowed
..\User\stm32f10x_it.c(177): error:  #20: identifier "NET_ADPCM_FRAME" is undefined
..\User\stm32f10x_it.c(179): error:  #70: incomplete type is not allowed
..\User\stm32f10x_it.c(183): error:  #70: incomplete type is not allowed
..\User\stm32f10x_it.c(183): error:  #70: incomplete type is not allowed
..\User\stm32f10x_it.c(185): error:  #70: incomplete type is not allowed
..\User\stm32f10x_it.c(186): error:  #70: incomplete type is not allowed
..\User\stm32f10x_it.c(188): warning:  #223-D: function "bus_busy_set" declared implicitly
..\User\stm32f10x_it.c(189): warning:  #223-D: function "bus_busy_setled" declared implicitly
..\User\stm32f10x_it.c(190): error:  #70: incomplete type is not allowed
..\User\stm32f10x_it.c(191): error:  #70: incomplete type is not allowed
..\User\stm32f10x_it.c(197): warning:  #223-D: function "bus_busy_set" declared implicitly
..\User\stm32f10x_it.c(198): warning:  #223-D: function "bus_busy_setled" declared implicitly
..\User\stm32f10x_it.c(211): warning:  #223-D: function "bus_busy_set" declared implicitly
..\User\stm32f10x_it.c(212): warning:  #223-D: function "bus_busy_setled" declared implicitly
..\User\stm32f10x_it.c(317): error:  #20: identifier "main_info" is undefined
Target not created
Build target 'Target 1'
compiling stm32f10x_it.c...
..\User\stm32f10x_it.c(196): error:  #20: identifier "main_info" is undefined
Target not created
Build target 'Target 1'
compiling stm32f10x_it.c...
linking...
..\object\onenetdemo.axf: Error: L6218E: Undefined symbol SystickTime (referred from stm32f10x_it.o).
Target not created
Build target 'Target 1'
compiling stm32f10x_it.c...
linking...
Program Size: Code=832 RO-data=336 RW-data=20 ZI-data=1636  
"..\object\onenetdemo.axf" - 0 Error(s), 0 Warning(s).
Build target 'Target 1'
linking...
Program Size: Code=832 RO-data=336 RW-data=20 ZI-data=1636  
"..\object\onenetdemo.axf" - 0 Error(s), 0 Warning(s).
Build target 'Target 1'
linking...
Program Size: Code=832 RO-data=336 RW-data=20 ZI-data=1636  
"..\object\onenetdemo.axf" - 0 Error(s), 0 Warning(s).
Rebuild target 'Target 1'
compiling core_cm3.c...
compiling system_stm32f10x.c...
assembling startup_stm32f10x_hd.s...
compiling main.c...
compiling stm32f10x_it.c...
compiling misc.c...
compiling stm32f10x_adc.c...
compiling stm32f10x_bkp.c...
compiling stm32f10x_can.c...
compiling stm32f10x_cec.c...
compiling stm32f10x_crc.c...
compiling stm32f10x_dac.c...
compiling stm32f10x_dbgmcu.c...
compiling stm32f10x_dma.c...
compiling stm32f10x_exti.c...
compiling stm32f10x_flash.c...
compiling stm32f10x_fsmc.c...
compiling stm32f10x_gpio.c...
compiling stm32f10x_i2c.c...
compiling stm32f10x_iwdg.c...
compiling stm32f10x_pwr.c...
compiling stm32f10x_rcc.c...
compiling stm32f10x_rtc.c...
compiling stm32f10x_sdio.c...
compiling stm32f10x_spi.c...
compiling stm32f10x_tim.c...
compiling stm32f10x_usart.c...
compiling stm32f10x_wwdg.c...
linking...
Program Size: Code=832 RO-data=336 RW-data=20 ZI-data=1636  
"..\object\onenetdemo.axf" - 0 Error(s), 0 Warning(s).
Build target 'Target 1'
compiling stm32f10x_it.c...
linking...
Program Size: Code=832 RO-data=336 RW-data=20 ZI-data=1636  
"..\object\onenetdemo.axf" - 0 Error(s), 0 Warning(s).
Build target 'Target 1'
linking...
Program Size: Code=832 RO-data=336 RW-data=20 ZI-data=1636  
"..\object\onenetdemo.axf" - 0 Error(s), 0 Warning(s).
Build target 'Target 1'
linking...
Program Size: Code=832 RO-data=336 RW-data=20 ZI-data=1636  
"..\object\onenetdemo.axf" - 0 Error(s), 0 Warning(s).
Build target 'Target 1'
linking...
Program Size: Code=832 RO-data=336 RW-data=20 ZI-data=1636  
"..\object\onenetdemo.axf" - 0 Error(s), 0 Warning(s).
Build target 'Target 1'
linking...
Program Size: Code=832 RO-data=336 RW-data=20 ZI-data=1636  
"..\object\onenetdemo.axf" - 0 Error(s), 0 Warning(s).
