ARM Linker, 5.02 [Build 28] [MDK-ARM Standard]

==============================================================================

Section Cross References

    system_stm32f10x.o(.text) refers to system_stm32f10x.o(.data) for SystemCoreClock
    startup_stm32f10x_hd.o(RESET) refers to startup_stm32f10x_hd.o(STACK) for __initial_sp
    startup_stm32f10x_hd.o(RESET) refers to startup_stm32f10x_hd.o(.text) for Reset_Handler
    startup_stm32f10x_hd.o(RESET) refers to stm32f10x_it.o(.text) for NMI_Handler
    startup_stm32f10x_hd.o(RESET) refers to key.o(.text) for EXTI2_IRQHandler
    startup_stm32f10x_hd.o(.text) refers to system_stm32f10x.o(.text) for SystemInit
    startup_stm32f10x_hd.o(.text) refers to entry.o(.ARM.Collect$$$$00000000) for __main
    main.o(.text) refers to led.o(.text) for LED_Init
    main.o(.text) refers to key.o(.text) for KEY_Init
    main.o(.text) refers to usart1.o(.text) for USART1_Init
    main.o(.text) refers to usart2.o(.text) for USART2_Init
    main.o(.text) refers to esp8266.o(.text) for ESP8266_Init
    main.o(.text) refers to memseta.o(.text) for __aeabi_memclr
    main.o(.text) refers to usart2.o(.data) for rcv_cmd_flag
    main.o(.text) refers to usart2.o(.bss) for usart2_cmd_buf
    stm32f10x_it.o(.text) refers to _scanf_int.o(.text) for _scanf_int
    stm32f10x_it.o(.text) refers to memseta.o(.text) for __aeabi_memclr
    stm32f10x_it.o(.text) refers to strstr.o(.text) for strstr
    stm32f10x_it.o(.text) refers to __0sscanf.o(.text) for __0sscanf
    stm32f10x_it.o(.text) refers to usart2.o(.data) for usart2_rcv_len
    stm32f10x_it.o(.text) refers to usart2.o(.bss) for usart2_rcv_buf
    stm32f10x_adc.o(.text) refers to stm32f10x_rcc.o(.text) for RCC_APB2PeriphResetCmd
    stm32f10x_bkp.o(.text) refers to stm32f10x_rcc.o(.text) for RCC_BackupResetCmd
    stm32f10x_can.o(.text) refers to stm32f10x_rcc.o(.text) for RCC_APB1PeriphResetCmd
    stm32f10x_cec.o(.text) refers to stm32f10x_rcc.o(.text) for RCC_APB1PeriphResetCmd
    stm32f10x_dac.o(.text) refers to stm32f10x_rcc.o(.text) for RCC_APB1PeriphResetCmd
    stm32f10x_gpio.o(.text) refers to stm32f10x_rcc.o(.text) for RCC_APB2PeriphResetCmd
    stm32f10x_i2c.o(.text) refers to stm32f10x_rcc.o(.text) for RCC_APB1PeriphResetCmd
    stm32f10x_pwr.o(.text) refers to stm32f10x_rcc.o(.text) for RCC_APB1PeriphResetCmd
    stm32f10x_rcc.o(.text) refers to stm32f10x_rcc.o(.data) for APBAHBPrescTable
    stm32f10x_spi.o(.text) refers to stm32f10x_rcc.o(.text) for RCC_APB2PeriphResetCmd
    stm32f10x_tim.o(.text) refers to stm32f10x_rcc.o(.text) for RCC_APB2PeriphResetCmd
    stm32f10x_usart.o(.text) refers to stm32f10x_rcc.o(.text) for RCC_APB2PeriphResetCmd
    stm32f10x_wwdg.o(.text) refers to stm32f10x_rcc.o(.text) for RCC_APB1PeriphResetCmd
    usart1.o(.text) refers to stm32f10x_usart.o(.text) for USART_SendData
    usart1.o(.text) refers to stm32f10x_rcc.o(.text) for RCC_APB2PeriphClockCmd
    usart1.o(.text) refers to stm32f10x_gpio.o(.text) for GPIO_Init
    usart1.o(.text) refers to misc.o(.text) for NVIC_Init
    usart2.o(.text) refers to stm32f10x_rcc.o(.text) for RCC_APB2PeriphClockCmd
    usart2.o(.text) refers to stm32f10x_gpio.o(.text) for GPIO_Init
    usart2.o(.text) refers to stm32f10x_usart.o(.text) for USART_Init
    usart2.o(.text) refers to misc.o(.text) for NVIC_Init
    led.o(.text) refers to stm32f10x_rcc.o(.text) for RCC_APB2PeriphClockCmd
    led.o(.text) refers to stm32f10x_gpio.o(.text) for GPIO_Init
    led.o(.text) refers to edpkit.o(.text) for NewBuffer
    led.o(.text) refers to printfa.o(i.__0printf) for __2printf
    led.o(.text) refers to strstr.o(.text) for strstr
    led.o(.text) refers to usart2.o(.bss) for usart2_cmd_buf
    led.o(.text) refers to usart2.o(.data) for command_len
    led.o(.text) refers to led.o(.data) for red_value
    key.o(.text) refers to stm32f10x_rcc.o(.text) for RCC_APB2PeriphClockCmd
    key.o(.text) refers to stm32f10x_gpio.o(.text) for GPIO_Init
    key.o(.text) refers to stm32f10x_exti.o(.text) for EXTI_Init
    key.o(.text) refers to misc.o(.text) for NVIC_Init
    cjson.o(.text) refers to tolower.o(.text) for tolower
    cjson.o(.text) refers to strlen.o(.text) for strlen
    cjson.o(.text) refers to memmovea.o(.text) for __aeabi_memcpy
    cjson.o(.text) refers to memseta.o(.text) for __aeabi_memclr4
    cjson.o(.text) refers to dflti.o(.text) for __aeabi_i2d
    cjson.o(.text) refers to dmul.o(.text) for __aeabi_dmul
    cjson.o(.text) refers to dadd.o(.text) for __aeabi_dadd
    cjson.o(.text) refers to pow.o(i.pow) for pow
    cjson.o(.text) refers to dfixi.o(.text) for __aeabi_d2iz
    cjson.o(.text) refers to cdcmple.o(.text) for __aeabi_cdcmple
    cjson.o(.text) refers to cdrcmple.o(.text) for __aeabi_cdrcmple
    cjson.o(.text) refers to printfa.o(i.__0sprintf) for __2sprintf
    cjson.o(.text) refers to floor.o(i.floor) for floor
    cjson.o(.text) refers to cjson.o(.data) for ep
    cjson.o(.text) refers to malloc.o(i.malloc) for malloc
[...]
    printfa.o(i._fp_digits) refers to ddiv.o(.text) for __aeabi_ddiv
    printfa.o(i._fp_digits) refers to cdrcmple.o(.text) for __aeabi_cdrcmple
    printfa.o(i._fp_digits) refers to dadd.o(.text) for __aeabi_dadd
    printfa.o(i._fp_digits) refers to dfixul.o(.text) for __aeabi_d2ulz
    printfa.o(i._fp_digits) refers to uldiv.o(.text) for __aeabi_uldivmod
    printfa.o(i._printf_core) refers (Special) to iusefp.o(.text) for __I$use$fp
    printfa.o(i._printf_core) refers to printfa.o(i._printf_pre_padding) for _printf_pre_padding
    printfa.o(i._printf_core) refers to uldiv.o(.text) for __aeabi_uldivmod
    printfa.o(i._printf_core) refers to printfa.o(i._printf_post_padding) for _printf_post_padding
    printfa.o(i._printf_core) refers to printfa.o(i._fp_digits) for _fp_digits
    printfa.o(i._printf_core) refers to uidiv.o(.text) for __aeabi_uidivmod
    printfa.o(i._printf_post_padding) refers (Special) to iusefp.o(.text) for __I$use$fp
    printfa.o(i._printf_pre_padding) refers (Special) to iusefp.o(.text) for __I$use$fp
    printfa.o(i._snputc) refers (Special) to iusefp.o(.text) for __I$use$fp
    printfa.o(i._sputc) refers (Special) to iusefp.o(.text) for __I$use$fp
    malloc.o(i.free) refers to mvars.o(.data) for __microlib_freelist
    malloc.o(i.malloc) refers to mvars.o(.data) for __microlib_freelist_initialised
    malloc.o(i.malloc) refers to mvars.o(.data) for __microlib_freelist
    malloc.o(i.malloc) refers to startup_stm32f10x_hd.o(HEAP) for __heap_base
    mallocr.o(i.__free$realloc) refers to mvars.o(.data) for __microlib_freelist
    mallocr.o(i.__malloc$realloc) refers to mallocr.o(i.internal_alloc) for internal_alloc
    mallocr.o(i.__malloc$realloc) refers to mvars.o(.data) for __microlib_freelist_initialised
    mallocr.o(i.__malloc$realloc) refers to startup_stm32f10x_hd.o(HEAP) for __heap_base
    mallocr.o(i.__malloc$realloc) refers to mvars.o(.data) for __microlib_freelist
    mallocr.o(i.internal_alloc) refers to memmovea.o(.text) for __aeabi_memcpy
    mallocr.o(i.internal_alloc) refers to mvars.o(.data) for __microlib_freelist
    mallocr.o(i.realloc) refers to mallocr.o(i.__free$realloc) for __free$realloc
    mallocr.o(i.realloc) refers to mallocr.o(i.internal_alloc) for internal_alloc
    mallocr.o(i.realloc) refers to mallocr.o(i.__malloc$realloc) for __malloc$realloc
    mallocr.o(i.realloc) refers to mvars.o(.data) for __microlib_freelist
    malloca.o(i.__aligned_malloc) refers to mvars.o(.data) for __microlib_freelist_initialised
    malloca.o(i.__aligned_malloc) refers to mvars.o(.data) for __microlib_freelist
    malloca.o(i.__aligned_malloc) refers to startup_stm32f10x_hd.o(HEAP) for __heap_base
    malloca.o(i.__free$memalign) refers to mvars.o(.data) for __microlib_freelist
    malloca.o(i.__malloc$memalign) refers to malloca.o(i.__aligned_malloc) for __aligned_malloc
    mallocra.o(i.__aligned_malloc$realloc) refers to mallocra.o(i.internal_alloc) for internal_alloc
    mallocra.o(i.__aligned_malloc$realloc) refers to mvars.o(.data) for __microlib_freelist_initialised
    mallocra.o(i.__aligned_malloc$realloc) refers to startup_stm32f10x_hd.o(HEAP) for __heap_base
    mallocra.o(i.__aligned_malloc$realloc) refers to mvars.o(.data) for __microlib_freelist
    mallocra.o(i.__free$realloc$memalign) refers to mvars.o(.data) for __microlib_freelist
    mallocra.o(i.__malloc$realloc$memalign) refers to mallocra.o(i.__aligned_malloc$realloc) for __aligned_malloc$realloc
    mallocra.o(i.__realloc$memalign) refers to mallocra.o(i.__free$realloc$memalign) for __free$realloc$memalign
    mallocra.o(i.__realloc$memalign) refers to mallocra.o(i.internal_alloc) for internal_alloc
    mallocra.o(i.__realloc$memalign) refers to mallocra.o(i.__malloc$realloc$memalign) for __malloc$realloc$memalign
    mallocra.o(i.__realloc$memalign) refers to mvars.o(.data) for __microlib_freelist
    mallocra.o(i.internal_alloc) refers to memmovea.o(.text) for __aeabi_memcpy
    mallocra.o(i.internal_alloc) refers to mvars.o(.data) for __microlib_freelist
    __0sscanf.o(.text) refers to scanf_char.o(.text) for __vfscanf_char
    __0sscanf.o(.text) refers to _sgetc.o(.text) for _sgetc
    _scanf_int.o(.text) refers to _chval.o(.text) for _chval
    dadd.o(.text) refers (Special) to iusefp.o(.text) for __I$use$fp
    dadd.o(.text) refers to llshl.o(.text) for __aeabi_llsl
    dadd.o(.text) refers to llsshr.o(.text) for __aeabi_lasr
    dadd.o(.text) refers to depilogue.o(.text) for _double_epilogue
    dmul.o(.text) refers (Special) to iusefp.o(.text) for __I$use$fp
    dmul.o(.text) refers to depilogue.o(.text) for _double_epilogue
    dflti.o(.text) refers (Special) to iusefp.o(.text) for __I$use$fp
    dflti.o(.text) refers to depilogue.o(.text) for _double_epilogue
    dfixi.o(.text) refers (Special) to iusefp.o(.text) for __I$use$fp
    dfixi.o(.text) refers to llushr.o(.text) for __aeabi_llsr
    f2d.o(.text) refers (Special) to iusefp.o(.text) for __I$use$fp
    cdcmple.o(.text) refers (Special) to iusefp.o(.text) for __I$use$fp
    cdrcmple.o(.text) refers (Special) to iusefp.o(.text) for __I$use$fp
    dunder.o(i.__mathlib_dbl_underflow) refers to dscalb.o(.text) for __ARM_scalbn
    fpclassify.o(i.__ARM_fpclassify) refers (Special) to iusefp.o(.text) for __I$use$fp
    poly.o(i.__kernel_poly) refers (Special) to iusefp.o(.text) for __I$use$fp
    poly.o(i.__kernel_poly) refers to dmul.o(.text) for __aeabi_dmul
    poly.o(i.__kernel_poly) refers to dadd.o(.text) for __aeabi_dadd
    qnan.o(.constdata) refers (Special) to iusefp.o(.text) for __I$use$fp
    sqrt.o(i.__softfp_sqrt) refers (Special) to iusefp.o(.text) for __I$use$fp
    sqrt.o(i.__softfp_sqrt) refers to dsqrt.o(.text) for _dsqrt
    sqrt.o(i.__softfp_sqrt) refers to errno.o(i.__set_errno) for __set_errno
    sqrt.o(i.sqrt) refers (Special) to iusefp.o(.text) for __I$use$fp
    sqrt.o(i.sqrt) refers to dsqrt.o(.text) for _dsqrt
    sqrt.o(i.sqrt) refers to errno.o(i.__set_errno) for __set_errno
    sqrt_x.o(i.____softfp_sqrt$lsc) refers (Special) to iusefp.o(.text) for __I$use$fp
    sqrt_x.o(i.____softfp_sqrt$lsc) refers to cdcmple.o(.text) for __aeabi_cdcmple
    sqrt_x.o(i.____softfp_sqrt$lsc) refers to errno.o(i.__set_errno) for __set_errno
    sqrt_x.o(i.____softfp_sqrt$lsc) refers to dsqrt.o(.text) for _dsqrt
    sqrt_x.o(i.__sqrt$lsc) refers (Special) to iusefp.o(.text) for __I$use$fp
    sqrt_x.o(i.__sqrt$lsc) refers to cdcmple.o(.text) for __aeabi_cdcmple
    sqrt_x.o(i.__sqrt$lsc) refers to errno.o(i.__set_errno) for __set_errno
    sqrt_x.o(i.__sqrt$lsc) refers to dsqrt.o(.text) for _dsqrt
    entry2.o(.ARM.Collect$$$$00000001) refers to entry2.o(.ARM.Collect$$$$00002712) for __lit__00000000
    entry2.o(.ARM.Collect$$$$00002712) refers to startup_stm32f10x_hd.o(STACK) for __initial_sp
    entry2.o(__vectab_stack_and_reset_area) refers to startup_stm32f10x_hd.o(STACK) for __initial_sp
    entry2.o(__vectab_stack_and_reset_area) refers to entry.o(.ARM.Collect$$$$00000000) for __main
    entry5.o(.ARM.Collect$$$$00000004) refers to init.o(.text) for __scatterload
    entry8.o(.ARM.Collect$$$$00000009) refers to main.o(.text) for main
    uldiv.o(.text) refers to llushr.o(.text) for __aeabi_llsr
    uldiv.o(.text) refers to llshl.o(.text) for __aeabi_llsl
    errno.o(i.__aeabi_errno_addr) refers to errno.o(.data) for .data
    errno.o(i.__read_errno) refers to errno.o(.data) for .data
    errno.o(i.__set_errno) refers to errno.o(.data) for .data
    scanf_char.o(.text) refers to _scanf.o(.text) for __vfscanf
    scanf_char.o(.text) refers to isspace_c.o(.text) for isspace
    depilogue.o(.text) refers to llshl.o(.text) for __aeabi_llsl
    depilogue.o(.text) refers to llushr.o(.text) for __aeabi_llsr
    ddiv.o(.text) refers to depilogue.o(.text) for _double_round
    dfixul.o(.text) refers to llushr.o(.text) for __aeabi_llsr
    dfixul.o(.text) refers to llshl.o(.text) for __aeabi_llsl
    init.o(.text) refers to entry5.o(.ARM.Collect$$$$00000004) for __main_after_scatterload
    isspace_c.o(.text) refers to ctype_c.o(.text) for __ctype_lookup
    _scanf.o(.text) refers (Weak) to _scanf_int.o(.text) for _scanf_int
    dsqrt.o(.text) refers to llushr.o(.text) for __aeabi_llsr
    dsqrt.o(.text) refers to depilogue.o(.text) for _double_round
    ctype_c.o(.text) refers to ctype_c.o(.constdata) for .constdata


==============================================================================

Removing Unused input sections from the image.

    Removing core_cm3.o(.emb_text), (32 bytes).
    Removing stm32f10x_adc.o(.text), (1084 bytes).
    Removing stm32f10x_bkp.o(.text), (172 bytes).
    Removing stm32f10x_can.o(.text), (2540 bytes).
    Removing stm32f10x_cec.o(.text), (288 bytes).
    Removing stm32f10x_crc.o(.text), (72 bytes).
    Removing stm32f10x_dac.o(.text), (360 bytes).
    Removing stm32f10x_dbgmcu.o(.text), (48 bytes).
    Removing stm32f10x_dma.o(.text), (592 bytes).
    Removing stm32f10x_flash.o(.text), (1460 bytes).
    Removing stm32f10x_fsmc.o(.text), (1560 bytes).
    Removing stm32f10x_i2c.o(.text), (1004 bytes).
    Removing stm32f10x_iwdg.o(.text), (64 bytes).
    Removing stm32f10x_pwr.o(.text), (204 bytes).
    Removing stm32f10x_rtc.o(.text), (324 bytes).
    Removing stm32f10x_sdio.o(.text), (464 bytes).
    Removing stm32f10x_spi.o(.text), (780 bytes).
    Removing stm32f10x_tim.o(.text), (3610 bytes).
    Removing stm32f10x_wwdg.o(.text), (124 bytes).
    Removing usart1.o(.bss), (512 bytes).
    Removing usart1.o(.data), (12 bytes).

21 unused section(s) (total 15306 bytes) removed from the image.

==============================================================================

Image Symbol Table

    Local Symbols

    Symbol Name                              Value     Ov Type        Size  Object(Section)

    ../clib/microlib/ctype/ctype.c           0x00000000   Number         0  ctype_c.o ABSOLUTE
    ../clib/microlib/ctype/ctype.c           0x00000000   Number         0  isspace_c.o ABSOLUTE
    ../clib/microlib/ctype/tolower.c         0x00000000   Number         0  tolower.o ABSOLUTE
    ../clib/microlib/division.c              0x00000000   Number         0  uldiv.o ABSOLUTE
    ../clib/microlib/division.c              0x00000000   Number         0  uidiv.o ABSOLUTE
    ../clib/microlib/errno.c                 0x00000000   Number         0  errno.o ABSOLUTE
    ../clib/microlib/init/entry.s            0x00000000   Number         0  entry8.o ABSOLUTE
    ../clib/microlib/init/entry.s            0x00000000   Number         0  entry7b.o ABSOLUTE
    ../clib/microlib/init/entry.s            0x00000000   Number         0  entry7a.o ABSOLUTE
    ../clib/microlib/init/entry.s            0x00000000   Number         0  entry5.o ABSOLUTE
    ../clib/microlib/init/entry.s            0x00000000   Number         0  entry2.o ABSOLUTE
    ../clib/microlib/init/entry.s            0x00000000   Number         0  entry.o ABSOLUTE
    ../clib/microlib/longlong.c              0x00000000   Number         0  llsshr.o ABSOLUTE
    ../clib/microlib/longlong.c              0x00000000   Number         0  llushr.o ABSOLUTE
    ../clib/microlib/longlong.c              0x00000000   Number         0  llshl.o ABSOLUTE
    ../clib/microlib/malloc/malloc.c         0x00000000   Number         0  mallocra.o ABSOLUTE
    ../clib/microlib/malloc/malloc.c         0x00000000   Number         0  mallocr.o ABSOLUTE
    ../clib/microlib/malloc/malloc.c         0x00000000   Number         0  malloca.o ABSOLUTE
    ../clib/microlib/malloc/malloc.c         0x00000000   Number         0  malloc.o ABSOLUTE
    ../clib/microlib/malloc/mvars.c          0x00000000   Number         0  mvars.o ABSOLUTE
    ../clib/microlib/printf/printf.c         0x00000000   Number         0  printf1.o ABSOLUTE
    ../clib/microlib/printf/printf.c         0x00000000   Number         0  printf0.o ABSOLUTE
    ../clib/microlib/printf/printf.c         0x00000000   Number         0  printf4.o ABSOLUTE
    ../clib/microlib/printf/printf.c         0x00000000   Number         0  printf5.o ABSOLUTE
    ../clib/microlib/printf/printf.c         0x00000000   Number         0  printf6.o ABSOLUTE
    ../clib/microlib/printf/printf.c         0x00000000   Number         0  printf8.o ABSOLUTE
    ../clib/microlib/printf/printf.c         0x00000000   Number         0  printfb.o ABSOLUTE
    ../clib/microlib/printf/printf.c         0x00000000   Number         0  printfa.o ABSOLUTE
    ../clib/microlib/printf/printf.c         0x00000000   Number         0  printf7.o ABSOLUTE
    ../clib/microlib/printf/printf.c         0x00000000   Number         0  printf3.o ABSOLUTE
    ../clib/microlib/printf/printf.c         0x00000000   Number         0  printf2.o ABSOLUTE
    ../clib/microlib/printf/stubs.s          0x00000000   Number         0  stubs.o ABSOLUTE
    ../clib/microlib/stdio/streams.c         0x00000000   Number         0  stdout.o ABSOLUTE
    ../clib/microlib/string/memcpy.c         0x00000000   Number         0  memcpya.o ABSOLUTE
    ../clib/microlib/string/memcpy.c         0x00000000   Number         0  memmovea.o ABSOLUTE
    ../clib/microlib/string/memcpy.c         0x00000000   Number         0  memmoveb.o ABSOLUTE
    ../clib/microlib/string/memcpy.c         0x00000000   Number         0  memcpyb.o ABSOLUTE
    ../clib/microlib/string/memset.c         0x00000000   Number         0  memseta.o ABSOLUTE
    ../clib/microlib/string/strcat.c         0x00000000   Number         0  strcat.o ABSOLUTE
    ../clib/microlib/string/strchr.c         0x00000000   Number         0  strchr.o ABSOLUTE
    ../clib/microlib/string/strcpy.c         0x00000000   Number         0  strcpy.o ABSOLUTE
    ../clib/microlib/string/strlen.c         0x00000000   Number         0  strlen.o ABSOLUTE
    ../clib/microlib/string/strncmp.c        0x00000000   Number         0  strncmp.o ABSOLUTE
    ../clib/microlib/string/strncpy.c        0x00000000   Number         0  strncpy.o ABSOLUTE
    ../clib/microlib/string/strstr.c         0x00000000   Number         0  strstr.o ABSOLUTE
    ../clib/microlib/stubs.s                 0x00000000   Number         0  iusefp.o ABSOLUTE
    ../clib/scanf.c                          0x00000000   Number         0  _scanf_int.o ABSOLUTE
    ../clib/scanf.c                          0x00000000   Number         0  __0sscanf.o ABSOLUTE
    ../clib/scanf.c                          0x00000000   Number         0  scanf_char.o ABSOLUTE
    ../clib/scanf.c                          0x00000000   Number         0  _sgetc.o ABSOLUTE
    ../clib/scanf.c                          0x00000000   Number         0  _chval.o ABSOLUTE
    ../clib/scanf.c                          0x00000000   Number         0  _scanf.o ABSOLUTE
    ../fplib/microlib/f2d.c                  0x00000000   Number         0  f2d.o ABSOLUTE
    ../fplib/microlib/fpadd.c                0x00000000   Number         0  dadd.o ABSOLUTE
    ../fplib/microlib/fpdiv.c                0x00000000   Number         0  ddiv.o ABSOLUTE
    ../fplib/microlib/fpepilogue.c           0x00000000   Number         0  depilogue.o ABSOLUTE
    ../fplib/microlib/fpfix.c                0x00000000   Number         0  dfixi.o ABSOLUTE
    ../fplib/microlib/fpfix.c                0x00000000   Number         0  dfixul.o ABSOLUTE
    ../fplib/microlib/fpflt.c                0x00000000   Number         0  dflti.o ABSOLUTE
    ../fplib/microlib/fpmul.c                0x00000000   Number         0  dmul.o ABSOLUTE
    ../fplib/microlib/fpscalb.c              0x00000000   Number         0  dscalb.o ABSOLUTE
    ../fplib/microlib/fpsqrt.c               0x00000000   Number         0  dsqrt.o ABSOLUTE
    ../mathlib/dunder.c                      0x00000000   Number         0  dunder.o ABSOLUTE
    ../mathlib/floor.c                       0x00000000   Number         0  floor.o ABSOLUTE
    ../mathlib/fpclassify.c                  0x00000000   Number         0  fpclassify.o ABSOLUTE
    ../mathlib/poly.c                        0x00000000   Number         0  poly.o ABSOLUTE
    ../mathlib/pow.c                         0x00000000   Number         0  pow.o ABSOLUTE
    ../mathlib/pow.c                         0x00000000   Number         0  pow_x.o ABSOLUTE
    ../mathlib/qnan.c                        0x00000000   Number         0  qnan.o ABSOLUTE
    ../mathlib/sqrt.c                        0x00000000   Number         0  sqrt.o ABSOLUTE
    ../mathlib/sqrt.c                        0x00000000   Number         0  sqrt_x.o ABSOLUTE
    ..\Driver\key.c                          0x00000000   Number         0  key.o ABSOLUTE
    ..\Driver\led.c                          0x00000000   Number         0  led.o ABSOLUTE
    ..\Driver\usart1.c                       0x00000000   Number         0  usart1.o ABSOLUTE
    ..\Driver\usart2.c                       0x00000000   Number         0  usart2.o ABSOLUTE
    ..\EDP\EdpKit.c                          0x00000000   Number         0  edpkit.o ABSOLUTE
    ..\EDP\cJSON.c                           0x00000000   Number         0  cjson.o ABSOLUTE
    ..\Libraries\CMSIS\core_cm3.c            0x00000000   Number         0  core_cm3.o ABSOLUTE
    ..\Libraries\CMSIS\startup\arm\startup_stm32f10x_hd.s 0x00000000   Number         0  startup_stm32f10x_hd.o ABSOLUTE
    ..\Libraries\CMSIS\system_stm32f10x.c    0x00000000   Number         0  system_stm32f10x.o ABSOLUTE
    ..\Libraries\STM32F10x_StdPeriph_Driver\src\misc.c 0x00000000   Number         0  misc.o ABSOLUTE
    ..\Libraries\STM32F10x_StdPeriph_Driver\src\stm32f10x_adc.c 0x00000000   Number         0  stm32f10x_adc.o ABSOLUTE
    ..\Libraries\STM32F10x_StdPeriph_Driver\src\stm32f10x_bkp.c 0x00000000   Number         0  stm32f10x_bkp.o ABSOLUTE
    ..\Libraries\STM32F10x_StdPeriph_Driver\src\stm32f10x_can.c 0x00000000   Number         0  stm32f10x_can.o ABSOLUTE
    ..\Libraries\STM32F10x_StdPeriph_Driver\src\stm32f10x_cec.c 0x00000000   Number         0  stm32f10x_cec.o ABSOLUTE
    ..\Libraries\STM32F10x_StdPeriph_Driver\src\stm32f10x_crc.c 0x00000000   Number         0  stm32f10x_crc.o ABSOLUTE
    ..\Libraries\STM32F10x_StdPeriph_Driver\src\stm32f10x_dac.c 0x00000000   Number         0  stm32f10x_dac.o ABSOLUTE
    ..\Libraries\STM32F10x_StdPeriph_Driver\src\stm32f10x_dbgmcu.c 0x00000000   Number         0  stm32f10x_dbgmcu.o ABSOLUTE
    ..\Libraries\STM32F10x_StdPeriph_Driver\src\stm32f10x_dma.c 0x00000000   Number         0  stm32f10x_dma.o ABSOLUTE
    ..\Libraries\STM32F10x_StdPeriph_Driver\src\stm32f10x_exti.c 0x00000000   Number         0  stm32f10x_exti.o ABSOLUTE
    ..\Libraries\STM32F10x_StdPeriph_Driver\src\stm32f10x_flash.c 0x00000000   Number         0  stm32f10x_flash.o ABSOLUTE
    ..\Libraries\STM32F10x_StdPeriph_Driver\src\stm32f10x_fsmc.c 0x00000000   Number         0  stm32f10x_fsmc.o ABSOLUTE
    ..\Libraries\STM32F10x_StdPeriph_Driver\src\stm32f10x_gpio.c 0x00000000   Number         0  stm32f10x_gpio.o ABSOLUTE
    ..\Libraries\STM32F10x_StdPeriph_Driver\src\stm32f10x_i2c.c 0x00000000   Number         0  stm32f10x_i2c.o ABSOLUTE
    ..\Libraries\STM32F10x_StdPeriph_Driver\src\stm32f10x_iwdg.c 0x00000000   Number         0  stm32f10x_iwdg.o ABSOLUTE
    ..\Libraries\STM32F10x_StdPeriph_Driver\src\stm32f10x_pwr.c 0x00000000   Number         0  stm32f10x_pwr.o ABSOLUTE
    ..\Libraries\STM32F10x_StdPeriph_Driver\src\stm32f10x_rcc.c 0x00000000   Number         0  stm32f10x_rcc.o ABSOLUTE
    ..\Libraries\STM32F10x_StdPeriph_Driver\src\stm32f10x_rtc.c 0x00000000   Number         0  stm32f10x_rtc.o ABSOLUTE
    ..\Libraries\STM32F10x_StdPeriph_Driver\src\stm32f10x_sdio.c 0x00000000   Number         0  stm32f10x_sdio.o ABSOLUTE
    ..\Libraries\STM32F10x_StdPeriph_Driver\src\stm32f10x_spi.c 0x00000000   Number         0  stm32f10x_spi.o ABSOLUTE
    ..\Libraries\STM32F10x_StdPeriph_Driver\src\stm32f10x_tim.c 0x00000000   Number         0  stm32f10x_tim.o ABSOLUTE
    ..\Libraries\STM32F10x_StdPeriph_Driver\src\stm32f10x_usart.c 0x00000000   Number         0  stm32f10x_usart.o ABSOLUTE
    ..\Libraries\STM32F10x_StdPeriph_Driver\src\stm32f10x_wwdg.c 0x00000000   Number         0  stm32f10x_wwdg.o ABSOLUTE
    ..\Network\esp8266.c                     0x00000000   Number         0  esp8266.o ABSOLUTE
    ..\User\main.c                           0x00000000   Number         0  main.o ABSOLUTE
    ..\User\stm32f10x_it.c                   0x00000000   Number         0  stm32f10x_it.o ABSOLUTE
    ..\\Libraries\\CMSIS\\core_cm3.c         0x00000000   Number         0  core_cm3.o ABSOLUTE
    cdcmple.s                                0x00000000   Number         0  cdcmple.o ABSOLUTE
    cdrcmple.s                               0x00000000   Number         0  cdrcmple.o ABSOLUTE
    dc.s                                     0x00000000   Number         0  dc.o ABSOLUTE
    handlers.s                               0x00000000   Number         0  handlers.o ABSOLUTE
    init.s                                   0x00000000   Number         0  init.o ABSOLUTE
    RESET                                    0x08000000   Section      304  startup_stm32f10x_hd.o(RESET)
    .ARM.Collect$$$$00000000                 0x08000130   Section        0  entry.o(.ARM.Collect$$$$00000000)
    .ARM.Collect$$$$00000001                 0x08000130   Section        4  entry2.o(.ARM.Collect$$$$00000001)
    .ARM.Collect$$$$00000004                 0x08000134   Section        4  entry5.o(.ARM.Collect$$$$00000004)
    .ARM.Collect$$$$00000008                 0x08000138   Section        0  entry7b.o(.ARM.Collect$$$$00000008)
    .ARM.Collect$$$$00000009                 0x08000138   Section        8  entry8.o(.ARM.Collect$$$$00000009)
    .ARM.Collect$$$$00002712                 0x08000140   Section        4  entry2.o(.ARM.Collect$$$$00002712)
    __lit__00000000                          0x08000140   Data           4  entry2.o(.ARM.Collect$$$$00002712)
    .text                                    0x08000144   Section        0  system_stm32f10x.o(.text)
    SetSysClockTo72                          0x08000145   Thumb Code   192  system_stm32f10x.o(.text)
    SetSysClock                              0x08000205   Thumb Code     8  system_stm32f10x.o(.text)
    .text                                    0x08000314   Section       36  startup_stm32f10x_hd.o(.text)
    .text                                    0x08000338   Section        0  main.o(.text)
    .text                                    0x080003e4   Section        0  stm32f10x_it.o(.text)
    .text                                    0x08000580   Section        0  misc.o(.text)
    .text                                    0x0800065c   Section        0  stm32f10x_exti.o(.text)
    .text                                    0x08000778   Section        0  stm32f10x_gpio.o(.text)
    .text                                    0x08000ad0   Section        0  stm32f10x_rcc.o(.text)
    .text                                    0x08000e74   Section        0  stm32f10x_usart.o(.text)
    .text                                    0x0800127c   Section        0  usart1.o(.text)
    .text                                    0x08001370   Section        0  usart2.o(.text)
    .text                                    0x08001450   Section        0  led.o(.text)
    .text                                    0x08001750   Section        0  key.o(.text)
    .text                                    0x080019e0   Section        0  cjson.o(.text)
    cJSON_strcasecmp                         0x080019e7   Thumb Code    76  cjson.o(.text)
    cJSON_strdup                             0x08001a33   Thumb Code    40  cjson.o(.text)
    cJSON_New_Item                           0x08001a8b   Thumb Code    26  cjson.o(.text)
    parse_number                             0x08001aef   Thumb Code   432  cjson.o(.text)
    print_number                             0x08001c9f   Thumb Code   246  cjson.o(.text)
    parse_hex4                               0x08001d95   Thumb Code   364  cjson.o(.text)
    parse_string                             0x08001f01   Thumb Code   448  cjson.o(.text)
    print_string_ptr                         0x080020c1   Thumb Code   272  cjson.o(.text)
    print_string                             0x080021d1   Thumb Code    12  cjson.o(.text)
    skip                                     0x080021dd   Thumb Code    18  cjson.o(.text)
    parse_object                             0x080021ef   Thumb Code   298  cjson.o(.text)
    parse_array                              0x08002319   Thumb Code   166  cjson.o(.text)
    parse_value                              0x080023bf   Thumb Code   158  cjson.o(.text)
    print_object                             0x080024cd   Thumb Code   658  cjson.o(.text)
    print_array                              0x0800275f   Thumb Code   352  cjson.o(.text)
    print_value                              0x080028bf   Thumb Code   128  cjson.o(.text)
    suffix_object                            0x080029a1   Thumb Code     6  cjson.o(.text)
    create_reference                         0x080029a7   Thumb Code    48  cjson.o(.text)
    .text                                    0x08002ec0   Section        0  edpkit.o(.text)
    FormatAt                                 0x08002ec3   Thumb Code     6  edpkit.o(.text)
    PacketSavedataType1Int                   0x0800341b   Thumb Code   224  edpkit.o(.text)
    PacketSavedataType1Double                0x080034fb   Thumb Code   220  edpkit.o(.text)
    PacketSavedataType1String                0x080035d7   Thumb Code   270  edpkit.o(.text)
    PacketSavedataType2Int                   0x080036e5   Thumb Code    68  edpkit.o(.text)
    PacketSavedataType2Double                0x08003729   Thumb Code    72  edpkit.o(.text)
    PacketSavedataType2String                0x08003771   Thumb Code    68  edpkit.o(.text)
    PacketSavedataType3Int                   0x080037b5   Thumb Code   110  edpkit.o(.text)
    PacketSavedataType3Double                0x08003823   Thumb Code   114  edpkit.o(.text)
    PacketSavedataType3String                0x08003895   Thumb Code   108  edpkit.o(.text)
    UnpackSavedataType1Int                   0x08003a79   Thumb Code   204  edpkit.o(.text)
    UnpackSavedataType1Double                0x08003b45   Thumb Code   208  edpkit.o(.text)
    UnpackSavedataType1String                0x08003c15   Thumb Code   244  edpkit.o(.text)
    UnpackSavedataType2Int                   0x08003d09   Thumb Code    96  edpkit.o(.text)
    UnpackSavedataType2Double                0x08003d69   Thumb Code   100  edpkit.o(.text)
    UnpackSavedataType2String                0x08003dcd   Thumb Code   140  edpkit.o(.text)
    UnpackSavedataType3Int                   0x08003e59   Thumb Code   110  edpkit.o(.text)
    UnpackSavedataType3Double                0x08003ec7   Thumb Code   114  edpkit.o(.text)
    UnpackSavedataType3String                0x08003f39   Thumb Code   148  edpkit.o(.text)
    .text                                    0x080046ec   Section        0  esp8266.o(.text)
    .text                                    0x08004ef0   Section        0  tolower.o(.text)
    .text                                    0x08004efc   Section        0  memmovea.o(.text)
    .text                                    0x08004f3c   Section        0  memseta.o(.text)
    .text                                    0x08004f60   Section        0  strcat.o(.text)
    .text                                    0x08004f7c   Section        0  strstr.o(.text)
    .text                                    0x08004fa8   Section        0  strncpy.o(.text)
    .text                                    0x08004fc0   Section        0  strchr.o(.text)
    .text                                    0x08004fd2   Section        0  strlen.o(.text)
    .text                                    0x08004fe2   Section        0  strcpy.o(.text)
    .text                                    0x08004ff4   Section        0  strncmp.o(.text)
    .text                                    0x08005014   Section        0  __0sscanf.o(.text)
    .text                                    0x0800504c   Section        0  _scanf_int.o(.text)
    .text                                    0x0800519c   Section        0  dadd.o(.text)
    .text                                    0x080052ea   Section        0  dmul.o(.text)
    .text                                    0x080053ce   Section        0  dflti.o(.text)
    .text                                    0x080053f0   Section        0  dfixi.o(.text)
    .text                                    0x0800542e   Section        0  f2d.o(.text)
    .text                                    0x08005454   Section       40  cdcmple.o(.text)
    .text                                    0x0800547c   Section       40  cdrcmple.o(.text)
    .text                                    0x080054a4   Section        0  uidiv.o(.text)
    .text                                    0x080054d0   Section        0  uldiv.o(.text)
    .text                                    0x08005532   Section        0  llshl.o(.text)
    .text                                    0x08005550   Section        0  llushr.o(.text)
    .text                                    0x08005570   Section        0  llsshr.o(.text)
    .text                                    0x08005594   Section        0  _chval.o(.text)
    .text                                    0x080055b0   Section        0  scanf_char.o(.text)
    _scanf_char_input                        0x080055b1   Thumb Code    12  scanf_char.o(.text)
    .text                                    0x080055d8   Section        0  _sgetc.o(.text)
    .text                                    0x08005618   Section        0  depilogue.o(.text)
    .text                                    0x08005618   Section        0  iusefp.o(.text)
    .text                                    0x080056d6   Section        0  ddiv.o(.text)
    .text                                    0x080057b4   Section        0  dscalb.o(.text)
    .text                                    0x080057e2   Section        0  dfixul.o(.text)
    .text                                    0x08005814   Section       36  init.o(.text)
    .text                                    0x08005838   Section        0  isspace_c.o(.text)
    .text                                    0x08005844   Section        0  _scanf.o(.text)
    .text                                    0x08005b70   Section        0  dsqrt.o(.text)
    .text                                    0x08005c14   Section        0  ctype_c.o(.text)
    i.__0printf                              0x08005c3c   Section        0  printfa.o(i.__0printf)
    i.__0sprintf                             0x08005c5c   Section        0  printfa.o(i.__0sprintf)
    i.__ARM_fpclassify                       0x08005c84   Section        0  fpclassify.o(i.__ARM_fpclassify)
    i.__kernel_poly                          0x08005cac   Section        0  poly.o(i.__kernel_poly)
    i.__mathlib_dbl_underflow                0x08005d58   Section        0  dunder.o(i.__mathlib_dbl_underflow)
    i.__scatterload_copy                     0x08005d68   Section       14  handlers.o(i.__scatterload_copy)
    i.__scatterload_null                     0x08005d76   Section        2  handlers.o(i.__scatterload_null)
    i.__scatterload_zeroinit                 0x08005d78   Section       14  handlers.o(i.__scatterload_zeroinit)
    i.__set_errno                            0x08005d88   Section        0  errno.o(i.__set_errno)
    i._fp_digits                             0x08005d94   Section        0  printfa.o(i._fp_digits)
    _fp_digits                               0x08005d95   Thumb Code   326  printfa.o(i._fp_digits)
    i._printf_core                           0x08005ef0   Section        0  printfa.o(i._printf_core)
    _printf_core                             0x08005ef1   Thumb Code  1762  printfa.o(i._printf_core)
    i._printf_post_padding                   0x080065e0   Section        0  printfa.o(i._printf_post_padding)
    _printf_post_padding                     0x080065e1   Thumb Code    38  printfa.o(i._printf_post_padding)
    i._printf_pre_padding                    0x08006606   Section        0  printfa.o(i._printf_pre_padding)
    _printf_pre_padding                      0x08006607   Thumb Code    48  printfa.o(i._printf_pre_padding)
    i._sputc                                 0x08006636   Section        0  printfa.o(i._sputc)
    _sputc                                   0x08006637   Thumb Code    10  printfa.o(i._sputc)
    i.floor                                  0x08006640   Section        0  floor.o(i.floor)
    i.free                                   0x0800671c   Section        0  malloc.o(i.free)
    i.malloc                                 0x0800676c   Section        0  malloc.o(i.malloc)
    i.pow                                    0x080067d8   Section        0  pow.o(i.pow)
    i.sqrt                                   0x080071b8   Section        0  sqrt.o(i.sqrt)
    .constdata                               0x08007206   Section        7  cjson.o(.constdata)
    firstByteMark                            0x08007206   Data           7  cjson.o(.constdata)
    .constdata                               0x08007210   Section      102  esp8266.o(.constdata)
    .constdata                               0x08007278   Section      136  pow.o(.constdata)
    bp                                       0x08007278   Data          16  pow.o(.constdata)
    dp_h                                     0x08007288   Data          16  pow.o(.constdata)
    dp_l                                     0x08007298   Data          16  pow.o(.constdata)
    L                                        0x080072a8   Data          48  pow.o(.constdata)
    P                                        0x080072d8   Data          40  pow.o(.constdata)
    .constdata                               0x08007300   Section        8  qnan.o(.constdata)
    .constdata                               0x08007308   Section       64  ctype_c.o(.constdata)
    .data                                    0x20000000   Section       20  system_stm32f10x.o(.data)
    .data                                    0x20000014   Section       20  stm32f10x_rcc.o(.data)
    APBAHBPrescTable                         0x20000014   Data          16  stm32f10x_rcc.o(.data)
    ADCPrescTable                            0x20000024   Data           4  stm32f10x_rcc.o(.data)
    .data                                    0x20000028   Section       20  usart2.o(.data)
    .data                                    0x2000003c   Section        4  led.o(.data)
    .data                                    0x20000040   Section       12  cjson.o(.data)
    cJSON_malloc                             0x20000040   Data           4  cjson.o(.data)
    cJSON_free                               0x20000044   Data           4  cjson.o(.data)
    ep                                       0x20000048   Data           4  cjson.o(.data)
    .data                                    0x2000004c   Section        4  esp8266.o(.data)
    .data                                    0x20000050   Section        4  stdout.o(.data)
    .data                                    0x20000054   Section        4  mvars.o(.data)
    .data                                    0x20000058   Section        4  mvars.o(.data)
    .data                                    0x2000005c   Section        4  errno.o(.data)
    _errno                                   0x2000005c   Data           4  errno.o(.data)
    .bss                                     0x20000060   Section     1536  usart2.o(.bss)
    .bss                                     0x20000660   Section     1024  esp8266.o(.bss)
    HEAP                                     0x20000a60   Section      512  startup_stm32f10x_hd.o(HEAP)
    STACK                                    0x20000c60   Section     1024  startup_stm32f10x_hd.o(STACK)

    Global Symbols

    Symbol Name                              Value     Ov Type        Size  Object(Section)

    BuildAttributes$$THM_ISAv4$P$D$K$B$S$PE$A:L22UL41UL21$X:L11$S22US41US21$IEEE1$IW$USESV6$~STKCKD$USESV7$~SHL$OTIME$ROPI$IEEEX$EBA8$MICROLIB$REQ8$PRES8$EABIv2 0x00000000   Number         0  anon$$obj.o ABSOLUTE
    __ARM_use_no_argv                        0x00000000   Number         0  main.o ABSOLUTE
    _printf_a                                0x00000000   Number         0  stubs.o ABSOLUTE
    _printf_c                                0x00000000   Number         0  stubs.o ABSOLUTE
    _printf_charcount                        0x00000000   Number         0  stubs.o ABSOLUTE
    _printf_d                                0x00000000   Number         0  stubs.o ABSOLUTE
    _printf_e                                0x00000000   Number         0  stubs.o ABSOLUTE
    _printf_f                                0x00000000   Number         0  stubs.o ABSOLUTE
    _printf_flags                            0x00000000   Number         0  stubs.o ABSOLUTE
    _printf_fp_dec                           0x00000000   Number         0  stubs.o ABSOLUTE
    _printf_fp_hex                           0x00000000   Number         0  stubs.o ABSOLUTE
    _printf_g                                0x00000000   Number         0  stubs.o ABSOLUTE
    _printf_i                                0x00000000   Number         0  stubs.o ABSOLUTE
    _printf_int_dec                          0x00000000   Number         0  stubs.o ABSOLUTE
    _printf_l                                0x00000000   Number         0  stubs.o ABSOLUTE
    _printf_lc                               0x00000000   Number         0  stubs.o ABSOLUTE
    _printf_ll                               0x00000000   Number         0  stubs.o ABSOLUTE
    _printf_lld                              0x00000000   Number         0  stubs.o ABSOLUTE
    _printf_lli                              0x00000000   Number         0  stubs.o ABSOLUTE
    _printf_llo                              0x00000000   Number         0  stubs.o ABSOLUTE
    _printf_llu                              0x00000000   Number         0  stubs.o ABSOLUTE
    _printf_llx                              0x00000000   Number         0  stubs.o ABSOLUTE
    _printf_longlong_dec                     0x00000000   Number         0  stubs.o ABSOLUTE
    _printf_longlong_hex                     0x00000000   Number         0  stubs.o ABSOLUTE
    _printf_longlong_oct                     0x00000000   Number         0  stubs.o ABSOLUTE
    _printf_ls                               0x00000000   Number         0  stubs.o ABSOLUTE
    _printf_mbtowc                           0x00000000   Number         0  stubs.o ABSOLUTE
    _printf_n                                0x00000000   Number         0  stubs.o ABSOLUTE
    _printf_o                                0x00000000   Number         0  stubs.o ABSOLUTE
    _printf_p                                0x00000000   Number         0  stubs.o ABSOLUTE
    _printf_percent                          0x00000000   Number         0  stubs.o ABSOLUTE
    _printf_pre_padding                      0x00000000   Number         0  stubs.o ABSOLUTE
    _printf_return_value                     0x00000000   Number         0  stubs.o ABSOLUTE
    _printf_s                                0x00000000   Number         0  stubs.o ABSOLUTE
    _printf_sizespec                         0x00000000   Number         0  stubs.o ABSOLUTE
    _printf_str                              0x00000000   Number         0  stubs.o ABSOLUTE
    _printf_truncate_signed                  0x00000000   Number         0  stubs.o ABSOLUTE
    _printf_truncate_unsigned                0x00000000   Number         0  stubs.o ABSOLUTE
    _printf_u                                0x00000000   Number         0  stubs.o ABSOLUTE
    _printf_wc                               0x00000000   Number         0  stubs.o ABSOLUTE
    _printf_wctomb                           0x00000000   Number         0  stubs.o ABSOLUTE
    _printf_widthprec                        0x00000000   Number         0  stubs.o ABSOLUTE
    _printf_x                                0x00000000   Number         0  stubs.o ABSOLUTE
    __decompress                              - Undefined Weak Reference
    _clock_init                               - Undefined Weak Reference
    _scanf_longlong                           - Undefined Weak Reference
    _scanf_real                               - Undefined Weak Reference
    _scanf_string                             - Undefined Weak Reference
    __Vectors_Size                           0x00000130   Number         0  startup_stm32f10x_hd.o ABSOLUTE
    __Vectors                                0x08000000   Data           4  startup_stm32f10x_hd.o(RESET)
    __Vectors_End                            0x08000130   Data           0  startup_stm32f10x_hd.o(RESET)
    __main                                   0x08000131   Thumb Code     0  entry.o(.ARM.Collect$$$$00000000)
    _main_stk                                0x08000131   Thumb Code     0  entry2.o(.ARM.Collect$$$$00000001)
    _main_scatterload                        0x08000135   Thumb Code     0  entry5.o(.ARM.Collect$$$$00000004)
    __main_after_scatterload                 0x08000139   Thumb Code     0  entry5.o(.ARM.Collect$$$$00000004)
    _main_clock                              0x08000139   Thumb Code     0  entry7b.o(.ARM.Collect$$$$00000008)
    _main_init                               0x08000139   Thumb Code     0  entry8.o(.ARM.Collect$$$$00000009)
    SystemInit                               0x0800020d   Thumb Code    78  system_stm32f10x.o(.text)
    SystemCoreClockUpdate                    0x0800025b   Thumb Code   142  system_stm32f10x.o(.text)
    Reset_Handler                            0x08000315   Thumb Code     8  startup_stm32f10x_hd.o(.text)
    ADC1_2_IRQHandler                        0x0800032f   Thumb Code     0  startup_stm32f10x_hd.o(.text)
    ADC3_IRQHandler                          0x0800032f   Thumb Code     0  startup_stm32f10x_hd.o(.text)
    CAN1_RX1_IRQHandler                      0x0800032f   Thumb Code     0  startup_stm32f10x_hd.o(.text)
    CAN1_SCE_IRQHandler                      0x0800032f   Thumb Code     0  startup_stm32f10x_hd.o(.text)
    DMA1_Channel1_IRQHandler                 0x0800032f   Thumb Code     0  startup_stm32f10x_hd.o(.text)
    DMA1_Channel2_IRQHandler                 0x0800032f   Thumb Code     0  startup_stm32f10x_hd.o(.text)
    DMA1_Channel3_IRQHandler                 0x0800032f   Thumb Code     0  startup_stm32f10x_hd.o(.text)
    DMA1_Channel4_IRQHandler                 0x0800032f   Thumb Code     0  startup_stm32f10x_hd.o(.text)
    DMA1_Channel5_IRQHandler                 0x0800032f   Thumb Code     0  startup_stm32f10x_hd.o(.text)
    DMA1_Channel6_IRQHandler                 0x0800032f   Thumb Code     0  startup_stm32f10x_hd.o(.text)
    DMA1_Channel7_IRQHandler                 0x0800032f   Thumb Code     0  startup_stm32f10x_hd.o(.text)
    DMA2_Channel1_IRQHandler                 0x0800032f   Thumb Code     0  startup_stm32f10x_hd.o(.text)
    DMA2_Channel2_IRQHandler                 0x0800032f   Thumb Code     0  startup_stm32f10x_hd.o(.text)
    DMA2_Channel3_IRQHandler                 0x0800032f   Thumb Code     0  startup_stm32f10x_hd.o(.text)
    DMA2_Channel4_5_IRQHandler               0x0800032f   Thumb Code     0  startup_stm32f10x_hd.o(.text)
    EXTI1_IRQHandler                         0x0800032f   Thumb Code     0  startup_stm32f10x_hd.o(.text)
    EXTI3_IRQHandler                         0x0800032f   Thumb Code     0  startup_stm32f10x_hd.o(.text)
    EXTI4_IRQHandler                         0x0800032f   Thumb Code     0  startup_stm32f10x_hd.o(.text)
    EXTI9_5_IRQHandler                       0x0800032f   Thumb Code     0  startup_stm32f10x_hd.o(.text)
    FLASH_IRQHandler                         0x0800032f   Thumb Code     0  startup_stm32f10x_hd.o(.text)
    FSMC_IRQHandler                          0x0800032f   Thumb Code     0  startup_stm32f10x_hd.o(.text)
    I2C1_ER_IRQHandler                       0x0800032f   Thumb Code     0  startup_stm32f10x_hd.o(.text)
    I2C1_EV_IRQHandler                       0x0800032f   Thumb Code     0  startup_stm32f10x_hd.o(.text)
    I2C2_ER_IRQHandler                       0x0800032f   Thumb Code     0  startup_stm32f10x_hd.o(.text)
    I2C2_EV_IRQHandler                       0x0800032f   Thumb Code     0  startup_stm32f10x_hd.o(.text)
    PVD_IRQHandler                           0x0800032f   Thumb Code     0  startup_stm32f10x_hd.o(.text)
    RCC_IRQHandler                           0x0800032f   Thumb Code     0  startup_stm32f10x_hd.o(.text)
    RTCAlarm_IRQHandler                      0x0800032f   Thumb Code     0  startup_stm32f10x_hd.o(.text)
    SDIO_IRQHandler                          0x0800032f   Thumb Code     0  startup_stm32f10x_hd.o(.text)
    SPI1_IRQHandler                          0x0800032f   Thumb Code     0  startup_stm32f10x_hd.o(.text)
    SPI2_IRQHandler                          0x0800032f   Thumb Code     0  startup_stm32f10x_hd.o(.text)
    SPI3_IRQHandler                          0x0800032f   Thumb Code     0  startup_stm32f10x_hd.o(.text)
    TAMPER_IRQHandler                        0x0800032f   Thumb Code     0  startup_stm32f10x_hd.o(.text)
    TIM1_BRK_IRQHandler                      0x0800032f   Thumb Code     0  startup_stm32f10x_hd.o(.text)
    TIM1_CC_IRQHandler                       0x0800032f   Thumb Code     0  startup_stm32f10x_hd.o(.text)
    TIM1_TRG_COM_IRQHandler                  0x0800032f   Thumb Code     0  startup_stm32f10x_hd.o(.text)
    TIM1_UP_IRQHandler                       0x0800032f   Thumb Code     0  startup_stm32f10x_hd.o(.text)
    TIM2_IRQHandler                          0x0800032f   Thumb Code     0  startup_stm32f10x_hd.o(.text)
    TIM3_IRQHandler                          0x0800032f   Thumb Code     0  startup_stm32f10x_hd.o(.text)
    TIM4_IRQHandler                          0x0800032f   Thumb Code     0  startup_stm32f10x_hd.o(.text)
    TIM5_IRQHandler                          0x0800032f   Thumb Code     0  startup_stm32f10x_hd.o(.text)
    TIM6_IRQHandler                          0x0800032f   Thumb Code     0  startup_stm32f10x_hd.o(.text)
    TIM7_IRQHandler                          0x0800032f   Thumb Code     0  startup_stm32f10x_hd.o(.text)
    TIM8_BRK_IRQHandler                      0x0800032f   Thumb Code     0  startup_stm32f10x_hd.o(.text)
    TIM8_CC_IRQHandler                       0x0800032f   Thumb Code     0  startup_stm32f10x_hd.o(.text)
    TIM8_TRG_COM_IRQHandler                  0x0800032f   Thumb Code     0  startup_stm32f10x_hd.o(.text)
    TIM8_UP_IRQHandler                       0x0800032f   Thumb Code     0  startup_stm32f10x_hd.o(.text)
    UART4_IRQHandler                         0x0800032f   Thumb Code     0  startup_stm32f10x_hd.o(.text)
    UART5_IRQHandler                         0x0800032f   Thumb Code     0  startup_stm32f10x_hd.o(.text)
    USART3_IRQHandler                        0x0800032f   Thumb Code     0  startup_stm32f10x_hd.o(.text)
    USBWakeUp_IRQHandler                     0x0800032f   Thumb Code     0  startup_stm32f10x_hd.o(.text)
    USB_HP_CAN1_TX_IRQHandler                0x0800032f   Thumb Code     0  startup_stm32f10x_hd.o(.text)
    USB_LP_CAN1_RX0_IRQHandler               0x0800032f   Thumb Code     0  startup_stm32f10x_hd.o(.text)
    WWDG_IRQHandler                          0x0800032f   Thumb Code     0  startup_stm32f10x_hd.o(.text)
    main                                     0x08000339   Thumb Code   112  main.o(.text)
    NMI_Handler                              0x080003e5   Thumb Code     2  stm32f10x_it.o(.text)
    HardFault_Handler                        0x080003e7   Thumb Code     4  stm32f10x_it.o(.text)
    MemManage_Handler                        0x080003eb   Thumb Code     4  stm32f10x_it.o(.text)
    BusFault_Handler                         0x080003ef   Thumb Code     4  stm32f10x_it.o(.text)
    UsageFault_Handler                       0x080003f3   Thumb Code     4  stm32f10x_it.o(.text)
    SVC_Handler                              0x080003f7   Thumb Code     2  stm32f10x_it.o(.text)
    DebugMon_Handler                         0x080003f9   Thumb Code     2  stm32f10x_it.o(.text)
    PendSV_Handler                           0x080003fb   Thumb Code     2  stm32f10x_it.o(.text)
    SysTick_Handler                          0x080003fd   Thumb Code     2  stm32f10x_it.o(.text)
    EXTI0_IRQHandler                         0x080003ff   Thumb Code     2  stm32f10x_it.o(.text)
    USART1_IRQHandler                        0x08000401   Thumb Code    36  stm32f10x_it.o(.text)
    USART2_IRQHandler                        0x08000425   Thumb Code   288  stm32f10x_it.o(.text)
    RTC_IRQHandler                           0x08000545   Thumb Code     2  stm32f10x_it.o(.text)
    NVIC_PriorityGroupConfig                 0x08000581   Thumb Code    10  misc.o(.text)
    NVIC_Init                                0x0800058b   Thumb Code   102  misc.o(.text)
    NVIC_SetVectorTable                      0x080005f1   Thumb Code    14  misc.o(.text)
    NVIC_SystemLPConfig                      0x080005ff   Thumb Code    34  misc.o(.text)
    SysTick_CLKSourceConfig                  0x08000621   Thumb Code    40  misc.o(.text)
    EXTI_DeInit                              0x0800065d   Thumb Code    28  stm32f10x_exti.o(.text)
    EXTI_Init                                0x08000679   Thumb Code   142  stm32f10x_exti.o(.text)
    EXTI_StructInit                          0x08000707   Thumb Code    16  stm32f10x_exti.o(.text)
    EXTI_GenerateSWInterrupt                 0x08000717   Thumb Code    16  stm32f10x_exti.o(.text)
    EXTI_GetFlagStatus                       0x08000727   Thumb Code    22  stm32f10x_exti.o(.text)
    EXTI_ClearFlag                           0x0800073d   Thumb Code     8  stm32f10x_exti.o(.text)
    EXTI_GetITStatus                         0x08000745   Thumb Code    34  stm32f10x_exti.o(.text)
    EXTI_ClearITPendingBit                   0x08000767   Thumb Code     8  stm32f10x_exti.o(.text)
    GPIO_DeInit                              0x08000779   Thumb Code   172  stm32f10x_gpio.o(.text)
    GPIO_AFIODeInit                          0x08000825   Thumb Code    20  stm32f10x_gpio.o(.text)
    GPIO_Init                                0x08000839   Thumb Code   274  stm32f10x_gpio.o(.text)
    GPIO_StructInit                          0x0800094b   Thumb Code    16  stm32f10x_gpio.o(.text)
    GPIO_ReadInputDataBit                    0x0800095b   Thumb Code    18  stm32f10x_gpio.o(.text)
    GPIO_ReadInputData                       0x0800096d   Thumb Code     8  stm32f10x_gpio.o(.text)
    GPIO_ReadOutputDataBit                   0x08000975   Thumb Code    18  stm32f10x_gpio.o(.text)
    GPIO_ReadOutputData                      0x08000987   Thumb Code     8  stm32f10x_gpio.o(.text)
    GPIO_SetBits                             0x0800098f   Thumb Code     4  stm32f10x_gpio.o(.text)
    GPIO_ResetBits                           0x08000993   Thumb Code     4  stm32f10x_gpio.o(.text)
    GPIO_WriteBit                            0x08000997   Thumb Code    10  stm32f10x_gpio.o(.text)
    GPIO_Write                               0x080009a1   Thumb Code     4  stm32f10x_gpio.o(.text)
    GPIO_PinLockConfig                       0x080009a5   Thumb Code    18  stm32f10x_gpio.o(.text)
    GPIO_EventOutputConfig                   0x080009b7   Thumb Code    26  stm32f10x_gpio.o(.text)
    GPIO_EventOutputCmd                      0x080009d1   Thumb Code     6  stm32f10x_gpio.o(.text)
    GPIO_PinRemapConfig                      0x080009d7   Thumb Code   138  stm32f10x_gpio.o(.text)
    GPIO_EXTILineConfig                      0x08000a61   Thumb Code    66  stm32f10x_gpio.o(.text)
    GPIO_ETH_MediaInterfaceConfig            0x08000aa3   Thumb Code     6  stm32f10x_gpio.o(.text)
    RCC_DeInit                               0x08000ad1   Thumb Code    64  stm32f10x_rcc.o(.text)
    RCC_HSEConfig                            0x08000b11   Thumb Code    70  stm32f10x_rcc.o(.text)
    RCC_GetFlagStatus                        0x08000b57   Thumb Code    56  stm32f10x_rcc.o(.text)
    RCC_WaitForHSEStartUp                    0x08000b8f   Thumb Code    48  stm32f10x_rcc.o(.text)
    RCC_AdjustHSICalibrationValue            0x08000bbf   Thumb Code    20  stm32f10x_rcc.o(.text)
    RCC_HSICmd                               0x08000bd3   Thumb Code     6  stm32f10x_rcc.o(.text)
    RCC_PLLConfig                            0x08000bd9   Thumb Code    24  stm32f10x_rcc.o(.text)
    RCC_PLLCmd                               0x08000bf1   Thumb Code     6  stm32f10x_rcc.o(.text)
    RCC_SYSCLKConfig                         0x08000bf7   Thumb Code    18  stm32f10x_rcc.o(.text)
    RCC_GetSYSCLKSource                      0x08000c09   Thumb Code    10  stm32f10x_rcc.o(.text)
    RCC_HCLKConfig                           0x08000c13   Thumb Code    18  stm32f10x_rcc.o(.text)
    RCC_PCLK1Config                          0x08000c25   Thumb Code    18  stm32f10x_rcc.o(.text)
    RCC_PCLK2Config                          0x08000c37   Thumb Code    20  stm32f10x_rcc.o(.text)
    RCC_ITConfig                             0x08000c4b   Thumb Code    26  stm32f10x_rcc.o(.text)
    RCC_USBCLKConfig                         0x08000c65   Thumb Code     6  stm32f10x_rcc.o(.text)
    RCC_ADCCLKConfig                         0x08000c6b   Thumb Code    18  stm32f10x_rcc.o(.text)
    RCC_LSEConfig                            0x08000c7d   Thumb Code    44  stm32f10x_rcc.o(.text)
    RCC_LSICmd                               0x08000ca9   Thumb Code     6  stm32f10x_rcc.o(.text)
    RCC_RTCCLKConfig                         0x08000caf   Thumb Code    12  stm32f10x_rcc.o(.text)
    RCC_RTCCLKCmd                            0x08000cbb   Thumb Code     8  stm32f10x_rcc.o(.text)
    RCC_GetClocksFreq                        0x08000cc3   Thumb Code   192  stm32f10x_rcc.o(.text)
    RCC_AHBPeriphClockCmd                    0x08000d83   Thumb Code    26  stm32f10x_rcc.o(.text)
    RCC_APB2PeriphClockCmd                   0x08000d9d   Thumb Code    26  stm32f10x_rcc.o(.text)
    RCC_APB1PeriphClockCmd                   0x08000db7   Thumb Code    26  stm32f10x_rcc.o(.text)
    RCC_APB2PeriphResetCmd                   0x08000dd1   Thumb Code    26  stm32f10x_rcc.o(.text)
    RCC_APB1PeriphResetCmd                   0x08000deb   Thumb Code    26  stm32f10x_rcc.o(.text)
    RCC_BackupResetCmd                       0x08000e05   Thumb Code     8  stm32f10x_rcc.o(.text)
    RCC_ClockSecuritySystemCmd               0x08000e0d   Thumb Code     6  stm32f10x_rcc.o(.text)
    RCC_MCOConfig                            0x08000e13   Thumb Code     6  stm32f10x_rcc.o(.text)
    RCC_ClearFlag                            0x08000e19   Thumb Code    14  stm32f10x_rcc.o(.text)
    RCC_GetITStatus                          0x08000e27   Thumb Code    20  stm32f10x_rcc.o(.text)
    RCC_ClearITPendingBit                    0x08000e3b   Thumb Code     6  stm32f10x_rcc.o(.text)
    USART_DeInit                             0x08000e75   Thumb Code   134  stm32f10x_usart.o(.text)
    USART_Init                               0x08000efb   Thumb Code   210  stm32f10x_usart.o(.text)
    USART_StructInit                         0x08000fcd   Thumb Code    24  stm32f10x_usart.o(.text)
    USART_ClockInit                          0x08000fe5   Thumb Code    34  stm32f10x_usart.o(.text)
    USART_ClockStructInit                    0x08001007   Thumb Code    12  stm32f10x_usart.o(.text)
    USART_Cmd                                0x08001013   Thumb Code    24  stm32f10x_usart.o(.text)
    USART_ITConfig                           0x0800102b   Thumb Code    74  stm32f10x_usart.o(.text)
    USART_DMACmd                             0x08001075   Thumb Code    18  stm32f10x_usart.o(.text)
    USART_SetAddress                         0x08001087   Thumb Code    18  stm32f10x_usart.o(.text)
    USART_WakeUpConfig                       0x08001099   Thumb Code    18  stm32f10x_usart.o(.text)
    USART_ReceiverWakeUpCmd                  0x080010ab   Thumb Code    24  stm32f10x_usart.o(.text)
    USART_LINBreakDetectLengthConfig         0x080010c3   Thumb Code    18  stm32f10x_usart.o(.text)
    USART_LINCmd                             0x080010d5   Thumb Code    24  stm32f10x_usart.o(.text)
    USART_SendData                           0x080010ed   Thumb Code     8  stm32f10x_usart.o(.text)
    USART_ReceiveData                        0x080010f5   Thumb Code    10  stm32f10x_usart.o(.text)
    USART_SendBreak                          0x080010ff   Thumb Code    10  stm32f10x_usart.o(.text)
    USART_SetGuardTime                       0x08001109   Thumb Code    16  stm32f10x_usart.o(.text)
    USART_SetPrescaler                       0x08001119   Thumb Code    16  stm32f10x_usart.o(.text)
    USART_SmartCardCmd                       0x08001129   Thumb Code    24  stm32f10x_usart.o(.text)
    USART_SmartCardNACKCmd                   0x08001141   Thumb Code    24  stm32f10x_usart.o(.text)
    USART_HalfDuplexCmd                      0x08001159   Thumb Code    24  stm32f10x_usart.o(.text)
    USART_OverSampling8Cmd                   0x08001171   Thumb Code    22  stm32f10x_usart.o(.text)
    USART_OneBitMethodCmd                    0x08001187   Thumb Code    24  stm32f10x_usart.o(.text)
    USART_IrDAConfig                         0x0800119f   Thumb Code    18  stm32f10x_usart.o(.text)
    USART_IrDACmd                            0x080011b1   Thumb Code    24  stm32f10x_usart.o(.text)
    USART_GetFlagStatus                      0x080011c9   Thumb Code    26  stm32f10x_usart.o(.text)
    USART_ClearFlag                          0x080011e3   Thumb Code    18  stm32f10x_usart.o(.text)
    USART_GetITStatus                        0x080011f5   Thumb Code    84  stm32f10x_usart.o(.text)
    USART_ClearITPendingBit                  0x08001249   Thumb Code    52  stm32f10x_usart.o(.text)
    fputc                                    0x0800127d   Thumb Code    32  usart1.o(.text)
    USART1_Init                              0x0800129d   Thumb Code   152  usart1.o(.text)
    usart1_write                             0x08001335   Thumb Code    50  usart1.o(.text)
    USART2_Init                              0x08001371   Thumb Code   158  usart2.o(.text)
    usart2_write                             0x0800140f   Thumb Code    56  usart2.o(.text)
    LED_Init                                 0x08001451   Thumb Code    76  led.o(.text)
    LED_CmdCtl                               0x0800149d   Thumb Code   240  led.o(.text)
    LED_Switch                               0x0800158d   Thumb Code   176  led.o(.text)
    LED_GetValue                             0x0800163d   Thumb Code   106  led.o(.text)
    mDelay                                   0x08001751   Thumb Code    26  key.o(.text)
    KEY_Init                                 0x0800176b   Thumb Code   350  key.o(.text)
    EXTI15_10_IRQHandler                     0x080018c9   Thumb Code   202  key.o(.text)
    EXTI2_IRQHandler                         0x08001993   Thumb Code    64  key.o(.text)
    cJSON_GetErrorPtr                        0x080019e1   Thumb Code     6  cjson.o(.text)
    cJSON_InitHooks                          0x08001a5b   Thumb Code    48  cjson.o(.text)
    cJSON_Delete                             0x08001aa5   Thumb Code    74  cjson.o(.text)
    cJSON_ParseWithOpts                      0x0800245d   Thumb Code    96  cjson.o(.text)
    cJSON_Parse                              0x080024bd   Thumb Code    16  cjson.o(.text)
    cJSON_Print                              0x0800293f   Thumb Code    16  cjson.o(.text)
    cJSON_PrintUnformatted                   0x0800294f   Thumb Code    16  cjson.o(.text)
    cJSON_GetArraySize                       0x0800295f   Thumb Code    18  cjson.o(.text)
    cJSON_GetArrayItem                       0x08002971   Thumb Code    18  cjson.o(.text)
    cJSON_GetObjectItem                      0x08002983   Thumb Code    30  cjson.o(.text)
    cJSON_AddItemToArray                     0x080029d7   Thumb Code    42  cjson.o(.text)
    cJSON_AddItemToObject                    0x08002a01   Thumb Code    44  cjson.o(.text)
    cJSON_AddItemReferenceToArray            0x08002a2d   Thumb Code    24  cjson.o(.text)
    cJSON_AddItemReferenceToObject           0x08002a45   Thumb Code    32  cjson.o(.text)
    cJSON_DetachItemFromArray                0x08002a65   Thumb Code    66  cjson.o(.text)
    cJSON_DeleteItemFromArray                0x08002aa7   Thumb Code    22  cjson.o(.text)
    cJSON_DetachItemFromObject               0x08002abd   Thumb Code    50  cjson.o(.text)
    cJSON_DeleteItemFromObject               0x08002aef   Thumb Code    22  cjson.o(.text)
    cJSON_ReplaceItemInArray                 0x08002b05   Thumb Code    90  cjson.o(.text)
    cJSON_ReplaceItemInObject                0x08002b5f   Thumb Code    62  cjson.o(.text)
    cJSON_CreateNull                         0x08002b9d   Thumb Code    18  cjson.o(.text)
    cJSON_CreateTrue                         0x08002baf   Thumb Code    18  cjson.o(.text)
    cJSON_CreateFalse                        0x08002bc1   Thumb Code    18  cjson.o(.text)
    cJSON_CreateBool                         0x08002bd3   Thumb Code    26  cjson.o(.text)
    cJSON_CreateNumber                       0x08002bed   Thumb Code    36  cjson.o(.text)
    cJSON_CreateString                       0x08002c11   Thumb Code    28  cjson.o(.text)
    cJSON_CreateArray                        0x08002c2d   Thumb Code    18  cjson.o(.text)
    cJSON_CreateObject                       0x08002c3f   Thumb Code    18  cjson.o(.text)
    cJSON_CreateIntArray                     0x08002c51   Thumb Code    68  cjson.o(.text)
    cJSON_CreateFloatArray                   0x08002c95   Thumb Code    68  cjson.o(.text)
    cJSON_CreateDoubleArray                  0x08002cd9   Thumb Code    68  cjson.o(.text)
    cJSON_CreateStringArray                  0x08002d1d   Thumb Code    62  cjson.o(.text)
    cJSON_Duplicate                          0x08002d5b   Thumb Code   172  cjson.o(.text)
    cJSON_Minify                             0x08002e07   Thumb Code   186  cjson.o(.text)
    assert                                   0x08002ec1   Thumb Code     2  edpkit.o(.text)
    NewBuffer                                0x08002ec9   Thumb Code    36  edpkit.o(.text)
    DeleteBuffer                             0x08002eed   Thumb Code    26  edpkit.o(.text)
    CheckCapacity                            0x08002f07   Thumb Code    90  edpkit.o(.text)
    ReadByte                                 0x08002f61   Thumb Code    36  edpkit.o(.text)
    ReadBytes                                0x08002f85   Thumb Code    56  edpkit.o(.text)
    ReadUint16                               0x08002fbd   Thumb Code    54  edpkit.o(.text)
    ReadUint32                               0x08002ff3   Thumb Code    54  edpkit.o(.text)
    ReadStr                                  0x08003029   Thumb Code   102  edpkit.o(.text)
    ReadRemainlen                            0x0800308f   Thumb Code    82  edpkit.o(.text)
    WriteByte                                0x080030e1   Thumb Code    54  edpkit.o(.text)
    WriteBytes                               0x08003117   Thumb Code    64  edpkit.o(.text)
    WriteUint16                              0x08003157   Thumb Code    50  edpkit.o(.text)
    WriteUint32                              0x08003189   Thumb Code    74  edpkit.o(.text)
    WriteStr                                 0x080031d3   Thumb Code    62  edpkit.o(.text)
    WriteRemainlen                           0x08003211   Thumb Code    80  edpkit.o(.text)
    PacketConnect1                           0x08003261   Thumb Code   106  edpkit.o(.text)
    PacketConnect2                           0x080032cb   Thumb Code   124  edpkit.o(.text)
    PacketPushdata                           0x08003347   Thumb Code    70  edpkit.o(.text)
    PacketSavedataJson                       0x0800338d   Thumb Code   142  edpkit.o(.text)
    PacketSavedataInt                        0x08003901   Thumb Code    98  edpkit.o(.text)
    PacketSavedataDouble                     0x08003963   Thumb Code   112  edpkit.o(.text)
    PacketSavedataString                     0x080039d3   Thumb Code    98  edpkit.o(.text)
    UnpackSavedataJson                       0x08003a35   Thumb Code    68  edpkit.o(.text)
    UnpackSavedataInt                        0x08003fcd   Thumb Code    82  edpkit.o(.text)
    UnpackSavedataDouble                     0x0800401f   Thumb Code    82  edpkit.o(.text)
    UnpackSavedataString                     0x08004071   Thumb Code    82  edpkit.o(.text)
    UnpackSavedataAck                        0x080040c3   Thumb Code    86  edpkit.o(.text)
    PacketSavedataBin                        0x08004119   Thumb Code   200  edpkit.o(.text)
    PacketSavedataBinStr                     0x080041e1   Thumb Code   182  edpkit.o(.text)
    PacketCmdResp                            0x08004297   Thumb Code    98  edpkit.o(.text)
    PacketPing                               0x080042f9   Thumb Code    30  edpkit.o(.text)
    IsPkgComplete                            0x08004317   Thumb Code    96  edpkit.o(.text)
    GetEdpPacket                             0x08004377   Thumb Code    80  edpkit.o(.text)
    EdpPacketType                            0x080043c7   Thumb Code    22  edpkit.o(.text)
    UnpackConnectResp                        0x080043dd   Thumb Code    76  edpkit.o(.text)
    UnpackPushdata                           0x08004429   Thumb Code   102  edpkit.o(.text)
    UnpackSavedata                           0x0800448f   Thumb Code    88  edpkit.o(.text)
    UnpackSavedataBin                        0x080044e7   Thumb Code   108  edpkit.o(.text)
    UnpackSavedataBinStr                     0x08004553   Thumb Code    88  edpkit.o(.text)
    UnpackCmdReq                             0x080045ab   Thumb Code   128  edpkit.o(.text)
    UnpackPingResp                           0x0800462b   Thumb Code    44  edpkit.o(.text)
    PacketSavedataSimpleString               0x08004657   Thumb Code   120  edpkit.o(.text)
    UnpackSavedataSimpleString               0x080046cf   Thumb Code    26  edpkit.o(.text)
    SendCmd                                  0x080046ed   Thumb Code    98  esp8266.o(.text)
    ESP8266_Init                             0x0800474f   Thumb Code   186  esp8266.o(.text)
    GetSendBuf                               0x08004809   Thumb Code   182  esp8266.o(.text)
    ESP8266_DevLink                          0x080048bf   Thumb Code   210  esp8266.o(.text)
    ESP8266_CheckStatus                      0x08004991   Thumb Code   976  esp8266.o(.text)
    ESP8266_SendDat                          0x08004d61   Thumb Code   214  esp8266.o(.text)
    tolower                                  0x08004ef1   Thumb Code    12  tolower.o(.text)
    ___aeabi_memcpy8$move                    0x08004efd   Thumb Code     0  memmovea.o(.text)
    __aeabi_memcpy                           0x08004efd   Thumb Code    64  memmovea.o(.text)
    __aeabi_memcpy4                          0x08004efd   Thumb Code     0  memmovea.o(.text)
    __aeabi_memmove                          0x08004efd   Thumb Code     0  memmovea.o(.text)
    __aeabi_memmove4                         0x08004efd   Thumb Code     0  memmovea.o(.text)
    __aeabi_memmove8                         0x08004efd   Thumb Code     0  memmovea.o(.text)
    __aeabi_memset                           0x08004f3d   Thumb Code    14  memseta.o(.text)
    __aeabi_memset4                          0x08004f3d   Thumb Code     0  memseta.o(.text)
    __aeabi_memset8                          0x08004f3d   Thumb Code     0  memseta.o(.text)
    __aeabi_memclr                           0x08004f4b   Thumb Code     4  memseta.o(.text)
    __aeabi_memclr4                          0x08004f4b   Thumb Code     0  memseta.o(.text)
    __aeabi_memclr8                          0x08004f4b   Thumb Code     0  memseta.o(.text)
    _memset$wrapper                          0x08004f4f   Thumb Code    18  memseta.o(.text)
    strcat                                   0x08004f61   Thumb Code    28  strcat.o(.text)
    strstr                                   0x08004f7d   Thumb Code    44  strstr.o(.text)
    strncpy                                  0x08004fa9   Thumb Code    24  strncpy.o(.text)
    strchr                                   0x08004fc1   Thumb Code    18  strchr.o(.text)
    strlen                                   0x08004fd3   Thumb Code    16  strlen.o(.text)
    strcpy                                   0x08004fe3   Thumb Code    18  strcpy.o(.text)
    strncmp                                  0x08004ff5   Thumb Code    30  strncmp.o(.text)
    __0sscanf                                0x08005015   Thumb Code    48  __0sscanf.o(.text)
    _scanf_int                               0x0800504d   Thumb Code   336  _scanf_int.o(.text)
    __aeabi_dadd                             0x0800519d   Thumb Code   322  dadd.o(.text)
    __aeabi_dsub                             0x080052df   Thumb Code     6  dadd.o(.text)
    __aeabi_drsub                            0x080052e5   Thumb Code     6  dadd.o(.text)
    __aeabi_dmul                             0x080052eb   Thumb Code   228  dmul.o(.text)
    __aeabi_i2d                              0x080053cf   Thumb Code    34  dflti.o(.text)
    __aeabi_d2iz                             0x080053f1   Thumb Code    62  dfixi.o(.text)
    __aeabi_f2d                              0x0800542f   Thumb Code    38  f2d.o(.text)
    __aeabi_cdcmpeq                          0x08005455   Thumb Code     0  cdcmple.o(.text)
    __aeabi_cdcmple                          0x08005455   Thumb Code    38  cdcmple.o(.text)
    __aeabi_cdrcmple                         0x0800547d   Thumb Code    38  cdrcmple.o(.text)
    __aeabi_uidiv                            0x080054a5   Thumb Code     0  uidiv.o(.text)
    __aeabi_uidivmod                         0x080054a5   Thumb Code    44  uidiv.o(.text)
    __aeabi_uldivmod                         0x080054d1   Thumb Code    98  uldiv.o(.text)
    __aeabi_llsl                             0x08005533   Thumb Code    30  llshl.o(.text)
    _ll_shift_l                              0x08005533   Thumb Code     0  llshl.o(.text)
    __aeabi_llsr                             0x08005551   Thumb Code    32  llushr.o(.text)
    _ll_ushift_r                             0x08005551   Thumb Code     0  llushr.o(.text)
    __aeabi_lasr                             0x08005571   Thumb Code    36  llsshr.o(.text)
    _ll_sshift_r                             0x08005571   Thumb Code     0  llsshr.o(.text)
    _chval                                   0x08005595   Thumb Code    28  _chval.o(.text)
    __vfscanf_char                           0x080055bd   Thumb Code    20  scanf_char.o(.text)
    _sgetc                                   0x080055d9   Thumb Code    30  _sgetc.o(.text)
    _sbackspace                              0x080055f7   Thumb Code    34  _sgetc.o(.text)
    __I$use$fp                               0x08005619   Thumb Code     0  iusefp.o(.text)
    _double_round                            0x08005619   Thumb Code    26  depilogue.o(.text)
    _double_epilogue                         0x08005633   Thumb Code   164  depilogue.o(.text)
    __aeabi_ddiv                             0x080056d7   Thumb Code   222  ddiv.o(.text)
    __ARM_scalbn                             0x080057b5   Thumb Code    46  dscalb.o(.text)
    scalbn                                   0x080057b5   Thumb Code     0  dscalb.o(.text)
    __aeabi_d2ulz                            0x080057e3   Thumb Code    48  dfixul.o(.text)
    __scatterload                            0x08005815   Thumb Code    28  init.o(.text)
    __scatterload_rt2                        0x08005815   Thumb Code     0  init.o(.text)
    isspace                                  0x08005839   Thumb Code    10  isspace_c.o(.text)
    __vfscanf                                0x08005845   Thumb Code   806  _scanf.o(.text)
    _dsqrt                                   0x08005b71   Thumb Code   162  dsqrt.o(.text)
    __ctype_lookup                           0x08005c15   Thumb Code    34  ctype_c.o(.text)
    __0printf                                0x08005c3d   Thumb Code    22  printfa.o(i.__0printf)
    __1printf                                0x08005c3d   Thumb Code     0  printfa.o(i.__0printf)
    __2printf                                0x08005c3d   Thumb Code     0  printfa.o(i.__0printf)
    __c89printf                              0x08005c3d   Thumb Code     0  printfa.o(i.__0printf)
    printf                                   0x08005c3d   Thumb Code     0  printfa.o(i.__0printf)
    __0sprintf                               0x08005c5d   Thumb Code    34  printfa.o(i.__0sprintf)
    __1sprintf                               0x08005c5d   Thumb Code     0  printfa.o(i.__0sprintf)
    __2sprintf                               0x08005c5d   Thumb Code     0  printfa.o(i.__0sprintf)
    __c89sprintf                             0x08005c5d   Thumb Code     0  printfa.o(i.__0sprintf)
    sprintf                                  0x08005c5d   Thumb Code     0  printfa.o(i.__0sprintf)
    __ARM_fpclassify                         0x08005c85   Thumb Code    40  fpclassify.o(i.__ARM_fpclassify)
    __kernel_poly                            0x08005cad   Thumb Code   170  poly.o(i.__kernel_poly)
    __mathlib_dbl_underflow                  0x08005d59   Thumb Code    10  dunder.o(i.__mathlib_dbl_underflow)
    __scatterload_copy                       0x08005d69   Thumb Code    14  handlers.o(i.__scatterload_copy)
    __scatterload_null                       0x08005d77   Thumb Code     2  handlers.o(i.__scatterload_null)
    __scatterload_zeroinit                   0x08005d79   Thumb Code    14  handlers.o(i.__scatterload_zeroinit)
    __set_errno                              0x08005d89   Thumb Code     6  errno.o(i.__set_errno)
    floor                                    0x08006641   Thumb Code   204  floor.o(i.floor)
    free                                     0x0800671d   Thumb Code    76  malloc.o(i.free)
    malloc                                   0x0800676d   Thumb Code    92  malloc.o(i.malloc)
    pow                                      0x080067d9   Thumb Code  2510  pow.o(i.pow)
    sqrt                                     0x080071b9   Thumb Code    78  sqrt.o(i.sqrt)
    __mathlib_zero                           0x08007300   Data           8  qnan.o(.constdata)
    __ctype_categories                       0x08007308   Data          64  ctype_c.o(.constdata)
    Region$$Table$$Base                      0x08007348   Number         0  anon$$obj.o(Region$$Table)
    Region$$Table$$Limit                     0x08007368   Number         0  anon$$obj.o(Region$$Table)
    SystemCoreClock                          0x20000000   Data           4  system_stm32f10x.o(.data)
    AHBPrescTable                            0x20000004   Data          16  system_stm32f10x.o(.data)
    rcv_cmd_start                            0x20000028   Data           1  usart2.o(.data)
    rcv_cmd_flag                             0x20000029   Data           1  usart2.o(.data)
    usart2_rcv_len                           0x2000002c   Data           4  usart2.o(.data)
    usart2_cmd_len                           0x20000030   Data           4  usart2.o(.data)
    command_len                              0x20000034   Data           4  usart2.o(.data)
    command_len1                             0x20000038   Data           4  usart2.o(.data)
    red_value                                0x2000003c   Data           1  led.o(.data)
    yellow_value                             0x2000003d   Data           1  led.o(.data)
    blue_value                               0x2000003e   Data           1  led.o(.data)
    green_value                              0x2000003f   Data           1  led.o(.data)
    send_pkg                                 0x2000004c   Data           4  esp8266.o(.data)
    __stdout                                 0x20000050   Data           4  stdout.o(.data)
    __microlib_freelist                      0x20000054   Data           4  mvars.o(.data)
    __microlib_freelist_initialised          0x20000058   Data           4  mvars.o(.data)
    usart2_rcv_buf                           0x20000060   Data        1024  usart2.o(.bss)
    usart2_cmd_buf                           0x20000460   Data         512  usart2.o(.bss)
    send_buf                                 0x20000660   Data        1024  esp8266.o(.bss)
    __heap_base                              0x20000a60   Data           0  startup_stm32f10x_hd.o(HEAP)
    __heap_limit                             0x20000c60   Data           0  startup_stm32f10x_hd.o(HEAP)
    __initial_sp                             0x20001060   Data           0  startup_stm32f10x_hd.o(STACK)



==============================================================================

Memory Map of the image

  Image Entry point : 0x08000131

  Load Region LR_IROM1 (Base: 0x08000000, Size: 0x000073c8, Max: 0x00080000, ABSOLUTE)

    Execution Region ER_IROM1 (Base: 0x08000000, Size: 0x00007368, Max: 0x00080000, ABSOLUTE)

    Base Addr    Size         Type   Attr      Idx    E Section Name        Object

    0x08000000   0x00000130   Data   RO          116    RESET               startup_stm32f10x_hd.o
    0x08000130   0x00000000   Code   RO          763  * .ARM.Collect$$$$00000000  mc_w.l(entry.o)
    0x08000130   0x00000004   Code   RO         1114    .ARM.Collect$$$$00000001  mc_w.l(entry2.o)
    0x08000134   0x00000004   Code   RO         1117    .ARM.Collect$$$$00000004  mc_w.l(entry5.o)
    0x08000138   0x00000000   Code   RO         1119    .ARM.Collect$$$$00000008  mc_w.l(entry7b.o)
    0x08000138   0x00000008   Code   RO         1120    .ARM.Collect$$$$00000009  mc_w.l(entry8.o)
    0x08000140   0x00000004   Code   RO         1115    .ARM.Collect$$$$00002712  mc_w.l(entry2.o)
    0x08000144   0x000001d0   Code   RO           17    .text               system_stm32f10x.o
    0x08000314   0x00000024   Code   RO          117    .text               startup_stm32f10x_hd.o
    0x08000338   0x000000ac   Code   RO          121    .text               main.o
    0x080003e4   0x0000019c   Code   RO          181    .text               stm32f10x_it.o
    0x08000580   0x000000dc   Code   RO          197    .text               misc.o
    0x0800065c   0x0000011c   Code   RO          305    .text               stm32f10x_exti.o
    0x08000778   0x00000358   Code   RO          341    .text               stm32f10x_gpio.o
    0x08000ad0   0x000003a4   Code   RO          389    .text               stm32f10x_rcc.o
    0x08000e74   0x00000408   Code   RO          451    .text               stm32f10x_usart.o
    0x0800127c   0x000000f4   Code   RO          475    .text               usart1.o
    0x08001370   0x000000e0   Code   RO          494    .text               usart2.o
    0x08001450   0x00000300   Code   RO          513    .text               led.o
    0x08001750   0x00000290   Code   RO          531    .text               key.o
    0x080019e0   0x000014e0   Code   RO          543    .text               cjson.o
    0x08002ec0   0x0000182c   Code   RO          585    .text               edpkit.o
    0x080046ec   0x00000804   Code   RO          619    .text               esp8266.o
    0x08004ef0   0x0000000c   Code   RO          766    .text               mc_w.l(tolower.o)
    0x08004efc   0x00000040   Code   RO          770    .text               mc_w.l(memmovea.o)
    0x08004f3c   0x00000024   Code   RO          772    .text               mc_w.l(memseta.o)
    0x08004f60   0x0000001c   Code   RO          774    .text               mc_w.l(strcat.o)
    0x08004f7c   0x0000002c   Code   RO          776    .text               mc_w.l(strstr.o)
    0x08004fa8   0x00000018   Code   RO          778    .text               mc_w.l(strncpy.o)
    0x08004fc0   0x00000012   Code   RO          780    .text               mc_w.l(strchr.o)
    0x08004fd2   0x00000010   Code   RO          782    .text               mc_w.l(strlen.o)
    0x08004fe2   0x00000012   Code   RO          784    .text               mc_w.l(strcpy.o)
    0x08004ff4   0x0000001e   Code   RO          786    .text               mc_w.l(strncmp.o)
    0x08005012   0x00000002   PAD
    0x08005014   0x00000038   Code   RO         1081    .text               mc_w.l(__0sscanf.o)
    0x0800504c   0x00000150   Code   RO         1083    .text               mc_w.l(_scanf_int.o)
    0x0800519c   0x0000014e   Code   RO         1085    .text               mf_w.l(dadd.o)
    0x080052ea   0x000000e4   Code   RO         1087    .text               mf_w.l(dmul.o)
    0x080053ce   0x00000022   Code   RO         1089    .text               mf_w.l(dflti.o)
    0x080053f0   0x0000003e   Code   RO         1091    .text               mf_w.l(dfixi.o)
    0x0800542e   0x00000026   Code   RO         1093    .text               mf_w.l(f2d.o)
    0x08005454   0x00000028   Code   RO         1095    .text               mf_w.l(cdcmple.o)
    0x0800547c   0x00000028   Code   RO         1097    .text               mf_w.l(cdrcmple.o)
    0x080054a4   0x0000002c   Code   RO         1122    .text               mc_w.l(uidiv.o)
    0x080054d0   0x00000062   Code   RO         1124    .text               mc_w.l(uldiv.o)
    0x08005532   0x0000001e   Code   RO         1126    .text               mc_w.l(llshl.o)
    0x08005550   0x00000020   Code   RO         1128    .text               mc_w.l(llushr.o)
    0x08005570   0x00000024   Code   RO         1130    .text               mc_w.l(llsshr.o)
    0x08005594   0x0000001c   Code   RO         1141    .text               mc_w.l(_chval.o)
    0x080055b0   0x00000028   Code   RO         1143    .text               mc_w.l(scanf_char.o)
    0x080055d8   0x00000040   Code   RO         1145    .text               mc_w.l(_sgetc.o)
    0x08005618   0x00000000   Code   RO         1147    .text               mc_w.l(iusefp.o)
    0x08005618   0x000000be   Code   RO         1148    .text               mf_w.l(depilogue.o)
    0x080056d6   0x000000de   Code   RO         1150    .text               mf_w.l(ddiv.o)
    0x080057b4   0x0000002e   Code   RO         1152    .text               mf_w.l(dscalb.o)
    0x080057e2   0x00000030   Code   RO         1154    .text               mf_w.l(dfixul.o)
    0x08005812   0x00000002   PAD
    0x08005814   0x00000024   Code   RO         1156    .text               mc_w.l(init.o)
    0x08005838   0x0000000a   Code   RO         1158    .text               mc_w.l(isspace_c.o)
    0x08005842   0x00000002   PAD
    0x08005844   0x0000032c   Code   RO         1160    .text               mc_w.l(_scanf.o)
    0x08005b70   0x000000a2   Code   RO         1162    .text               mf_w.l(dsqrt.o)
    0x08005c12   0x00000002   PAD
    0x08005c14   0x00000028   Code   RO         1164    .text               mc_w.l(ctype_c.o)
    0x08005c3c   0x00000020   Code   RO         1025    i.__0printf         mc_w.l(printfa.o)
    0x08005c5c   0x00000028   Code   RO         1027    i.__0sprintf        mc_w.l(printfa.o)
    0x08005c84   0x00000028   Code   RO         1101    i.__ARM_fpclassify  m_ws.l(fpclassify.o)
    0x08005cac   0x000000aa   Code   RO         1103    i.__kernel_poly     m_ws.l(poly.o)
    0x08005d56   0x00000002   PAD
    0x08005d58   0x00000010   Code   RO         1099    i.__mathlib_dbl_underflow  m_ws.l(dunder.o)
    0x08005d68   0x0000000e   Code   RO         1169    i.__scatterload_copy  mc_w.l(handlers.o)
    0x08005d76   0x00000002   Code   RO         1170    i.__scatterload_null  mc_w.l(handlers.o)
    0x08005d78   0x0000000e   Code   RO         1171    i.__scatterload_zeroinit  mc_w.l(handlers.o)
    0x08005d86   0x00000002   PAD
    0x08005d88   0x0000000c   Code   RO         1136    i.__set_errno       mc_w.l(errno.o)
    0x08005d94   0x0000015c   Code   RO         1032    i._fp_digits        mc_w.l(printfa.o)
    0x08005ef0   0x000006f0   Code   RO         1033    i._printf_core      mc_w.l(printfa.o)
    0x080065e0   0x00000026   Code   RO         1034    i._printf_post_padding  mc_w.l(printfa.o)
    0x08006606   0x00000030   Code   RO         1035    i._printf_pre_padding  mc_w.l(printfa.o)
    0x08006636   0x0000000a   Code   RO         1037    i._sputc            mc_w.l(printfa.o)
    0x08006640   0x000000dc   Code   RO          750    i.floor             m_ws.l(floor.o)
    0x0800671c   0x00000050   Code   RO         1053    i.free              mc_w.l(malloc.o)
    0x0800676c   0x0000006c   Code   RO         1054    i.malloc            mc_w.l(malloc.o)
    0x080067d8   0x000009e0   Code   RO          754    i.pow               m_ws.l(pow.o)
    0x080071b8   0x0000004e   Code   RO         1107    i.sqrt              m_ws.l(sqrt.o)
    0x08007206   0x00000007   Data   RO          544    .constdata          cjson.o
    0x0800720d   0x00000003   PAD
    0x08007210   0x00000066   Data   RO          621    .constdata          esp8266.o
    0x08007276   0x00000002   PAD
    0x08007278   0x00000088   Data   RO          755    .constdata          m_ws.l(pow.o)
    0x08007300   0x00000008   Data   RO         1105    .constdata          m_ws.l(qnan.o)
    0x08007308   0x00000040   Data   RO         1165    .constdata          mc_w.l(ctype_c.o)
    0x08007348   0x00000020   Data   RO         1167    Region$$Table       anon$$obj.o


    Execution Region RW_IRAM1 (Base: 0x20000000, Size: 0x00001060, Max: 0x00010000, ABSOLUTE)

    Base Addr    Size         Type   Attr      Idx    E Section Name        Object

    0x20000000   0x00000014   Data   RW           18    .data               system_stm32f10x.o
    0x20000014   0x00000014   Data   RW          390    .data               stm32f10x_rcc.o
    0x20000028   0x00000014   Data   RW          496    .data               usart2.o
    0x2000003c   0x00000004   Data   RW          514    .data               led.o
    0x20000040   0x0000000c   Data   RW          545    .data               cjson.o
    0x2000004c   0x00000004   Data   RW          622    .data               esp8266.o
    0x20000050   0x00000004   Data   RW         1121    .data               mc_w.l(stdout.o)
    0x20000054   0x00000004   Data   RW         1132    .data               mc_w.l(mvars.o)
    0x20000058   0x00000004   Data   RW         1133    .data               mc_w.l(mvars.o)
    0x2000005c   0x00000004   Data   RW         1137    .data               mc_w.l(errno.o)
    0x20000060   0x00000600   Zero   RW          495    .bss                usart2.o
    0x20000660   0x00000400   Zero   RW          620    .bss                esp8266.o
    0x20000a60   0x00000200   Zero   RW          115    HEAP                startup_stm32f10x_hd.o
    0x20000c60   0x00000400   Zero   RW          114    STACK               startup_stm32f10x_hd.o


==============================================================================

Image component sizes


      Code (inc. data)   RO Data    RW Data    ZI Data      Debug   Object Name

      5344        174          7         12          0      20216   cjson.o
         0          0          0          0          0       4244   core_cm3.o
      6188         72          0          0          0      34369   edpkit.o
      2052        996        102          4       1024       4942   esp8266.o
       656         14          0          0          0       1340   key.o
       768        170          0          4          0       1974   led.o
       172         60          0          0          0       3719   main.o
       220         20          0          0          0       1889   misc.o
        36          8        304          0       1536        824   startup_stm32f10x_hd.o
       284         10          0          0          0       2323   stm32f10x_exti.o
       856         40          0          0          0       5733   stm32f10x_gpio.o
       412         58          0          0          0       2018   stm32f10x_it.o
       932         52          0         20          0       8904   stm32f10x_rcc.o
      1032         22          0          0          0       8456   stm32f10x_usart.o
       464         44          0         20          0     232163   system_stm32f10x.o
       244         10          0          0          0       1481   usart1.o
       224         10          0         20       1536       1809   usart2.o

    ----------------------------------------------------------------------
     19884       1760        450         80       4096     336404   Object Totals
         0          0         32          0          0          0   (incl. Generated)
         0          0          5          0          0          0   (incl. Padding)

    ----------------------------------------------------------------------

      Code (inc. data)   RO Data    RW Data    ZI Data      Debug   Library Member Name

        16          6          0          0          0         68   dunder.o
       220         16          0          0          0         84   floor.o
        40          0          0          0          0         68   fpclassify.o
       170          0          0          0          0         96   poly.o
      2528        190        136          0          0        316   pow.o
         0          0          8          0          0          0   qnan.o
        78          0          0          0          0         84   sqrt.o
        56          8          0          0          0         84   __0sscanf.o
        28          0          0          0          0         68   _chval.o
       812          6          0          0          0        112   _scanf.o
       336          0          0          0          0         92   _scanf_int.o
        64          0          0          0          0         84   _sgetc.o
        40          6         64          0          0         68   ctype_c.o
         0          0          0          0          0          0   entry.o
         8          4          0          0          0          0   entry2.o
         4          0          0          0          0          0   entry5.o
         0          0          0          0          0          0   entry7b.o
         8          4          0          0          0          0   entry8.o
        12          6          0          4          0         68   errno.o
        30          0          0          0          0          0   handlers.o
        36          8          0          0          0         68   init.o
        10          0          0          0          0         68   isspace_c.o
         0          0          0          0          0          0   iusefp.o
        30          0          0          0          0         68   llshl.o
        36          0          0          0          0         68   llsshr.o
        32          0          0          0          0         68   llushr.o
       188         20          0          0          0        160   malloc.o
        64          0          0          0          0         76   memmovea.o
        36          0          0          0          0        108   memseta.o
         0          0          0          8          0          0   mvars.o
      2292         96          0          0          0        596   printfa.o
        40          8          0          0          0         84   scanf_char.o
         0          0          0          4          0          0   stdout.o
        28          0          0          0          0         68   strcat.o
        18          0          0          0          0         68   strchr.o
        18          0          0          0          0         68   strcpy.o
        16          0          0          0          0         68   strlen.o
        30          0          0          0          0         80   strncmp.o
        24          0          0          0          0         76   strncpy.o
        44          0          0          0          0         80   strstr.o
        12          0          0          0          0         68   tolower.o
        44          0          0          0          0         80   uidiv.o
        98          0          0          0          0         92   uldiv.o
        40          2          0          0          0         68   cdcmple.o
        40          2          0          0          0         68   cdrcmple.o
       334          0          0          0          0        144   dadd.o
       222          0          0          0          0        100   ddiv.o
       190          0          0          0          0        176   depilogue.o
        62          0          0          0          0         80   dfixi.o
        48          0          0          0          0         68   dfixul.o
        34          0          0          0          0         76   dflti.o
       228          0          0          0          0         92   dmul.o
        46          0          0          0          0         80   dscalb.o
       162          0          0          0          0        100   dsqrt.o
        38          0          0          0          0         68   f2d.o

    ----------------------------------------------------------------------
      9002        382        208         16          0       4524   Library Totals
        12          0          0          0          0          0   (incl. Padding)

    ----------------------------------------------------------------------

      Code (inc. data)   RO Data    RW Data    ZI Data      Debug   Library Name

      3052        212        144          0          0        716   m_ws.l
      4494        166         64         16          0       2688   mc_w.l
      1444          4          0          0          0       1120   mf_w.l

    ----------------------------------------------------------------------
      9002        382        208         16          0       4524   Library Totals

    ----------------------------------------------------------------------

==============================================================================


      Code (inc. data)   RO Data    RW Data    ZI Data      Debug   

     28886       2142        658         96       4096     336976   Grand Totals
     28886       2142        658         96       4096     336976   ELF Image Totals
     28886       2142        658         96          0          0   ROM Totals

==============================================================================

    Total RO  Size (Code + RO Data)                29544 (  28.85kB)
    Total RW  Size (RW Data + ZI Data)              4192 (   4.09kB)
    Total ROM Size (Code + RO Data + RW Data)      29640 (  28.95kB)

==============================================================================

