ARM Linker, 4.1 [Build 894] [Standard]

==============================================================================

Section Cross References

    system_stm32f10x.o(.text) refers to system_stm32f10x.o(.data) for SystemCoreClock
    startup_stm32f10x_hd.o(RESET) refers to startup_stm32f10x_hd.o(STACK) for __initial_sp
    startup_stm32f10x_hd.o(RESET) refers to startup_stm32f10x_hd.o(.text) for Reset_Handler
    startup_stm32f10x_hd.o(RESET) refers to stm32f10x_it.o(.text) for NMI_Handler
    startup_stm32f10x_hd.o(.text) refers to system_stm32f10x.o(.text) for SystemInit
    startup_stm32f10x_hd.o(.text) refers to entry.o(.ARM.Collect$$$$00000000) for __main
    main.o(.text) refers to usart1.o(.text) for USART1_Config
    main.o(.text) refers to usart2.o(.text) for USART2_Config
    main.o(.text) refers to utils.o(.text) for mDelay
    main.o(.text) refers to esp8266.o(.text) for ESP8266_Init
    main.o(.text) refers to printfa.o(i.__0printf) for __2printf
    main.o(.text) refers to edpkit.o(.text) for PacketConnect1
    main.o(.text) refers to edpdemo.o(.text) for Recv_Thread_Func
    main.o(.text) refers to cjson.o(.text) for cJSON_Parse
    main.o(.text) refers to main.o(.constdata) for image
    stm32f10x_it.o(.text) refers to usart2.o(.data) for usart2_rcv_len
    stm32f10x_it.o(.text) refers to usart2.o(.bss) for usart2_rcv_buf
    stm32f10x_adc.o(.text) refers to stm32f10x_rcc.o(.text) for RCC_APB2PeriphResetCmd
    stm32f10x_bkp.o(.text) refers to stm32f10x_rcc.o(.text) for RCC_BackupResetCmd
    stm32f10x_can.o(.text) refers to stm32f10x_rcc.o(.text) for RCC_APB1PeriphResetCmd
    stm32f10x_cec.o(.text) refers to stm32f10x_rcc.o(.text) for RCC_APB1PeriphResetCmd
    stm32f10x_dac.o(.text) refers to stm32f10x_rcc.o(.text) for RCC_APB1PeriphResetCmd
    stm32f10x_gpio.o(.text) refers to stm32f10x_rcc.o(.text) for RCC_APB2PeriphResetCmd
    stm32f10x_i2c.o(.text) refers to stm32f10x_rcc.o(.text) for RCC_APB1PeriphResetCmd
    stm32f10x_pwr.o(.text) refers to stm32f10x_rcc.o(.text) for RCC_APB1PeriphResetCmd
    stm32f10x_rcc.o(.text) refers to stm32f10x_rcc.o(.data) for APBAHBPrescTable
    stm32f10x_spi.o(.text) refers to stm32f10x_rcc.o(.text) for RCC_APB2PeriphResetCmd
    stm32f10x_tim.o(.text) refers to stm32f10x_rcc.o(.text) for RCC_APB2PeriphResetCmd
    stm32f10x_usart.o(.text) refers to stm32f10x_rcc.o(.text) for RCC_APB2PeriphResetCmd
    stm32f10x_wwdg.o(.text) refers to stm32f10x_rcc.o(.text) for RCC_APB1PeriphResetCmd
    usart1.o(.text) refers to stm32f10x_rcc.o(.text) for RCC_APB2PeriphClockCmd
    usart1.o(.text) refers to stm32f10x_gpio.o(.text) for GPIO_Init
    usart1.o(.text) refers to stm32f10x_usart.o(.text) for USART_Init
    usart1.o(.text) refers to misc.o(.text) for NVIC_Init
    usart2.o(.text) refers to stm32f10x_rcc.o(.text) for RCC_APB2PeriphClockCmd
    usart2.o(.text) refers to stm32f10x_gpio.o(.text) for GPIO_Init
    usart2.o(.text) refers to stm32f10x_usart.o(.text) for USART_Init
    usart2.o(.text) refers to misc.o(.text) for NVIC_Init
    usart2.o(.text) refers to strlen.o(.text) for strlen
    usart2.o(.text) refers to memseta.o(.text) for __aeabi_memclr
    usart2.o(.text) refers to utils.o(.text) for mDelay
    usart2.o(.text) refers to printfa.o(i.__0printf) for __2printf
    usart2.o(.text) refers to strstr.o(.text) for strstr
    usart2.o(.text) refers to memmovea.o(.text) for __aeabi_memcpy
    usart2.o(.text) refers to usart2.o(.bss) for usart2_rcv_buf
    usart2.o(.text) refers to usart2.o(.data) for usart2_rcv_len
    usart2.o(.text) refers to usart2.o(.constdata) for __func__
    edpkit.o(.text) refers to malloc.o(i.malloc) for malloc
    edpkit.o(.text) refers to printfa.o(i.__0printf) for __2printf
    edpkit.o(.text) refers to malloc.o(i.free) for free
    edpkit.o(.text) refers to memmovea.o(.text) for __aeabi_memcpy
    edpkit.o(.text) refers to memseta.o(.text) for __aeabi_memclr
    edpkit.o(.text) refers to strncpy.o(.text) for strncpy
    edpkit.o(.text) refers to strlen.o(.text) for strlen
    edpkit.o(.text) refers to edpkit.o(.constdata) for __func__
    edpkit.o(.text) refers to cjson.o(.text) for cJSON_Print
    edpkit.o(.text) refers to dflti.o(.text) for __aeabi_i2d
    edpdemo.o(.text) refers to usart2.o(.text) for USART2_Write
    edpdemo.o(.text) refers to utils.o(.text) for hexdump
    edpdemo.o(.text) refers to memseta.o(.text) for __aeabi_memclr4
    edpdemo.o(.text) refers to printfa.o(i.__0sprintf) for __2sprintf
    edpdemo.o(.text) refers to edpkit.o(.text) for DeleteBuffer
    edpdemo.o(.text) refers to strstr.o(.text) for strstr
    edpdemo.o(.text) refers to printfa.o(i.__0printf) for __2printf
    edpdemo.o(.text) refers to atoi.o(.text) for atoi
    edpdemo.o(.text) refers to malloc.o(i.free) for free
    edpdemo.o(.text) refers to cjson.o(.text) for cJSON_Print
    edpdemo.o(.text) refers to edpdemo.o(.constdata) for .constdata
    cjson.o(.text) refers to tolower.o(.text) for tolower
[...]
    printfa.o(i._fp_digits) refers to dfixul.o(.text) for __aeabi_d2ulz
    printfa.o(i._fp_digits) refers to uldiv.o(.text) for __aeabi_uldivmod
    printfa.o(i._printf_core) refers (Special) to iusefp.o(.text) for __I$use$fp
    printfa.o(i._printf_core) refers to printfa.o(i._printf_pre_padding) for _printf_pre_padding
    printfa.o(i._printf_core) refers to uldiv.o(.text) for __aeabi_uldivmod
    printfa.o(i._printf_core) refers to printfa.o(i._printf_post_padding) for _printf_post_padding
    printfa.o(i._printf_core) refers to printfa.o(i._fp_digits) for _fp_digits
    printfa.o(i._printf_core) refers to uidiv.o(.text) for __aeabi_uidivmod
    printfa.o(i._printf_post_padding) refers (Special) to iusefp.o(.text) for __I$use$fp
    printfa.o(i._printf_pre_padding) refers (Special) to iusefp.o(.text) for __I$use$fp
    printfa.o(i._snputc) refers (Special) to iusefp.o(.text) for __I$use$fp
    printfa.o(i._sputc) refers (Special) to iusefp.o(.text) for __I$use$fp
    malloc.o(i.free) refers to mvars.o(.data) for __microlib_freelist
    malloc.o(i.malloc) refers to mvars.o(.data) for __microlib_freelist_initialised
    malloc.o(i.malloc) refers to mvars.o(.data) for __microlib_freelist
    malloc.o(i.malloc) refers to startup_stm32f10x_hd.o(HEAP) for __heap_base
    mallocr.o(i.__free$realloc) refers to mvars.o(.data) for __microlib_freelist
    mallocr.o(i.__malloc$realloc) refers to mallocr.o(i.internal_alloc) for internal_alloc
    mallocr.o(i.__malloc$realloc) refers to mvars.o(.data) for __microlib_freelist_initialised
    mallocr.o(i.__malloc$realloc) refers to startup_stm32f10x_hd.o(HEAP) for __heap_base
    mallocr.o(i.__malloc$realloc) refers to mvars.o(.data) for __microlib_freelist
    mallocr.o(i.internal_alloc) refers to memmovea.o(.text) for __aeabi_memcpy
    mallocr.o(i.internal_alloc) refers to mvars.o(.data) for __microlib_freelist
    mallocr.o(i.realloc) refers to mallocr.o(i.__free$realloc) for __free$realloc
    mallocr.o(i.realloc) refers to mallocr.o(i.internal_alloc) for internal_alloc
    mallocr.o(i.realloc) refers to mallocr.o(i.__malloc$realloc) for __malloc$realloc
    mallocr.o(i.realloc) refers to mvars.o(.data) for __microlib_freelist
    malloca.o(i.__aligned_malloc) refers to mvars.o(.data) for __microlib_freelist_initialised
    malloca.o(i.__aligned_malloc) refers to mvars.o(.data) for __microlib_freelist
    malloca.o(i.__aligned_malloc) refers to startup_stm32f10x_hd.o(HEAP) for __heap_base
    malloca.o(i.__free$memalign) refers to mvars.o(.data) for __microlib_freelist
    malloca.o(i.__malloc$memalign) refers to malloca.o(i.__aligned_malloc) for __aligned_malloc
    mallocra.o(i.__aligned_malloc$realloc) refers to mallocra.o(i.internal_alloc) for internal_alloc
    mallocra.o(i.__aligned_malloc$realloc) refers to mvars.o(.data) for __microlib_freelist_initialised
    mallocra.o(i.__aligned_malloc$realloc) refers to startup_stm32f10x_hd.o(HEAP) for __heap_base
    mallocra.o(i.__aligned_malloc$realloc) refers to mvars.o(.data) for __microlib_freelist
    mallocra.o(i.__free$realloc$memalign) refers to mvars.o(.data) for __microlib_freelist
    mallocra.o(i.__malloc$realloc$memalign) refers to mallocra.o(i.__aligned_malloc$realloc) for __aligned_malloc$realloc
    mallocra.o(i.__realloc$memalign) refers to mallocra.o(i.__free$realloc$memalign) for __free$realloc$memalign
    mallocra.o(i.__realloc$memalign) refers to mallocra.o(i.internal_alloc) for internal_alloc
    mallocra.o(i.__realloc$memalign) refers to mallocra.o(i.__malloc$realloc$memalign) for __malloc$realloc$memalign
    mallocra.o(i.__realloc$memalign) refers to mvars.o(.data) for __microlib_freelist
    mallocra.o(i.internal_alloc) refers to memmovea.o(.text) for __aeabi_memcpy
    mallocra.o(i.internal_alloc) refers to mvars.o(.data) for __microlib_freelist
    atoi.o(.text) refers to errno.o(i.__aeabi_errno_addr) for __aeabi_errno_addr
    atoi.o(.text) refers to strtol.o(.text) for strtol
    dadd.o(.text) refers (Special) to iusefp.o(.text) for __I$use$fp
    dadd.o(.text) refers to llshl.o(.text) for __aeabi_llsl
    dadd.o(.text) refers to llsshr.o(.text) for __aeabi_lasr
    dadd.o(.text) refers to depilogue.o(.text) for _double_epilogue
    dmul.o(.text) refers (Special) to iusefp.o(.text) for __I$use$fp
    dmul.o(.text) refers to depilogue.o(.text) for _double_epilogue
    dflti.o(.text) refers (Special) to iusefp.o(.text) for __I$use$fp
    dflti.o(.text) refers to depilogue.o(.text) for _double_epilogue
    dfixi.o(.text) refers (Special) to iusefp.o(.text) for __I$use$fp
    dfixi.o(.text) refers to llushr.o(.text) for __aeabi_llsr
    f2d.o(.text) refers (Special) to iusefp.o(.text) for __I$use$fp
    cdcmple.o(.text) refers (Special) to iusefp.o(.text) for __I$use$fp
    cdrcmple.o(.text) refers (Special) to iusefp.o(.text) for __I$use$fp
    dunder.o(i.__mathlib_dbl_underflow) refers to dscalb.o(.text) for __ARM_scalbn
    fpclassify.o(i.__ARM_fpclassify) refers (Special) to iusefp.o(.text) for __I$use$fp
    poly.o(i.__kernel_poly) refers (Special) to iusefp.o(.text) for __I$use$fp
    poly.o(i.__kernel_poly) refers to dmul.o(.text) for __aeabi_dmul
    poly.o(i.__kernel_poly) refers to dadd.o(.text) for __aeabi_dadd
    qnan.o(.constdata) refers (Special) to iusefp.o(.text) for __I$use$fp
    sqrt.o(i.__softfp_sqrt) refers (Special) to iusefp.o(.text) for __I$use$fp
    sqrt.o(i.__softfp_sqrt) refers to dsqrt.o(.text) for _dsqrt
    sqrt.o(i.__softfp_sqrt) refers to errno.o(i.__set_errno) for __set_errno
    sqrt.o(i.sqrt) refers (Special) to iusefp.o(.text) for __I$use$fp
    sqrt.o(i.sqrt) refers to dsqrt.o(.text) for _dsqrt
    sqrt.o(i.sqrt) refers to errno.o(i.__set_errno) for __set_errno
    sqrt_x.o(i.____softfp_sqrt$lsc) refers (Special) to iusefp.o(.text) for __I$use$fp
    sqrt_x.o(i.____softfp_sqrt$lsc) refers to cdcmple.o(.text) for __aeabi_cdcmple
    sqrt_x.o(i.____softfp_sqrt$lsc) refers to errno.o(i.__set_errno) for __set_errno
    sqrt_x.o(i.____softfp_sqrt$lsc) refers to dsqrt.o(.text) for _dsqrt
    sqrt_x.o(i.__sqrt$lsc) refers (Special) to iusefp.o(.text) for __I$use$fp
    sqrt_x.o(i.__sqrt$lsc) refers to cdcmple.o(.text) for __aeabi_cdcmple
    sqrt_x.o(i.__sqrt$lsc) refers to errno.o(i.__set_errno) for __set_errno
    sqrt_x.o(i.__sqrt$lsc) refers to dsqrt.o(.text) for _dsqrt
    entry2.o(.ARM.Collect$$$$00000001) refers to entry2.o(.ARM.Collect$$$$00002712) for __lit__00000000
    entry2.o(.ARM.Collect$$$$00002712) refers to startup_stm32f10x_hd.o(STACK) for __initial_sp
    entry2.o(__vectab_stack_and_reset_area) refers to startup_stm32f10x_hd.o(STACK) for __initial_sp
    entry2.o(__vectab_stack_and_reset_area) refers to entry.o(.ARM.Collect$$$$00000000) for __main
    entry5.o(.ARM.Collect$$$$00000004) refers to init.o(.text) for __scatterload
    entry8.o(.ARM.Collect$$$$00000009) refers to main.o(.text) for main
    uldiv.o(.text) refers to llushr.o(.text) for __aeabi_llsr
    uldiv.o(.text) refers to llshl.o(.text) for __aeabi_llsl
    errno.o(i.__aeabi_errno_addr) refers to errno.o(.data) for .data
    errno.o(i.__read_errno) refers to errno.o(.data) for .data
    errno.o(i.__set_errno) refers to errno.o(.data) for .data
    strtol.o(.text) refers to ctype_o.o(.text) for __rt_ctype_table
    strtol.o(.text) refers to _strtoul.o(.text) for _strtoul
    strtol.o(.text) refers to errno.o(i.__aeabi_errno_addr) for __aeabi_errno_addr
    depilogue.o(.text) refers to llshl.o(.text) for __aeabi_llsl
    depilogue.o(.text) refers to llushr.o(.text) for __aeabi_llsr
    ddiv.o(.text) refers to depilogue.o(.text) for _double_round
    dfixul.o(.text) refers to llushr.o(.text) for __aeabi_llsr
    dfixul.o(.text) refers to llshl.o(.text) for __aeabi_llsl
    init.o(.text) refers to entry5.o(.ARM.Collect$$$$00000004) for __main_after_scatterload
    ctype_o.o(.text) refers to ctype_o.o(.constdata) for .constdata
    ctype_o.o(.constdata) refers to ctype_o.o(.constdata) for __ctype_table
    isalnum_o.o(.text) refers to ctype_o.o(.text) for __rt_ctype_table
    isalpha_o.o(.text) refers to ctype_o.o(.text) for __rt_ctype_table
    isblank_o.o(.text) refers to ctype_o.o(.constdata) for __ctype_table
    iscntrl_o.o(.text) refers to ctype_o.o(.text) for __rt_ctype_table
    isdigit_o.o(.text) refers to ctype_o.o(.text) for __rt_ctype_table
    isgraph_o.o(.text) refers to ctype_o.o(.text) for __rt_ctype_table
    islower_o.o(.text) refers to ctype_o.o(.text) for __rt_ctype_table
    isprint_o.o(.text) refers to ctype_o.o(.text) for __rt_ctype_table
    ispunct_o.o(.text) refers to ctype_o.o(.text) for __rt_ctype_table
    isspace_o.o(.text) refers to ctype_o.o(.text) for __rt_ctype_table
    isupper_o.o(.text) refers to ctype_o.o(.text) for __rt_ctype_table
    isxdigit_o.o(.text) refers to ctype_o.o(.text) for __rt_ctype_table
    _strtoul.o(.text) refers to _chval.o(.text) for _chval
    _strtoul.o(.text) refers to errno.o(i.__aeabi_errno_addr) for __aeabi_errno_addr
    dsqrt.o(.text) refers to llushr.o(.text) for __aeabi_llsr
    dsqrt.o(.text) refers to depilogue.o(.text) for _double_round


==============================================================================

Removing Unused input sections from the image.

    Removing core_cm3.o(.emb_text), (32 bytes).
    Removing stm32f10x_adc.o(.text), (1084 bytes).
    Removing stm32f10x_bkp.o(.text), (172 bytes).
    Removing stm32f10x_can.o(.text), (2548 bytes).
    Removing stm32f10x_cec.o(.text), (288 bytes).
    Removing stm32f10x_crc.o(.text), (72 bytes).
    Removing stm32f10x_dac.o(.text), (360 bytes).
    Removing stm32f10x_dbgmcu.o(.text), (48 bytes).
    Removing stm32f10x_dma.o(.text), (592 bytes).
    Removing stm32f10x_exti.o(.text), (284 bytes).
    Removing stm32f10x_flash.o(.text), (1464 bytes).
    Removing stm32f10x_fsmc.o(.text), (1560 bytes).
    Removing stm32f10x_i2c.o(.text), (1008 bytes).
    Removing stm32f10x_iwdg.o(.text), (64 bytes).
    Removing stm32f10x_pwr.o(.text), (204 bytes).
    Removing stm32f10x_rtc.o(.text), (336 bytes).
    Removing stm32f10x_sdio.o(.text), (464 bytes).
    Removing stm32f10x_spi.o(.text), (784 bytes).
    Removing stm32f10x_tim.o(.text), (3502 bytes).
    Removing stm32f10x_wwdg.o(.text), (124 bytes).
    Removing usart1.o(.bss), (512 bytes).
    Removing usart1.o(.data), (12 bytes).

22 unused section(s) (total 15514 bytes) removed from the image.

==============================================================================

Image Symbol Table

    Local Symbols

    Symbol Name                              Value     Ov Type        Size  Object(Section)

    ../../dunder.c                           0x00000000   Number         0  dunder.o ABSOLUTE
    ../../floor.c                            0x00000000   Number         0  floor.o ABSOLUTE
    ../../fpclassify.c                       0x00000000   Number         0  fpclassify.o ABSOLUTE
    ../../microlib/ctype/ctype.c             0x00000000   Number         0  isgraph_o.o ABSOLUTE
    ../../microlib/ctype/ctype.c             0x00000000   Number         0  isxdigit_o.o ABSOLUTE
    ../../microlib/ctype/ctype.c             0x00000000   Number         0  isupper_o.o ABSOLUTE
    ../../microlib/ctype/ctype.c             0x00000000   Number         0  isdigit_o.o ABSOLUTE
    ../../microlib/ctype/ctype.c             0x00000000   Number         0  isprint_o.o ABSOLUTE
    ../../microlib/ctype/ctype.c             0x00000000   Number         0  isspace_o.o ABSOLUTE
    ../../microlib/ctype/ctype.c             0x00000000   Number         0  isalnum_o.o ABSOLUTE
    ../../microlib/ctype/ctype.c             0x00000000   Number         0  isblank_o.o ABSOLUTE
    ../../microlib/ctype/ctype.c             0x00000000   Number         0  ctype_o.o ABSOLUTE
    ../../microlib/ctype/ctype.c             0x00000000   Number         0  ispunct_o.o ABSOLUTE
    ../../microlib/ctype/ctype.c             0x00000000   Number         0  isalpha_o.o ABSOLUTE
    ../../microlib/ctype/ctype.c             0x00000000   Number         0  iscntrl_o.o ABSOLUTE
    ../../microlib/ctype/ctype.c             0x00000000   Number         0  islower_o.o ABSOLUTE
    ../../microlib/ctype/tolower.c           0x00000000   Number         0  tolower.o ABSOLUTE
    ../../microlib/division.c                0x00000000   Number         0  uldiv.o ABSOLUTE
    ../../microlib/division.c                0x00000000   Number         0  uidiv.o ABSOLUTE
    ../../microlib/errno.c                   0x00000000   Number         0  errno.o ABSOLUTE
    ../../microlib/f2d.c                     0x00000000   Number         0  f2d.o ABSOLUTE
    ../../microlib/fpadd.c                   0x00000000   Number         0  dadd.o ABSOLUTE
    ../../microlib/fpdiv.c                   0x00000000   Number         0  ddiv.o ABSOLUTE
    ../../microlib/fpepilogue.c              0x00000000   Number         0  depilogue.o ABSOLUTE
    ../../microlib/fpfix.c                   0x00000000   Number         0  dfixul.o ABSOLUTE
    ../../microlib/fpfix.c                   0x00000000   Number         0  dfixi.o ABSOLUTE
    ../../microlib/fpflt.c                   0x00000000   Number         0  dflti.o ABSOLUTE
    ../../microlib/fpmul.c                   0x00000000   Number         0  dmul.o ABSOLUTE
    ../../microlib/fpscalb.c                 0x00000000   Number         0  dscalb.o ABSOLUTE
    ../../microlib/fpsqrt.c                  0x00000000   Number         0  dsqrt.o ABSOLUTE
    ../../microlib/init/entry.s              0x00000000   Number         0  entry2.o ABSOLUTE
    ../../microlib/init/entry.s              0x00000000   Number         0  entry.o ABSOLUTE
    ../../microlib/init/entry.s              0x00000000   Number         0  entry8.o ABSOLUTE
    ../../microlib/init/entry.s              0x00000000   Number         0  entry7b.o ABSOLUTE
    ../../microlib/init/entry.s              0x00000000   Number         0  entry7a.o ABSOLUTE
    ../../microlib/init/entry.s              0x00000000   Number         0  entry5.o ABSOLUTE
    ../../microlib/longlong.c                0x00000000   Number         0  llshl.o ABSOLUTE
    ../../microlib/longlong.c                0x00000000   Number         0  llushr.o ABSOLUTE
    ../../microlib/longlong.c                0x00000000   Number         0  llsshr.o ABSOLUTE
    ../../microlib/malloc/malloc.c           0x00000000   Number         0  mallocr.o ABSOLUTE
    ../../microlib/malloc/malloc.c           0x00000000   Number         0  malloc.o ABSOLUTE
    ../../microlib/malloc/malloc.c           0x00000000   Number         0  mallocra.o ABSOLUTE
    ../../microlib/malloc/malloc.c           0x00000000   Number         0  malloca.o ABSOLUTE
    ../../microlib/malloc/mvars.c            0x00000000   Number         0  mvars.o ABSOLUTE
    ../../microlib/printf/printf.c           0x00000000   Number         0  printf5.o ABSOLUTE
    ../../microlib/printf/printf.c           0x00000000   Number         0  printf6.o ABSOLUTE
    ../../microlib/printf/printf.c           0x00000000   Number         0  printf7.o ABSOLUTE
    ../../microlib/printf/printf.c           0x00000000   Number         0  printf8.o ABSOLUTE
    ../../microlib/printf/printf.c           0x00000000   Number         0  printfa.o ABSOLUTE
    ../../microlib/printf/printf.c           0x00000000   Number         0  printf0.o ABSOLUTE
    ../../microlib/printf/printf.c           0x00000000   Number         0  printfb.o ABSOLUTE
    ../../microlib/printf/printf.c           0x00000000   Number         0  printf3.o ABSOLUTE
    ../../microlib/printf/printf.c           0x00000000   Number         0  printf1.o ABSOLUTE
    ../../microlib/printf/printf.c           0x00000000   Number         0  printf2.o ABSOLUTE
    ../../microlib/printf/printf.c           0x00000000   Number         0  printf4.o ABSOLUTE
    ../../microlib/printf/stubs.s            0x00000000   Number         0  stubs.o ABSOLUTE
    ../../microlib/stdio/streams.c           0x00000000   Number         0  stdout.o ABSOLUTE
    ../../microlib/string/memcpy.c           0x00000000   Number         0  memcpyb.o ABSOLUTE
    ../../microlib/string/memcpy.c           0x00000000   Number         0  memcpya.o ABSOLUTE
    ../../microlib/string/memcpy.c           0x00000000   Number         0  memmovea.o ABSOLUTE
    ../../microlib/string/memcpy.c           0x00000000   Number         0  memmoveb.o ABSOLUTE
    ../../microlib/string/memset.c           0x00000000   Number         0  memseta.o ABSOLUTE
    ../../microlib/string/strchr.c           0x00000000   Number         0  strchr.o ABSOLUTE
    ../../microlib/string/strcpy.c           0x00000000   Number         0  strcpy.o ABSOLUTE
    ../../microlib/string/strlen.c           0x00000000   Number         0  strlen.o ABSOLUTE
    ../../microlib/string/strncmp.c          0x00000000   Number         0  strncmp.o ABSOLUTE
    ../../microlib/string/strncpy.c          0x00000000   Number         0  strncpy.o ABSOLUTE
    ../../microlib/string/strstr.c           0x00000000   Number         0  strstr.o ABSOLUTE
    ../../microlib/stubs.s                   0x00000000   Number         0  iusefp.o ABSOLUTE
    ../../poly.c                             0x00000000   Number         0  poly.o ABSOLUTE
    ../../pow.c                              0x00000000   Number         0  pow_x.o ABSOLUTE
    ../../pow.c                              0x00000000   Number         0  pow.o ABSOLUTE
    ../../qnan.c                             0x00000000   Number         0  qnan.o ABSOLUTE
    ../../scanf.c                            0x00000000   Number         0  atoi.o ABSOLUTE
    ../../scanf.c                            0x00000000   Number         0  _strtoul.o ABSOLUTE
    ../../scanf.c                            0x00000000   Number         0  _chval.o ABSOLUTE
    ../../scanf.c                            0x00000000   Number         0  strtol.o ABSOLUTE
    ../../sqrt.c                             0x00000000   Number         0  sqrt.o ABSOLUTE
    ../../sqrt.c                             0x00000000   Number         0  sqrt_x.o ABSOLUTE
    ..\Hal\usart1.c                          0x00000000   Number         0  usart1.o ABSOLUTE
    ..\Hal\usart2.c                          0x00000000   Number         0  usart2.o ABSOLUTE
    ..\Libraries\CMSIS\core_cm3.c            0x00000000   Number         0  core_cm3.o ABSOLUTE
    ..\Libraries\CMSIS\startup\arm\startup_stm32f10x_hd.s 0x00000000   Number         0  startup_stm32f10x_hd.o ABSOLUTE
    ..\Libraries\CMSIS\system_stm32f10x.c    0x00000000   Number         0  system_stm32f10x.o ABSOLUTE
    ..\Libraries\STM32F10x_StdPeriph_Driver\src\misc.c 0x00000000   Number         0  misc.o ABSOLUTE
    ..\Libraries\STM32F10x_StdPeriph_Driver\src\stm32f10x_adc.c 0x00000000   Number         0  stm32f10x_adc.o ABSOLUTE
    ..\Libraries\STM32F10x_StdPeriph_Driver\src\stm32f10x_bkp.c 0x00000000   Number         0  stm32f10x_bkp.o ABSOLUTE
    ..\Libraries\STM32F10x_StdPeriph_Driver\src\stm32f10x_can.c 0x00000000   Number         0  stm32f10x_can.o ABSOLUTE
    ..\Libraries\STM32F10x_StdPeriph_Driver\src\stm32f10x_cec.c 0x00000000   Number         0  stm32f10x_cec.o ABSOLUTE
    ..\Libraries\STM32F10x_StdPeriph_Driver\src\stm32f10x_crc.c 0x00000000   Number         0  stm32f10x_crc.o ABSOLUTE
    ..\Libraries\STM32F10x_StdPeriph_Driver\src\stm32f10x_dac.c 0x00000000   Number         0  stm32f10x_dac.o ABSOLUTE
    ..\Libraries\STM32F10x_StdPeriph_Driver\src\stm32f10x_dbgmcu.c 0x00000000   Number         0  stm32f10x_dbgmcu.o ABSOLUTE
    ..\Libraries\STM32F10x_StdPeriph_Driver\src\stm32f10x_dma.c 0x00000000   Number         0  stm32f10x_dma.o ABSOLUTE
    ..\Libraries\STM32F10x_StdPeriph_Driver\src\stm32f10x_exti.c 0x00000000   Number         0  stm32f10x_exti.o ABSOLUTE
    ..\Libraries\STM32F10x_StdPeriph_Driver\src\stm32f10x_flash.c 0x00000000   Number         0  stm32f10x_flash.o ABSOLUTE
    ..\Libraries\STM32F10x_StdPeriph_Driver\src\stm32f10x_fsmc.c 0x00000000   Number         0  stm32f10x_fsmc.o ABSOLUTE
    ..\Libraries\STM32F10x_StdPeriph_Driver\src\stm32f10x_gpio.c 0x00000000   Number         0  stm32f10x_gpio.o ABSOLUTE
    ..\Libraries\STM32F10x_StdPeriph_Driver\src\stm32f10x_i2c.c 0x00000000   Number         0  stm32f10x_i2c.o ABSOLUTE
    ..\Libraries\STM32F10x_StdPeriph_Driver\src\stm32f10x_iwdg.c 0x00000000   Number         0  stm32f10x_iwdg.o ABSOLUTE
    ..\Libraries\STM32F10x_StdPeriph_Driver\src\stm32f10x_pwr.c 0x00000000   Number         0  stm32f10x_pwr.o ABSOLUTE
    ..\Libraries\STM32F10x_StdPeriph_Driver\src\stm32f10x_rcc.c 0x00000000   Number         0  stm32f10x_rcc.o ABSOLUTE
    ..\Libraries\STM32F10x_StdPeriph_Driver\src\stm32f10x_rtc.c 0x00000000   Number         0  stm32f10x_rtc.o ABSOLUTE
    ..\Libraries\STM32F10x_StdPeriph_Driver\src\stm32f10x_sdio.c 0x00000000   Number         0  stm32f10x_sdio.o ABSOLUTE
    ..\Libraries\STM32F10x_StdPeriph_Driver\src\stm32f10x_spi.c 0x00000000   Number         0  stm32f10x_spi.o ABSOLUTE
    ..\Libraries\STM32F10x_StdPeriph_Driver\src\stm32f10x_tim.c 0x00000000   Number         0  stm32f10x_tim.o ABSOLUTE
    ..\Libraries\STM32F10x_StdPeriph_Driver\src\stm32f10x_usart.c 0x00000000   Number         0  stm32f10x_usart.o ABSOLUTE
    ..\Libraries\STM32F10x_StdPeriph_Driver\src\stm32f10x_wwdg.c 0x00000000   Number         0  stm32f10x_wwdg.o ABSOLUTE
    ..\Network\esp8266\esp8266.c             0x00000000   Number         0  esp8266.o ABSOLUTE
    ..\Protocol\edp\EdpDemo.c                0x00000000   Number         0  edpdemo.o ABSOLUTE
    ..\Protocol\edp\EdpKit.c                 0x00000000   Number         0  edpkit.o ABSOLUTE
    ..\User\main.c                           0x00000000   Number         0  main.o ABSOLUTE
    ..\User\stm32f10x_it.c                   0x00000000   Number         0  stm32f10x_it.o ABSOLUTE
    ..\Utils\cJSON.c                         0x00000000   Number         0  cjson.o ABSOLUTE
    ..\Utils\utils.c                         0x00000000   Number         0  utils.o ABSOLUTE
    ..\\Libraries\\CMSIS\\core_cm3.c         0x00000000   Number         0  core_cm3.o ABSOLUTE
    cdcmple.s                                0x00000000   Number         0  cdcmple.o ABSOLUTE
    cdrcmple.s                               0x00000000   Number         0  cdrcmple.o ABSOLUTE
    dc.s                                     0x00000000   Number         0  dc.o ABSOLUTE
    handlers.s                               0x00000000   Number         0  handlers.o ABSOLUTE
    init.s                                   0x00000000   Number         0  init.o ABSOLUTE
    RESET                                    0x08000000   Section      304  startup_stm32f10x_hd.o(RESET)
    .ARM.Collect$$$$00000000                 0x08000130   Section        0  entry.o(.ARM.Collect$$$$00000000)
    .ARM.Collect$$$$00000001                 0x08000130   Section        4  entry2.o(.ARM.Collect$$$$00000001)
    .ARM.Collect$$$$00000004                 0x08000134   Section        4  entry5.o(.ARM.Collect$$$$00000004)
    .ARM.Collect$$$$00000008                 0x08000138   Section        0  entry7b.o(.ARM.Collect$$$$00000008)
    .ARM.Collect$$$$00000009                 0x08000138   Section        8  entry8.o(.ARM.Collect$$$$00000009)
    .ARM.Collect$$$$00002712                 0x08000140   Section        4  entry2.o(.ARM.Collect$$$$00002712)
    __lit__00000000                          0x08000140   Data           4  entry2.o(.ARM.Collect$$$$00002712)
    .text                                    0x08000144   Section        0  system_stm32f10x.o(.text)
    SetSysClockTo72                          0x08000145   Thumb Code   192  system_stm32f10x.o(.text)
    SetSysClock                              0x08000205   Thumb Code     8  system_stm32f10x.o(.text)
    .text                                    0x08000314   Section       36  startup_stm32f10x_hd.o(.text)
    .text                                    0x08000338   Section        0  main.o(.text)
    .text                                    0x08000534   Section        0  stm32f10x_it.o(.text)
    .text                                    0x080005cc   Section        0  misc.o(.text)
    .text                                    0x080006a8   Section        0  stm32f10x_gpio.o(.text)
    .text                                    0x08000a00   Section        0  stm32f10x_rcc.o(.text)
    .text                                    0x08000da8   Section        0  stm32f10x_usart.o(.text)
    .text                                    0x080011b4   Section        0  usart1.o(.text)
    .text                                    0x080012a8   Section        0  usart2.o(.text)
    .text                                    0x08001434   Section        0  edpkit.o(.text)
    FormatAt                                 0x08001437   Thumb Code     2  edpkit.o(.text)
    PacketSavedataType1Int                   0x080019d3   Thumb Code   224  edpkit.o(.text)
    PacketSavedataType1Double                0x08001ab3   Thumb Code   220  edpkit.o(.text)
    PacketSavedataType1String                0x08001b8f   Thumb Code   216  edpkit.o(.text)
    PacketSavedataType2Int                   0x08001c67   Thumb Code    68  edpkit.o(.text)
    PacketSavedataType2Double                0x08001cab   Thumb Code    72  edpkit.o(.text)
    PacketSavedataType2String                0x08001cf3   Thumb Code    68  edpkit.o(.text)
    PacketSavedataType3Int                   0x08001d37   Thumb Code   112  edpkit.o(.text)
    PacketSavedataType3Double                0x08001da7   Thumb Code   164  edpkit.o(.text)
    PacketSavedataType3String                0x08001e4b   Thumb Code   108  edpkit.o(.text)
    UnpackSavedataType1Int                   0x0800202b   Thumb Code   204  edpkit.o(.text)
    UnpackSavedataType1Double                0x080020f7   Thumb Code   208  edpkit.o(.text)
    UnpackSavedataType1String                0x080021c7   Thumb Code   244  edpkit.o(.text)
    UnpackSavedataType2Int                   0x080022bb   Thumb Code    96  edpkit.o(.text)
    UnpackSavedataType2Double                0x0800231b   Thumb Code   100  edpkit.o(.text)
    UnpackSavedataType2String                0x0800237f   Thumb Code   142  edpkit.o(.text)
    UnpackSavedataType3Int                   0x0800240d   Thumb Code   110  edpkit.o(.text)
    UnpackSavedataType3Double                0x0800247b   Thumb Code   114  edpkit.o(.text)
    UnpackSavedataType3String                0x080024ed   Thumb Code   148  edpkit.o(.text)
    .text                                    0x08002ca0   Section        0  edpdemo.o(.text)
    .text                                    0x080031d4   Section        0  cjson.o(.text)
    cJSON_strcasecmp                         0x080031db   Thumb Code    76  cjson.o(.text)
    cJSON_strdup                             0x08003227   Thumb Code    40  cjson.o(.text)
    cJSON_New_Item                           0x0800327f   Thumb Code    26  cjson.o(.text)
    parse_number                             0x080032eb   Thumb Code   432  cjson.o(.text)
    pow2gt                                   0x0800349b   Thumb Code    28  cjson.o(.text)
    ensure                                   0x080034b7   Thumb Code   104  cjson.o(.text)
    update                                   0x0800351f   Thumb Code    32  cjson.o(.text)
    print_number                             0x0800353f   Thumb Code   408  cjson.o(.text)
    parse_hex4                               0x080036d7   Thumb Code   276  cjson.o(.text)
    parse_string                             0x080037eb   Thumb Code   448  cjson.o(.text)
    print_string_ptr                         0x080039ab   Thumb Code   498  cjson.o(.text)
    print_string                             0x08003b9d   Thumb Code    16  cjson.o(.text)
    skip                                     0x08003bad   Thumb Code    18  cjson.o(.text)
    parse_object                             0x08003bbf   Thumb Code   270  cjson.o(.text)
    parse_array                              0x08003ccd   Thumb Code   166  cjson.o(.text)
    parse_value                              0x08003d73   Thumb Code   158  cjson.o(.text)
    print_object                             0x08003eb9   Thumb Code  1052  cjson.o(.text)
    print_array                              0x080042d5   Thumb Code   578  cjson.o(.text)
    print_value                              0x08004517   Thumb Code   294  cjson.o(.text)
    suffix_object                            0x080046d7   Thumb Code     6  cjson.o(.text)
    create_reference                         0x080046dd   Thumb Code    48  cjson.o(.text)
    .text                                    0x08004c70   Section        0  utils.o(.text)
    .text                                    0x08004d30   Section        0  esp8266.o(.text)
    .text                                    0x08004e30   Section        0  tolower.o(.text)
    .text                                    0x08004e3c   Section        0  memmovea.o(.text)
    .text                                    0x08004e7c   Section        0  memseta.o(.text)
    .text                                    0x08004ea2   Section        0  strstr.o(.text)
    .text                                    0x08004ece   Section        0  strncpy.o(.text)
    .text                                    0x08004ee6   Section        0  strchr.o(.text)
    .text                                    0x08004ef8   Section        0  strlen.o(.text)
    .text                                    0x08004f08   Section        0  strcpy.o(.text)
    .text                                    0x08004f1a   Section        0  strncmp.o(.text)
    .text                                    0x08004f38   Section        0  atoi.o(.text)
    .text                                    0x08004f52   Section        0  dadd.o(.text)
    .text                                    0x0800509e   Section        0  dmul.o(.text)
    .text                                    0x0800517e   Section        0  dflti.o(.text)
    .text                                    0x080051a0   Section        0  dfixi.o(.text)
    .text                                    0x080051de   Section        0  f2d.o(.text)
    .text                                    0x0800520c   Section       40  cdcmple.o(.text)
    .text                                    0x08005234   Section       40  cdrcmple.o(.text)
    .text                                    0x0800525c   Section        0  uidiv.o(.text)
    .text                                    0x08005288   Section        0  uldiv.o(.text)
    .text                                    0x080052ea   Section        0  llshl.o(.text)
    .text                                    0x08005308   Section        0  llushr.o(.text)
    .text                                    0x08005328   Section        0  llsshr.o(.text)
    .text                                    0x0800534c   Section        0  strtol.o(.text)
    .text                                    0x080053bc   Section        0  iusefp.o(.text)
    .text                                    0x080053bc   Section        0  depilogue.o(.text)
    .text                                    0x0800547a   Section        0  ddiv.o(.text)
    .text                                    0x08005558   Section        0  dscalb.o(.text)
    .text                                    0x08005586   Section        0  dfixul.o(.text)
    .text                                    0x080055b8   Section       36  init.o(.text)
    .text                                    0x080055dc   Section        0  ctype_o.o(.text)
    .text                                    0x080055e4   Section        0  _strtoul.o(.text)
    .text                                    0x08005682   Section        0  dsqrt.o(.text)
    .text                                    0x08005724   Section        0  _chval.o(.text)
    i.__0printf                              0x08005740   Section        0  printfa.o(i.__0printf)
    i.__0sprintf                             0x08005760   Section        0  printfa.o(i.__0sprintf)
    i.__ARM_fpclassify                       0x08005788   Section        0  fpclassify.o(i.__ARM_fpclassify)
    i.__aeabi_errno_addr                     0x080057b0   Section        0  errno.o(i.__aeabi_errno_addr)
    i.__kernel_poly                          0x080057b8   Section        0  poly.o(i.__kernel_poly)
    i.__mathlib_dbl_underflow                0x08005864   Section        0  dunder.o(i.__mathlib_dbl_underflow)
    i.__scatterload_copy                     0x08005874   Section       14  handlers.o(i.__scatterload_copy)
    i.__scatterload_null                     0x08005882   Section        2  handlers.o(i.__scatterload_null)
    i.__scatterload_zeroinit                 0x08005884   Section       14  handlers.o(i.__scatterload_zeroinit)
    i.__set_errno                            0x08005894   Section        0  errno.o(i.__set_errno)
    i._fp_digits                             0x080058a0   Section        0  printfa.o(i._fp_digits)
    _fp_digits                               0x080058a1   Thumb Code   324  printfa.o(i._fp_digits)
    i._printf_core                           0x080059f8   Section        0  printfa.o(i._printf_core)
    _printf_core                             0x080059f9   Thumb Code  1782  printfa.o(i._printf_core)
    i._printf_post_padding                   0x080060fc   Section        0  printfa.o(i._printf_post_padding)
    _printf_post_padding                     0x080060fd   Thumb Code    38  printfa.o(i._printf_post_padding)
    i._printf_pre_padding                    0x08006122   Section        0  printfa.o(i._printf_pre_padding)
    _printf_pre_padding                      0x08006123   Thumb Code    48  printfa.o(i._printf_pre_padding)
    i._sputc                                 0x08006152   Section        0  printfa.o(i._sputc)
    _sputc                                   0x08006153   Thumb Code    10  printfa.o(i._sputc)
    i.floor                                  0x0800615c   Section        0  floor.o(i.floor)
    i.free                                   0x08006238   Section        0  malloc.o(i.free)
    i.malloc                                 0x08006288   Section        0  malloc.o(i.malloc)
    i.pow                                    0x080062f4   Section        0  pow.o(i.pow)
    i.sqrt                                   0x08006ce0   Section        0  sqrt.o(i.sqrt)
    .constdata                               0x08006d2c   Section     2583  main.o(.constdata)
    .constdata                               0x08007743   Section        8  usart2.o(.constdata)
    __func__                                 0x08007743   Data           8  usart2.o(.constdata)
    .constdata                               0x0800774b   Section       23  edpkit.o(.constdata)
    __func__                                 0x0800774b   Data          10  edpkit.o(.constdata)
    __func__                                 0x08007755   Data          13  edpkit.o(.constdata)
    .constdata                               0x08007764   Section       72  edpdemo.o(.constdata)
    .constdata                               0x080077ac   Section        7  cjson.o(.constdata)
    firstByteMark                            0x080077ac   Data           7  cjson.o(.constdata)
    .constdata                               0x080077b3   Section      512  utils.o(.constdata)
    aucCRCHi                                 0x080077b3   Data         256  utils.o(.constdata)
    aucCRCLo                                 0x080078b3   Data         256  utils.o(.constdata)
    .constdata                               0x080079b8   Section      136  pow.o(.constdata)
    bp                                       0x080079b8   Data          16  pow.o(.constdata)
    dp_h                                     0x080079c8   Data          16  pow.o(.constdata)
    dp_l                                     0x080079d8   Data          16  pow.o(.constdata)
    L                                        0x080079e8   Data          48  pow.o(.constdata)
    P                                        0x08007a18   Data          40  pow.o(.constdata)
    .constdata                               0x08007a40   Section        8  qnan.o(.constdata)
    .constdata                               0x08007a48   Section      129  ctype_o.o(.constdata)
    .constdata                               0x08007acc   Section        4  ctype_o.o(.constdata)
    table                                    0x08007acc   Data           4  ctype_o.o(.constdata)
    .data                                    0x20000000   Section       20  system_stm32f10x.o(.data)
    .data                                    0x20000014   Section       20  stm32f10x_rcc.o(.data)
    APBAHBPrescTable                         0x20000014   Data          16  stm32f10x_rcc.o(.data)
    ADCPrescTable                            0x20000024   Data           4  stm32f10x_rcc.o(.data)
    .data                                    0x20000028   Section        8  usart2.o(.data)
    .data                                    0x20000030   Section       12  cjson.o(.data)
    cJSON_malloc                             0x20000030   Data           4  cjson.o(.data)
    cJSON_free                               0x20000034   Data           4  cjson.o(.data)
    ep                                       0x20000038   Data           4  cjson.o(.data)
    .data                                    0x2000003c   Section        4  stdout.o(.data)
    .data                                    0x20000040   Section        4  mvars.o(.data)
    .data                                    0x20000044   Section        4  mvars.o(.data)
    .data                                    0x20000048   Section        4  errno.o(.data)
    _errno                                   0x20000048   Data           4  errno.o(.data)
    .bss                                     0x2000004c   Section     1024  usart2.o(.bss)
    HEAP                                     0x20000450   Section     1024  startup_stm32f10x_hd.o(HEAP)
    STACK                                    0x20000850   Section     1024  startup_stm32f10x_hd.o(STACK)

    Global Symbols

    Symbol Name                              Value     Ov Type        Size  Object(Section)

    BuildAttributes$$THM_ISAv4$P$D$K$B$S$PE$A:L22UL41UL21$X:L11$S22US41US21$IEEE1$IW$USESV6$~STKCKD$USESV7$~SHL$OTIME$ROPI$IEEEX$EBA8$MICROLIB$REQ8$PRES8$EABIv2 0x00000000   Number         0  anon$$obj.o ABSOLUTE
    __ARM_use_no_argv                        0x00000000   Number         0  main.o ABSOLUTE
    _printf_a                                0x00000000   Number         0  stubs.o ABSOLUTE
    _printf_c                                0x00000000   Number         0  stubs.o ABSOLUTE
    _printf_charcount                        0x00000000   Number         0  stubs.o ABSOLUTE
    _printf_d                                0x00000000   Number         0  stubs.o ABSOLUTE
    _printf_e                                0x00000000   Number         0  stubs.o ABSOLUTE
    _printf_f                                0x00000000   Number         0  stubs.o ABSOLUTE
    _printf_flags                            0x00000000   Number         0  stubs.o ABSOLUTE
    _printf_fp_dec                           0x00000000   Number         0  stubs.o ABSOLUTE
    _printf_fp_hex                           0x00000000   Number         0  stubs.o ABSOLUTE
    _printf_g                                0x00000000   Number         0  stubs.o ABSOLUTE
    _printf_i                                0x00000000   Number         0  stubs.o ABSOLUTE
    _printf_int_dec                          0x00000000   Number         0  stubs.o ABSOLUTE
    _printf_l                                0x00000000   Number         0  stubs.o ABSOLUTE
    _printf_lc                               0x00000000   Number         0  stubs.o ABSOLUTE
    _printf_ll                               0x00000000   Number         0  stubs.o ABSOLUTE
    _printf_lld                              0x00000000   Number         0  stubs.o ABSOLUTE
    _printf_lli                              0x00000000   Number         0  stubs.o ABSOLUTE
    _printf_llo                              0x00000000   Number         0  stubs.o ABSOLUTE
    _printf_llu                              0x00000000   Number         0  stubs.o ABSOLUTE
    _printf_llx                              0x00000000   Number         0  stubs.o ABSOLUTE
    _printf_longlong_dec                     0x00000000   Number         0  stubs.o ABSOLUTE
    _printf_longlong_hex                     0x00000000   Number         0  stubs.o ABSOLUTE
    _printf_longlong_oct                     0x00000000   Number         0  stubs.o ABSOLUTE
    _printf_ls                               0x00000000   Number         0  stubs.o ABSOLUTE
    _printf_mbtowc                           0x00000000   Number         0  stubs.o ABSOLUTE
    _printf_n                                0x00000000   Number         0  stubs.o ABSOLUTE
    _printf_o                                0x00000000   Number         0  stubs.o ABSOLUTE
    _printf_p                                0x00000000   Number         0  stubs.o ABSOLUTE
    _printf_percent                          0x00000000   Number         0  stubs.o ABSOLUTE
    _printf_pre_padding                      0x00000000   Number         0  stubs.o ABSOLUTE
    _printf_return_value                     0x00000000   Number         0  stubs.o ABSOLUTE
    _printf_s                                0x00000000   Number         0  stubs.o ABSOLUTE
    _printf_sizespec                         0x00000000   Number         0  stubs.o ABSOLUTE
    _printf_str                              0x00000000   Number         0  stubs.o ABSOLUTE
    _printf_truncate_signed                  0x00000000   Number         0  stubs.o ABSOLUTE
    _printf_truncate_unsigned                0x00000000   Number         0  stubs.o ABSOLUTE
    _printf_u                                0x00000000   Number         0  stubs.o ABSOLUTE
    _printf_wc                               0x00000000   Number         0  stubs.o ABSOLUTE
    _printf_wctomb                           0x00000000   Number         0  stubs.o ABSOLUTE
    _printf_widthprec                        0x00000000   Number         0  stubs.o ABSOLUTE
    _printf_x                                0x00000000   Number         0  stubs.o ABSOLUTE
    __decompress                              - Undefined Weak Reference
    _clock_init                               - Undefined Weak Reference
    __Vectors_Size                           0x00000130   Number         0  startup_stm32f10x_hd.o ABSOLUTE
    __Vectors                                0x08000000   Data           4  startup_stm32f10x_hd.o(RESET)
    __Vectors_End                            0x08000130   Data           0  startup_stm32f10x_hd.o(RESET)
    __main                                   0x08000131   Thumb Code     0  entry.o(.ARM.Collect$$$$00000000)
    _main_stk                                0x08000131   Thumb Code     0  entry2.o(.ARM.Collect$$$$00000001)
    _main_scatterload                        0x08000135   Thumb Code     0  entry5.o(.ARM.Collect$$$$00000004)
    __main_after_scatterload                 0x08000139   Thumb Code     0  entry5.o(.ARM.Collect$$$$00000004)
    _main_clock                              0x08000139   Thumb Code     0  entry7b.o(.ARM.Collect$$$$00000008)
    _main_init                               0x08000139   Thumb Code     0  entry8.o(.ARM.Collect$$$$00000009)
    SystemInit                               0x0800020d   Thumb Code    78  system_stm32f10x.o(.text)
    SystemCoreClockUpdate                    0x0800025b   Thumb Code   142  system_stm32f10x.o(.text)
    Reset_Handler                            0x08000315   Thumb Code     8  startup_stm32f10x_hd.o(.text)
    ADC1_2_IRQHandler                        0x0800032f   Thumb Code     0  startup_stm32f10x_hd.o(.text)
    ADC3_IRQHandler                          0x0800032f   Thumb Code     0  startup_stm32f10x_hd.o(.text)
    CAN1_RX1_IRQHandler                      0x0800032f   Thumb Code     0  startup_stm32f10x_hd.o(.text)
    CAN1_SCE_IRQHandler                      0x0800032f   Thumb Code     0  startup_stm32f10x_hd.o(.text)
    DMA1_Channel1_IRQHandler                 0x0800032f   Thumb Code     0  startup_stm32f10x_hd.o(.text)
    DMA1_Channel2_IRQHandler                 0x0800032f   Thumb Code     0  startup_stm32f10x_hd.o(.text)
    DMA1_Channel3_IRQHandler                 0x0800032f   Thumb Code     0  startup_stm32f10x_hd.o(.text)
    DMA1_Channel4_IRQHandler                 0x0800032f   Thumb Code     0  startup_stm32f10x_hd.o(.text)
    DMA1_Channel5_IRQHandler                 0x0800032f   Thumb Code     0  startup_stm32f10x_hd.o(.text)
    DMA1_Channel6_IRQHandler                 0x0800032f   Thumb Code     0  startup_stm32f10x_hd.o(.text)
    DMA1_Channel7_IRQHandler                 0x0800032f   Thumb Code     0  startup_stm32f10x_hd.o(.text)
    DMA2_Channel1_IRQHandler                 0x0800032f   Thumb Code     0  startup_stm32f10x_hd.o(.text)
    DMA2_Channel2_IRQHandler                 0x0800032f   Thumb Code     0  startup_stm32f10x_hd.o(.text)
    DMA2_Channel3_IRQHandler                 0x0800032f   Thumb Code     0  startup_stm32f10x_hd.o(.text)
    DMA2_Channel4_5_IRQHandler               0x0800032f   Thumb Code     0  startup_stm32f10x_hd.o(.text)
    EXTI15_10_IRQHandler                     0x0800032f   Thumb Code     0  startup_stm32f10x_hd.o(.text)
    EXTI1_IRQHandler                         0x0800032f   Thumb Code     0  startup_stm32f10x_hd.o(.text)
    EXTI2_IRQHandler                         0x0800032f   Thumb Code     0  startup_stm32f10x_hd.o(.text)
    EXTI3_IRQHandler                         0x0800032f   Thumb Code     0  startup_stm32f10x_hd.o(.text)
    EXTI4_IRQHandler                         0x0800032f   Thumb Code     0  startup_stm32f10x_hd.o(.text)
    EXTI9_5_IRQHandler                       0x0800032f   Thumb Code     0  startup_stm32f10x_hd.o(.text)
    FLASH_IRQHandler                         0x0800032f   Thumb Code     0  startup_stm32f10x_hd.o(.text)
    FSMC_IRQHandler                          0x0800032f   Thumb Code     0  startup_stm32f10x_hd.o(.text)
    I2C1_ER_IRQHandler                       0x0800032f   Thumb Code     0  startup_stm32f10x_hd.o(.text)
    I2C1_EV_IRQHandler                       0x0800032f   Thumb Code     0  startup_stm32f10x_hd.o(.text)
    I2C2_ER_IRQHandler                       0x0800032f   Thumb Code     0  startup_stm32f10x_hd.o(.text)
    I2C2_EV_IRQHandler                       0x0800032f   Thumb Code     0  startup_stm32f10x_hd.o(.text)
    PVD_IRQHandler                           0x0800032f   Thumb Code     0  startup_stm32f10x_hd.o(.text)
    RCC_IRQHandler                           0x0800032f   Thumb Code     0  startup_stm32f10x_hd.o(.text)
    RTCAlarm_IRQHandler                      0x0800032f   Thumb Code     0  startup_stm32f10x_hd.o(.text)
    SDIO_IRQHandler                          0x0800032f   Thumb Code     0  startup_stm32f10x_hd.o(.text)
    SPI1_IRQHandler                          0x0800032f   Thumb Code     0  startup_stm32f10x_hd.o(.text)
    SPI2_IRQHandler                          0x0800032f   Thumb Code     0  startup_stm32f10x_hd.o(.text)
    SPI3_IRQHandler                          0x0800032f   Thumb Code     0  startup_stm32f10x_hd.o(.text)
    TAMPER_IRQHandler                        0x0800032f   Thumb Code     0  startup_stm32f10x_hd.o(.text)
    TIM1_BRK_IRQHandler                      0x0800032f   Thumb Code     0  startup_stm32f10x_hd.o(.text)
    TIM1_CC_IRQHandler                       0x0800032f   Thumb Code     0  startup_stm32f10x_hd.o(.text)
    TIM1_TRG_COM_IRQHandler                  0x0800032f   Thumb Code     0  startup_stm32f10x_hd.o(.text)
    TIM1_UP_IRQHandler                       0x0800032f   Thumb Code     0  startup_stm32f10x_hd.o(.text)
    TIM2_IRQHandler                          0x0800032f   Thumb Code     0  startup_stm32f10x_hd.o(.text)
    TIM3_IRQHandler                          0x0800032f   Thumb Code     0  startup_stm32f10x_hd.o(.text)
    TIM4_IRQHandler                          0x0800032f   Thumb Code     0  startup_stm32f10x_hd.o(.text)
    TIM5_IRQHandler                          0x0800032f   Thumb Code     0  startup_stm32f10x_hd.o(.text)
    TIM6_IRQHandler                          0x0800032f   Thumb Code     0  startup_stm32f10x_hd.o(.text)
    TIM7_IRQHandler                          0x0800032f   Thumb Code     0  startup_stm32f10x_hd.o(.text)
    TIM8_BRK_IRQHandler                      0x0800032f   Thumb Code     0  startup_stm32f10x_hd.o(.text)
    TIM8_CC_IRQHandler                       0x0800032f   Thumb Code     0  startup_stm32f10x_hd.o(.text)
    TIM8_TRG_COM_IRQHandler                  0x0800032f   Thumb Code     0  startup_stm32f10x_hd.o(.text)
    TIM8_UP_IRQHandler                       0x0800032f   Thumb Code     0  startup_stm32f10x_hd.o(.text)
    UART4_IRQHandler                         0x0800032f   Thumb Code     0  startup_stm32f10x_hd.o(.text)
    UART5_IRQHandler                         0x0800032f   Thumb Code     0  startup_stm32f10x_hd.o(.text)
    USART3_IRQHandler                        0x0800032f   Thumb Code     0  startup_stm32f10x_hd.o(.text)
    USBWakeUp_IRQHandler                     0x0800032f   Thumb Code     0  startup_stm32f10x_hd.o(.text)
    USB_HP_CAN1_TX_IRQHandler                0x0800032f   Thumb Code     0  startup_stm32f10x_hd.o(.text)
    USB_LP_CAN1_RX0_IRQHandler               0x0800032f   Thumb Code     0  startup_stm32f10x_hd.o(.text)
    WWDG_IRQHandler                          0x0800032f   Thumb Code     0  startup_stm32f10x_hd.o(.text)
    main                                     0x08000339   Thumb Code   284  main.o(.text)
    NMI_Handler                              0x08000535   Thumb Code     2  stm32f10x_it.o(.text)
    HardFault_Handler                        0x08000537   Thumb Code     4  stm32f10x_it.o(.text)
    MemManage_Handler                        0x0800053b   Thumb Code     4  stm32f10x_it.o(.text)
    BusFault_Handler                         0x0800053f   Thumb Code     4  stm32f10x_it.o(.text)
    UsageFault_Handler                       0x08000543   Thumb Code     4  stm32f10x_it.o(.text)
    SVC_Handler                              0x08000547   Thumb Code     2  stm32f10x_it.o(.text)
    DebugMon_Handler                         0x08000549   Thumb Code     2  stm32f10x_it.o(.text)
    PendSV_Handler                           0x0800054b   Thumb Code     2  stm32f10x_it.o(.text)
    SysTick_Handler                          0x0800054d   Thumb Code     2  stm32f10x_it.o(.text)
    EXTI0_IRQHandler                         0x0800054f   Thumb Code     2  stm32f10x_it.o(.text)
    USART1_IRQHandler                        0x08000551   Thumb Code    36  stm32f10x_it.o(.text)
    USART2_IRQHandler                        0x08000575   Thumb Code    70  stm32f10x_it.o(.text)
    RTC_IRQHandler                           0x080005bb   Thumb Code     2  stm32f10x_it.o(.text)
    NVIC_PriorityGroupConfig                 0x080005cd   Thumb Code    10  misc.o(.text)
    NVIC_Init                                0x080005d7   Thumb Code   102  misc.o(.text)
    NVIC_SetVectorTable                      0x0800063d   Thumb Code    14  misc.o(.text)
    NVIC_SystemLPConfig                      0x0800064b   Thumb Code    34  misc.o(.text)
    SysTick_CLKSourceConfig                  0x0800066d   Thumb Code    40  misc.o(.text)
    GPIO_DeInit                              0x080006a9   Thumb Code   172  stm32f10x_gpio.o(.text)
    GPIO_AFIODeInit                          0x08000755   Thumb Code    20  stm32f10x_gpio.o(.text)
    GPIO_Init                                0x08000769   Thumb Code   274  stm32f10x_gpio.o(.text)
    GPIO_StructInit                          0x0800087b   Thumb Code    16  stm32f10x_gpio.o(.text)
    GPIO_ReadInputDataBit                    0x0800088b   Thumb Code    18  stm32f10x_gpio.o(.text)
    GPIO_ReadInputData                       0x0800089d   Thumb Code     8  stm32f10x_gpio.o(.text)
    GPIO_ReadOutputDataBit                   0x080008a5   Thumb Code    18  stm32f10x_gpio.o(.text)
    GPIO_ReadOutputData                      0x080008b7   Thumb Code     8  stm32f10x_gpio.o(.text)
    GPIO_SetBits                             0x080008bf   Thumb Code     4  stm32f10x_gpio.o(.text)
    GPIO_ResetBits                           0x080008c3   Thumb Code     4  stm32f10x_gpio.o(.text)
    GPIO_WriteBit                            0x080008c7   Thumb Code    10  stm32f10x_gpio.o(.text)
    GPIO_Write                               0x080008d1   Thumb Code     4  stm32f10x_gpio.o(.text)
    GPIO_PinLockConfig                       0x080008d5   Thumb Code    18  stm32f10x_gpio.o(.text)
    GPIO_EventOutputConfig                   0x080008e7   Thumb Code    26  stm32f10x_gpio.o(.text)
    GPIO_EventOutputCmd                      0x08000901   Thumb Code     6  stm32f10x_gpio.o(.text)
    GPIO_PinRemapConfig                      0x08000907   Thumb Code   138  stm32f10x_gpio.o(.text)
    GPIO_EXTILineConfig                      0x08000991   Thumb Code    66  stm32f10x_gpio.o(.text)
    GPIO_ETH_MediaInterfaceConfig            0x080009d3   Thumb Code     6  stm32f10x_gpio.o(.text)
    RCC_DeInit                               0x08000a01   Thumb Code    64  stm32f10x_rcc.o(.text)
    RCC_HSEConfig                            0x08000a41   Thumb Code    70  stm32f10x_rcc.o(.text)
    RCC_GetFlagStatus                        0x08000a87   Thumb Code    56  stm32f10x_rcc.o(.text)
    RCC_WaitForHSEStartUp                    0x08000abf   Thumb Code    48  stm32f10x_rcc.o(.text)
    RCC_AdjustHSICalibrationValue            0x08000aef   Thumb Code    20  stm32f10x_rcc.o(.text)
    RCC_HSICmd                               0x08000b03   Thumb Code     6  stm32f10x_rcc.o(.text)
    RCC_PLLConfig                            0x08000b09   Thumb Code    24  stm32f10x_rcc.o(.text)
    RCC_PLLCmd                               0x08000b21   Thumb Code     6  stm32f10x_rcc.o(.text)
    RCC_SYSCLKConfig                         0x08000b27   Thumb Code    18  stm32f10x_rcc.o(.text)
    RCC_GetSYSCLKSource                      0x08000b39   Thumb Code    10  stm32f10x_rcc.o(.text)
    RCC_HCLKConfig                           0x08000b43   Thumb Code    18  stm32f10x_rcc.o(.text)
    RCC_PCLK1Config                          0x08000b55   Thumb Code    18  stm32f10x_rcc.o(.text)
    RCC_PCLK2Config                          0x08000b67   Thumb Code    20  stm32f10x_rcc.o(.text)
    RCC_ITConfig                             0x08000b7b   Thumb Code    30  stm32f10x_rcc.o(.text)
    RCC_USBCLKConfig                         0x08000b99   Thumb Code     6  stm32f10x_rcc.o(.text)
    RCC_ADCCLKConfig                         0x08000b9f   Thumb Code    18  stm32f10x_rcc.o(.text)
    RCC_LSEConfig                            0x08000bb1   Thumb Code    44  stm32f10x_rcc.o(.text)
    RCC_LSICmd                               0x08000bdd   Thumb Code     6  stm32f10x_rcc.o(.text)
    RCC_RTCCLKConfig                         0x08000be3   Thumb Code    12  stm32f10x_rcc.o(.text)
    RCC_RTCCLKCmd                            0x08000bef   Thumb Code     8  stm32f10x_rcc.o(.text)
    RCC_GetClocksFreq                        0x08000bf7   Thumb Code   192  stm32f10x_rcc.o(.text)
    RCC_AHBPeriphClockCmd                    0x08000cb7   Thumb Code    26  stm32f10x_rcc.o(.text)
    RCC_APB2PeriphClockCmd                   0x08000cd1   Thumb Code    26  stm32f10x_rcc.o(.text)
    RCC_APB1PeriphClockCmd                   0x08000ceb   Thumb Code    26  stm32f10x_rcc.o(.text)
    RCC_APB2PeriphResetCmd                   0x08000d05   Thumb Code    26  stm32f10x_rcc.o(.text)
    RCC_APB1PeriphResetCmd                   0x08000d1f   Thumb Code    26  stm32f10x_rcc.o(.text)
    RCC_BackupResetCmd                       0x08000d39   Thumb Code     8  stm32f10x_rcc.o(.text)
    RCC_ClockSecuritySystemCmd               0x08000d41   Thumb Code     6  stm32f10x_rcc.o(.text)
    RCC_MCOConfig                            0x08000d47   Thumb Code     6  stm32f10x_rcc.o(.text)
    RCC_ClearFlag                            0x08000d4d   Thumb Code    14  stm32f10x_rcc.o(.text)
    RCC_GetITStatus                          0x08000d5b   Thumb Code    20  stm32f10x_rcc.o(.text)
    RCC_ClearITPendingBit                    0x08000d6f   Thumb Code     6  stm32f10x_rcc.o(.text)
    USART_DeInit                             0x08000da9   Thumb Code   134  stm32f10x_usart.o(.text)
    USART_Init                               0x08000e2f   Thumb Code   210  stm32f10x_usart.o(.text)
    USART_StructInit                         0x08000f01   Thumb Code    24  stm32f10x_usart.o(.text)
    USART_ClockInit                          0x08000f19   Thumb Code    34  stm32f10x_usart.o(.text)
    USART_ClockStructInit                    0x08000f3b   Thumb Code    12  stm32f10x_usart.o(.text)
    USART_Cmd                                0x08000f47   Thumb Code    24  stm32f10x_usart.o(.text)
    USART_ITConfig                           0x08000f5f   Thumb Code    74  stm32f10x_usart.o(.text)
    USART_DMACmd                             0x08000fa9   Thumb Code    24  stm32f10x_usart.o(.text)
    USART_SetAddress                         0x08000fc1   Thumb Code    18  stm32f10x_usart.o(.text)
    USART_WakeUpConfig                       0x08000fd3   Thumb Code    18  stm32f10x_usart.o(.text)
    USART_ReceiverWakeUpCmd                  0x08000fe5   Thumb Code    24  stm32f10x_usart.o(.text)
    USART_LINBreakDetectLengthConfig         0x08000ffd   Thumb Code    18  stm32f10x_usart.o(.text)
    USART_LINCmd                             0x0800100f   Thumb Code    24  stm32f10x_usart.o(.text)
    USART_SendData                           0x08001027   Thumb Code     8  stm32f10x_usart.o(.text)
    USART_ReceiveData                        0x0800102f   Thumb Code    10  stm32f10x_usart.o(.text)
    USART_SendBreak                          0x08001039   Thumb Code    10  stm32f10x_usart.o(.text)
    USART_SetGuardTime                       0x08001043   Thumb Code    16  stm32f10x_usart.o(.text)
    USART_SetPrescaler                       0x08001053   Thumb Code    16  stm32f10x_usart.o(.text)
    USART_SmartCardCmd                       0x08001063   Thumb Code    24  stm32f10x_usart.o(.text)
    USART_SmartCardNACKCmd                   0x0800107b   Thumb Code    24  stm32f10x_usart.o(.text)
    USART_HalfDuplexCmd                      0x08001093   Thumb Code    24  stm32f10x_usart.o(.text)
    USART_OverSampling8Cmd                   0x080010ab   Thumb Code    22  stm32f10x_usart.o(.text)
    USART_OneBitMethodCmd                    0x080010c1   Thumb Code    24  stm32f10x_usart.o(.text)
    USART_IrDAConfig                         0x080010d9   Thumb Code    18  stm32f10x_usart.o(.text)
    USART_IrDACmd                            0x080010eb   Thumb Code    24  stm32f10x_usart.o(.text)
    USART_GetFlagStatus                      0x08001103   Thumb Code    26  stm32f10x_usart.o(.text)
    USART_ClearFlag                          0x0800111d   Thumb Code    18  stm32f10x_usart.o(.text)
    USART_GetITStatus                        0x0800112f   Thumb Code    84  stm32f10x_usart.o(.text)
    USART_ClearITPendingBit                  0x08001183   Thumb Code    50  stm32f10x_usart.o(.text)
    USART1_Config                            0x080011b5   Thumb Code   152  usart1.o(.text)
    usart1_write                             0x0800124d   Thumb Code    50  usart1.o(.text)
    fputc                                    0x0800127f   Thumb Code    32  usart1.o(.text)
    USART2_Config                            0x080012a9   Thumb Code   158  usart2.o(.text)
    USART2_Clear                             0x08001347   Thumb Code    26  usart2.o(.text)
    USART2_Write                             0x08001361   Thumb Code    58  usart2.o(.text)
    SendCmd                                  0x0800139b   Thumb Code    78  usart2.o(.text)
    USART2_GetRcvNum                         0x080013e9   Thumb Code     6  usart2.o(.text)
    USART2_GetRcvData                        0x080013ef   Thumb Code    24  usart2.o(.text)
    my_assert                                0x08001435   Thumb Code     2  edpkit.o(.text)
    NewBuffer                                0x08001439   Thumb Code    66  edpkit.o(.text)
    DeleteBuffer                             0x0800147b   Thumb Code    26  edpkit.o(.text)
    CheckCapacity                            0x08001495   Thumb Code    90  edpkit.o(.text)
    ReadByte                                 0x080014ef   Thumb Code    36  edpkit.o(.text)
    ReadBytes                                0x08001513   Thumb Code    56  edpkit.o(.text)
    ReadUint16                               0x0800154b   Thumb Code    54  edpkit.o(.text)
    ReadUint32                               0x08001581   Thumb Code    54  edpkit.o(.text)
    ReadStr                                  0x080015b7   Thumb Code   102  edpkit.o(.text)
    ReadRemainlen                            0x0800161d   Thumb Code    82  edpkit.o(.text)
    WriteByte                                0x0800166f   Thumb Code    54  edpkit.o(.text)
    WriteBytes                               0x080016a5   Thumb Code    64  edpkit.o(.text)
    WriteUint16                              0x080016e5   Thumb Code    50  edpkit.o(.text)
    WriteUint32                              0x08001717   Thumb Code    74  edpkit.o(.text)
    WriteStr                                 0x08001761   Thumb Code    62  edpkit.o(.text)
    WriteRemainlen                           0x0800179f   Thumb Code    80  edpkit.o(.text)
    PacketConnect1                           0x080017ef   Thumb Code   146  edpkit.o(.text)
    PacketConnect2                           0x08001881   Thumb Code   126  edpkit.o(.text)
    PacketPushdata                           0x080018ff   Thumb Code    70  edpkit.o(.text)
    PacketSavedataJson                       0x08001945   Thumb Code   142  edpkit.o(.text)
    PacketSavedataInt                        0x08001eb7   Thumb Code    98  edpkit.o(.text)
    PacketSavedataDouble                     0x08001f19   Thumb Code   108  edpkit.o(.text)
    PacketSavedataString                     0x08001f85   Thumb Code    98  edpkit.o(.text)
    UnpackSavedataJson                       0x08001fe7   Thumb Code    68  edpkit.o(.text)
    UnpackSavedataInt                        0x08002581   Thumb Code    82  edpkit.o(.text)
    UnpackSavedataDouble                     0x080025d3   Thumb Code    82  edpkit.o(.text)
    UnpackSavedataString                     0x08002625   Thumb Code    82  edpkit.o(.text)
    UnpackSavedataAck                        0x08002677   Thumb Code    86  edpkit.o(.text)
    PacketSavedataBin                        0x080026cd   Thumb Code   190  edpkit.o(.text)
    PacketSavedataBinStr                     0x0800278b   Thumb Code   184  edpkit.o(.text)
    PacketCmdResp                            0x08002843   Thumb Code    98  edpkit.o(.text)
    PacketPing                               0x080028a5   Thumb Code    30  edpkit.o(.text)
    IsPkgComplete                            0x080028c3   Thumb Code    96  edpkit.o(.text)
    GetEdpPacket                             0x08002923   Thumb Code    72  edpkit.o(.text)
    EdpPacketType                            0x0800296b   Thumb Code    22  edpkit.o(.text)
    UnpackConnectResp                        0x08002981   Thumb Code    76  edpkit.o(.text)
    UnpackPushdata                           0x080029cd   Thumb Code   102  edpkit.o(.text)
    UnpackSavedata                           0x08002a33   Thumb Code    88  edpkit.o(.text)
    UnpackSavedataBin                        0x08002a8b   Thumb Code   108  edpkit.o(.text)
    UnpackSavedataBinStr                     0x08002af7   Thumb Code    88  edpkit.o(.text)
    UnpackCmdReq                             0x08002b4f   Thumb Code   128  edpkit.o(.text)
    UnpackPingResp                           0x08002bcf   Thumb Code    44  edpkit.o(.text)
    PacketSavedataSimpleString               0x08002bfb   Thumb Code   120  edpkit.o(.text)
    UnpackSavedataSimpleString               0x08002c73   Thumb Code    26  edpkit.o(.text)
    DoSend                                   0x08002ca1   Thumb Code    30  edpdemo.o(.text)
    sendPkt                                  0x08002cbf   Thumb Code    80  edpdemo.o(.text)
    uartDataParse                            0x08002d0f   Thumb Code   130  edpdemo.o(.text)
    Recv_Thread_Func                         0x08002d91   Thumb Code   580  edpdemo.o(.text)
    cJSON_GetErrorPtr                        0x080031d5   Thumb Code     6  cjson.o(.text)
    cJSON_InitHooks                          0x0800324f   Thumb Code    48  cjson.o(.text)
    cJSON_Delete                             0x08003299   Thumb Code    82  cjson.o(.text)
    cJSON_ParseWithOpts                      0x08003e11   Thumb Code   152  cjson.o(.text)
    cJSON_Parse                              0x08003ea9   Thumb Code    16  cjson.o(.text)
    cJSON_Print                              0x0800463d   Thumb Code    18  cjson.o(.text)
    cJSON_PrintUnformatted                   0x0800464f   Thumb Code    18  cjson.o(.text)
    cJSON_PrintBuffered                      0x08004661   Thumb Code    52  cjson.o(.text)
    cJSON_GetArraySize                       0x08004695   Thumb Code    18  cjson.o(.text)
    cJSON_GetArrayItem                       0x080046a7   Thumb Code    18  cjson.o(.text)
    cJSON_GetObjectItem                      0x080046b9   Thumb Code    30  cjson.o(.text)
    cJSON_AddItemToArray                     0x0800470d   Thumb Code    42  cjson.o(.text)
    cJSON_AddItemToObject                    0x08004737   Thumb Code    44  cjson.o(.text)
    cJSON_AddItemToObjectCS                  0x08004763   Thumb Code    54  cjson.o(.text)
    cJSON_AddItemReferenceToArray            0x08004799   Thumb Code    24  cjson.o(.text)
    cJSON_AddItemReferenceToObject           0x080047b1   Thumb Code    32  cjson.o(.text)
    cJSON_DetachItemFromArray                0x080047d1   Thumb Code    66  cjson.o(.text)
    cJSON_DeleteItemFromArray                0x08004813   Thumb Code    22  cjson.o(.text)
    cJSON_DetachItemFromObject               0x08004829   Thumb Code    50  cjson.o(.text)
    cJSON_DeleteItemFromObject               0x0800485b   Thumb Code    22  cjson.o(.text)
    cJSON_InsertItemInArray                  0x08004871   Thumb Code    64  cjson.o(.text)
    cJSON_ReplaceItemInArray                 0x080048b1   Thumb Code    76  cjson.o(.text)
    cJSON_ReplaceItemInObject                0x080048fd   Thumb Code    62  cjson.o(.text)
    cJSON_CreateNull                         0x0800493b   Thumb Code    18  cjson.o(.text)
    cJSON_CreateTrue                         0x0800494d   Thumb Code    18  cjson.o(.text)
    cJSON_CreateFalse                        0x0800495f   Thumb Code    18  cjson.o(.text)
    cJSON_CreateBool                         0x08004971   Thumb Code    26  cjson.o(.text)
    cJSON_CreateNumber                       0x0800498b   Thumb Code    36  cjson.o(.text)
    cJSON_CreateString                       0x080049af   Thumb Code    28  cjson.o(.text)
    cJSON_CreateArray                        0x080049cb   Thumb Code    18  cjson.o(.text)
    cJSON_CreateObject                       0x080049dd   Thumb Code    18  cjson.o(.text)
    cJSON_CreateIntArray                     0x080049ef   Thumb Code    74  cjson.o(.text)
    cJSON_CreateFloatArray                   0x08004a39   Thumb Code    74  cjson.o(.text)
    cJSON_CreateDoubleArray                  0x08004a83   Thumb Code    68  cjson.o(.text)
    cJSON_CreateStringArray                  0x08004ac7   Thumb Code    62  cjson.o(.text)
    cJSON_Duplicate                          0x08004b05   Thumb Code   176  cjson.o(.text)
    cJSON_Minify                             0x08004bb5   Thumb Code   186  cjson.o(.text)
    hexdump                                  0x08004c71   Thumb Code    46  utils.o(.text)
    prvucMBBIN2CHAR                          0x08004c9f   Thumb Code    34  utils.o(.text)
    usMBCRC16                                0x08004cc1   Thumb Code    48  utils.o(.text)
    mDelay                                   0x08004cf1   Thumb Code    26  utils.o(.text)
    uDelay                                   0x08004d0b   Thumb Code    18  utils.o(.text)
    ESP8266_Init                             0x08004d31   Thumb Code   104  esp8266.o(.text)
    tolower                                  0x08004e31   Thumb Code    12  tolower.o(.text)
    ___aeabi_memcpy8$move                    0x08004e3d   Thumb Code     0  memmovea.o(.text)
    __aeabi_memcpy                           0x08004e3d   Thumb Code    64  memmovea.o(.text)
    __aeabi_memcpy4                          0x08004e3d   Thumb Code     0  memmovea.o(.text)
    __aeabi_memmove                          0x08004e3d   Thumb Code     0  memmovea.o(.text)
    __aeabi_memmove4                         0x08004e3d   Thumb Code     0  memmovea.o(.text)
    __aeabi_memmove8                         0x08004e3d   Thumb Code     0  memmovea.o(.text)
    __aeabi_memset                           0x08004e7d   Thumb Code    14  memseta.o(.text)
    __aeabi_memset4                          0x08004e7d   Thumb Code     0  memseta.o(.text)
    __aeabi_memset8                          0x08004e7d   Thumb Code     0  memseta.o(.text)
    __aeabi_memclr                           0x08004e8b   Thumb Code     4  memseta.o(.text)
    __aeabi_memclr4                          0x08004e8b   Thumb Code     0  memseta.o(.text)
    __aeabi_memclr8                          0x08004e8b   Thumb Code     0  memseta.o(.text)
    _memset$wrapper                          0x08004e8f   Thumb Code    20  memseta.o(.text)
    strstr                                   0x08004ea3   Thumb Code    44  strstr.o(.text)
    strncpy                                  0x08004ecf   Thumb Code    24  strncpy.o(.text)
    strchr                                   0x08004ee7   Thumb Code    18  strchr.o(.text)
    strlen                                   0x08004ef9   Thumb Code    16  strlen.o(.text)
    strcpy                                   0x08004f09   Thumb Code    18  strcpy.o(.text)
    strncmp                                  0x08004f1b   Thumb Code    30  strncmp.o(.text)
    atoi                                     0x08004f39   Thumb Code    26  atoi.o(.text)
    __aeabi_dadd                             0x08004f53   Thumb Code   320  dadd.o(.text)
    __aeabi_dsub                             0x08005093   Thumb Code     6  dadd.o(.text)
    __aeabi_drsub                            0x08005099   Thumb Code     6  dadd.o(.text)
    __aeabi_dmul                             0x0800509f   Thumb Code   224  dmul.o(.text)
    __aeabi_i2d                              0x0800517f   Thumb Code    34  dflti.o(.text)
    __aeabi_d2iz                             0x080051a1   Thumb Code    62  dfixi.o(.text)
    __aeabi_f2d                              0x080051df   Thumb Code    44  f2d.o(.text)
    __aeabi_cdcmpeq                          0x0800520d   Thumb Code     0  cdcmple.o(.text)
    __aeabi_cdcmple                          0x0800520d   Thumb Code    38  cdcmple.o(.text)
    __aeabi_cdrcmple                         0x08005235   Thumb Code    38  cdrcmple.o(.text)
    __aeabi_uidiv                            0x0800525d   Thumb Code     0  uidiv.o(.text)
    __aeabi_uidivmod                         0x0800525d   Thumb Code    44  uidiv.o(.text)
    __aeabi_uldivmod                         0x08005289   Thumb Code    98  uldiv.o(.text)
    __aeabi_llsl                             0x080052eb   Thumb Code    30  llshl.o(.text)
    _ll_shift_l                              0x080052eb   Thumb Code     0  llshl.o(.text)
    __aeabi_llsr                             0x08005309   Thumb Code    32  llushr.o(.text)
    _ll_ushift_r                             0x08005309   Thumb Code     0  llushr.o(.text)
    __aeabi_lasr                             0x08005329   Thumb Code    36  llsshr.o(.text)
    _ll_sshift_r                             0x08005329   Thumb Code     0  llsshr.o(.text)
    strtol                                   0x0800534d   Thumb Code   112  strtol.o(.text)
    __I$use$fp                               0x080053bd   Thumb Code     0  iusefp.o(.text)
    _double_round                            0x080053bd   Thumb Code    26  depilogue.o(.text)
    _double_epilogue                         0x080053d7   Thumb Code   164  depilogue.o(.text)
    __aeabi_ddiv                             0x0800547b   Thumb Code   222  ddiv.o(.text)
    __ARM_scalbn                             0x08005559   Thumb Code    46  dscalb.o(.text)
    scalbn                                   0x08005559   Thumb Code     0  dscalb.o(.text)
    __aeabi_d2ulz                            0x08005587   Thumb Code    48  dfixul.o(.text)
    __scatterload                            0x080055b9   Thumb Code    28  init.o(.text)
    __scatterload_rt2                        0x080055b9   Thumb Code     0  init.o(.text)
    __rt_ctype_table                         0x080055dd   Thumb Code     4  ctype_o.o(.text)
    _strtoul                                 0x080055e5   Thumb Code   158  _strtoul.o(.text)
    _dsqrt                                   0x08005683   Thumb Code   162  dsqrt.o(.text)
    _chval                                   0x08005725   Thumb Code    28  _chval.o(.text)
    __0printf                                0x08005741   Thumb Code    22  printfa.o(i.__0printf)
    __1printf                                0x08005741   Thumb Code     0  printfa.o(i.__0printf)
    __2printf                                0x08005741   Thumb Code     0  printfa.o(i.__0printf)
    __c89printf                              0x08005741   Thumb Code     0  printfa.o(i.__0printf)
    printf                                   0x08005741   Thumb Code     0  printfa.o(i.__0printf)
    __0sprintf                               0x08005761   Thumb Code    34  printfa.o(i.__0sprintf)
    __1sprintf                               0x08005761   Thumb Code     0  printfa.o(i.__0sprintf)
    __2sprintf                               0x08005761   Thumb Code     0  printfa.o(i.__0sprintf)
    __c89sprintf                             0x08005761   Thumb Code     0  printfa.o(i.__0sprintf)
    sprintf                                  0x08005761   Thumb Code     0  printfa.o(i.__0sprintf)
    __ARM_fpclassify                         0x08005789   Thumb Code    40  fpclassify.o(i.__ARM_fpclassify)
    __aeabi_errno_addr                       0x080057b1   Thumb Code     4  errno.o(i.__aeabi_errno_addr)
    __rt_errno_addr                          0x080057b1   Thumb Code     0  errno.o(i.__aeabi_errno_addr)
    __kernel_poly                            0x080057b9   Thumb Code   170  poly.o(i.__kernel_poly)
    __mathlib_dbl_underflow                  0x08005865   Thumb Code    10  dunder.o(i.__mathlib_dbl_underflow)
    __scatterload_copy                       0x08005875   Thumb Code    14  handlers.o(i.__scatterload_copy)
    __scatterload_null                       0x08005883   Thumb Code     2  handlers.o(i.__scatterload_null)
    __scatterload_zeroinit                   0x08005885   Thumb Code    14  handlers.o(i.__scatterload_zeroinit)
    __set_errno                              0x08005895   Thumb Code     6  errno.o(i.__set_errno)
    floor                                    0x0800615d   Thumb Code   204  floor.o(i.floor)
    free                                     0x08006239   Thumb Code    76  malloc.o(i.free)
    malloc                                   0x08006289   Thumb Code    92  malloc.o(i.malloc)
    pow                                      0x080062f5   Thumb Code  2522  pow.o(i.pow)
    sqrt                                     0x08006ce1   Thumb Code    76  sqrt.o(i.sqrt)
    image                                    0x08006d2c   Data        2583  main.o(.constdata)
    __mathlib_zero                           0x08007a40   Data           8  qnan.o(.constdata)
    __ctype_table                            0x08007a48   Data         129  ctype_o.o(.constdata)
    Region$$Table$$Base                      0x08007ad0   Number         0  anon$$obj.o(Region$$Table)
    Region$$Table$$Limit                     0x08007af0   Number         0  anon$$obj.o(Region$$Table)
    SystemCoreClock                          0x20000000   Data           4  system_stm32f10x.o(.data)
    AHBPrescTable                            0x20000004   Data          16  system_stm32f10x.o(.data)
    gprs_ready_flag                          0x20000028   Data           1  usart2.o(.data)
    gprs_ready_count                         0x20000029   Data           1  usart2.o(.data)
    usart2_rcv_len                           0x2000002c   Data           4  usart2.o(.data)
    __stdout                                 0x2000003c   Data           4  stdout.o(.data)
    __microlib_freelist                      0x20000040   Data           4  mvars.o(.data)
    __microlib_freelist_initialised          0x20000044   Data           4  mvars.o(.data)
    usart2_rcv_buf                           0x2000004c   Data        1024  usart2.o(.bss)
    __heap_base                              0x20000450   Data           0  startup_stm32f10x_hd.o(HEAP)
    __heap_limit                             0x20000850   Data           0  startup_stm32f10x_hd.o(HEAP)
    __initial_sp                             0x20000c50   Data           0  startup_stm32f10x_hd.o(STACK)



==============================================================================

Memory Map of the image

  Image Entry point : 0x08000131

  Load Region LR_IROM1 (Base: 0x08000000, Size: 0x00007b3c, Max: 0x00080000, ABSOLUTE)

    Execution Region ER_IROM1 (Base: 0x08000000, Size: 0x00007af0, Max: 0x00080000, ABSOLUTE)

    Base Addr    Size         Type   Attr      Idx    E Section Name        Object

    0x08000000   0x00000130   Data   RO          116    RESET               startup_stm32f10x_hd.o
    0x08000130   0x00000000   Code   RO          734  * .ARM.Collect$$$$00000000  mc_w.l(entry.o)
    0x08000130   0x00000004   Code   RO         1081    .ARM.Collect$$$$00000001  mc_w.l(entry2.o)
    0x08000134   0x00000004   Code   RO         1084    .ARM.Collect$$$$00000004  mc_w.l(entry5.o)
    0x08000138   0x00000000   Code   RO         1086    .ARM.Collect$$$$00000008  mc_w.l(entry7b.o)
    0x08000138   0x00000008   Code   RO         1087    .ARM.Collect$$$$00000009  mc_w.l(entry8.o)
    0x08000140   0x00000004   Code   RO         1082    .ARM.Collect$$$$00002712  mc_w.l(entry2.o)
    0x08000144   0x000001d0   Code   RO           17    .text               system_stm32f10x.o
    0x08000314   0x00000024   Code   RO          117    .text               startup_stm32f10x_hd.o
    0x08000338   0x000001fc   Code   RO          121    .text               main.o
    0x08000534   0x00000098   Code   RO          253    .text               stm32f10x_it.o
    0x080005cc   0x000000dc   Code   RO          281    .text               misc.o
    0x080006a8   0x00000358   Code   RO          425    .text               stm32f10x_gpio.o
    0x08000a00   0x000003a8   Code   RO          473    .text               stm32f10x_rcc.o
    0x08000da8   0x0000040c   Code   RO          535    .text               stm32f10x_usart.o
    0x080011b4   0x000000f4   Code   RO          559    .text               usart1.o
    0x080012a8   0x0000018c   Code   RO          578    .text               usart2.o
    0x08001434   0x0000186c   Code   RO          601    .text               edpkit.o
    0x08002ca0   0x00000534   Code   RO          633    .text               edpdemo.o
    0x080031d4   0x00001a9a   Code   RO          649    .text               cjson.o
    0x08004c6e   0x00000002   PAD
    0x08004c70   0x000000c0   Code   RO          691    .text               utils.o
    0x08004d30   0x00000100   Code   RO          705    .text               esp8266.o
    0x08004e30   0x0000000c   Code   RO          737    .text               mc_w.l(tolower.o)
    0x08004e3c   0x00000040   Code   RO          741    .text               mc_w.l(memmovea.o)
    0x08004e7c   0x00000026   Code   RO          743    .text               mc_w.l(memseta.o)
    0x08004ea2   0x0000002c   Code   RO          745    .text               mc_w.l(strstr.o)
    0x08004ece   0x00000018   Code   RO          747    .text               mc_w.l(strncpy.o)
    0x08004ee6   0x00000012   Code   RO          749    .text               mc_w.l(strchr.o)
    0x08004ef8   0x00000010   Code   RO          751    .text               mc_w.l(strlen.o)
    0x08004f08   0x00000012   Code   RO          753    .text               mc_w.l(strcpy.o)
    0x08004f1a   0x0000001e   Code   RO          755    .text               mc_w.l(strncmp.o)
    0x08004f38   0x0000001a   Code   RO         1050    .text               mc_w.l(atoi.o)
    0x08004f52   0x0000014c   Code   RO         1052    .text               mf_w.l(dadd.o)
    0x0800509e   0x000000e0   Code   RO         1054    .text               mf_w.l(dmul.o)
    0x0800517e   0x00000022   Code   RO         1056    .text               mf_w.l(dflti.o)
    0x080051a0   0x0000003e   Code   RO         1058    .text               mf_w.l(dfixi.o)
    0x080051de   0x0000002c   Code   RO         1060    .text               mf_w.l(f2d.o)
    0x0800520a   0x00000002   PAD
    0x0800520c   0x00000028   Code   RO         1062    .text               mf_w.l(cdcmple.o)
    0x08005234   0x00000028   Code   RO         1064    .text               mf_w.l(cdrcmple.o)
    0x0800525c   0x0000002c   Code   RO         1089    .text               mc_w.l(uidiv.o)
    0x08005288   0x00000062   Code   RO         1091    .text               mc_w.l(uldiv.o)
    0x080052ea   0x0000001e   Code   RO         1093    .text               mc_w.l(llshl.o)
    0x08005308   0x00000020   Code   RO         1095    .text               mc_w.l(llushr.o)
    0x08005328   0x00000024   Code   RO         1097    .text               mc_w.l(llsshr.o)
    0x0800534c   0x00000070   Code   RO         1108    .text               mc_w.l(strtol.o)
    0x080053bc   0x00000000   Code   RO         1110    .text               mc_w.l(iusefp.o)
    0x080053bc   0x000000be   Code   RO         1111    .text               mf_w.l(depilogue.o)
    0x0800547a   0x000000de   Code   RO         1113    .text               mf_w.l(ddiv.o)
    0x08005558   0x0000002e   Code   RO         1115    .text               mf_w.l(dscalb.o)
    0x08005586   0x00000030   Code   RO         1117    .text               mf_w.l(dfixul.o)
    0x080055b6   0x00000002   PAD
    0x080055b8   0x00000024   Code   RO         1119    .text               mc_w.l(init.o)
    0x080055dc   0x00000008   Code   RO         1121    .text               mc_w.l(ctype_o.o)
    0x080055e4   0x0000009e   Code   RO         1149    .text               mc_w.l(_strtoul.o)
    0x08005682   0x000000a2   Code   RO         1151    .text               mf_w.l(dsqrt.o)
    0x08005724   0x0000001c   Code   RO         1153    .text               mc_w.l(_chval.o)
    0x08005740   0x00000020   Code   RO          994    i.__0printf         mc_w.l(printfa.o)
    0x08005760   0x00000028   Code   RO          996    i.__0sprintf        mc_w.l(printfa.o)
    0x08005788   0x00000028   Code   RO         1068    i.__ARM_fpclassify  m_ws.l(fpclassify.o)
    0x080057b0   0x00000008   Code   RO         1101    i.__aeabi_errno_addr  mc_w.l(errno.o)
    0x080057b8   0x000000aa   Code   RO         1070    i.__kernel_poly     m_ws.l(poly.o)
    0x08005862   0x00000002   PAD
    0x08005864   0x00000010   Code   RO         1066    i.__mathlib_dbl_underflow  m_ws.l(dunder.o)
    0x08005874   0x0000000e   Code   RO         1157    i.__scatterload_copy  mc_w.l(handlers.o)
    0x08005882   0x00000002   Code   RO         1158    i.__scatterload_null  mc_w.l(handlers.o)
    0x08005884   0x0000000e   Code   RO         1159    i.__scatterload_zeroinit  mc_w.l(handlers.o)
    0x08005892   0x00000002   PAD
    0x08005894   0x0000000c   Code   RO         1103    i.__set_errno       mc_w.l(errno.o)
    0x080058a0   0x00000158   Code   RO         1001    i._fp_digits        mc_w.l(printfa.o)
    0x080059f8   0x00000704   Code   RO         1002    i._printf_core      mc_w.l(printfa.o)
    0x080060fc   0x00000026   Code   RO         1003    i._printf_post_padding  mc_w.l(printfa.o)
    0x08006122   0x00000030   Code   RO         1004    i._printf_pre_padding  mc_w.l(printfa.o)
    0x08006152   0x0000000a   Code   RO         1006    i._sputc            mc_w.l(printfa.o)
    0x0800615c   0x000000dc   Code   RO          721    i.floor             m_ws.l(floor.o)
    0x08006238   0x00000050   Code   RO         1022    i.free              mc_w.l(malloc.o)
    0x08006288   0x0000006c   Code   RO         1023    i.malloc            mc_w.l(malloc.o)
    0x080062f4   0x000009ec   Code   RO          725    i.pow               m_ws.l(pow.o)
    0x08006ce0   0x0000004c   Code   RO         1074    i.sqrt              m_ws.l(sqrt.o)
    0x08006d2c   0x00000a17   Data   RO          122    .constdata          main.o
    0x08007743   0x00000008   Data   RO          580    .constdata          usart2.o
    0x0800774b   0x00000017   Data   RO          602    .constdata          edpkit.o
    0x08007762   0x00000002   PAD
    0x08007764   0x00000048   Data   RO          634    .constdata          edpdemo.o
    0x080077ac   0x00000007   Data   RO          650    .constdata          cjson.o
    0x080077b3   0x00000200   Data   RO          692    .constdata          utils.o
    0x080079b3   0x00000005   PAD
    0x080079b8   0x00000088   Data   RO          726    .constdata          m_ws.l(pow.o)
    0x08007a40   0x00000008   Data   RO         1072    .constdata          m_ws.l(qnan.o)
    0x08007a48   0x00000081   Data   RO         1122    .constdata          mc_w.l(ctype_o.o)
    0x08007ac9   0x00000003   PAD
    0x08007acc   0x00000004   Data   RO         1123    .constdata          mc_w.l(ctype_o.o)
    0x08007ad0   0x00000020   Data   RO         1155    Region$$Table       anon$$obj.o


    Execution Region RW_IRAM1 (Base: 0x20000000, Size: 0x00000c50, Max: 0x00010000, ABSOLUTE)

    Base Addr    Size         Type   Attr      Idx    E Section Name        Object

    0x20000000   0x00000014   Data   RW           18    .data               system_stm32f10x.o
    0x20000014   0x00000014   Data   RW          474    .data               stm32f10x_rcc.o
    0x20000028   0x00000008   Data   RW          581    .data               usart2.o
    0x20000030   0x0000000c   Data   RW          651    .data               cjson.o
    0x2000003c   0x00000004   Data   RW         1088    .data               mc_w.l(stdout.o)
    0x20000040   0x00000004   Data   RW         1099    .data               mc_w.l(mvars.o)
    0x20000044   0x00000004   Data   RW         1100    .data               mc_w.l(mvars.o)
    0x20000048   0x00000004   Data   RW         1104    .data               mc_w.l(errno.o)
    0x2000004c   0x00000400   Zero   RW          579    .bss                usart2.o
    0x2000044c   0x00000004   PAD
    0x20000450   0x00000400   Zero   RW          115    HEAP                startup_stm32f10x_hd.o
    0x20000850   0x00000400   Zero   RW          114    STACK               startup_stm32f10x_hd.o


==============================================================================

Image component sizes


      Code (inc. data)   RO Data    RW Data    ZI Data      Debug   Object Name

      6810        208          7         12          0      24360   cjson.o
         0          0          0          0          0       4188   core_cm3.o
      1332        512         72          0          0       4652   edpdemo.o
      6252        120         23          0          0      37152   edpkit.o
       256        152          0          0          0        451   esp8266.o
       508        224       2583          0          0       5979   main.o
       220         20          0          0          0       1825   misc.o
        36          8        304          0       2048        796   startup_stm32f10x_hd.o
       856         40          0          0          0       5761   stm32f10x_gpio.o
       152         16          0          0          0       1842   stm32f10x_it.o
       936         52          0         20          0       8916   stm32f10x_rcc.o
      1036         20          0          0          0       8504   stm32f10x_usart.o
       464         44          0         20          0     229691   system_stm32f10x.o
       244         10          0          0          0       1643   usart1.o
       396         46          8          8       1024       2714   usart2.o
       192         20        512          0          0       2022   utils.o

    ----------------------------------------------------------------------
     19692       1492       3548         60       3076     340496   Object Totals
         0          0         32          0          0          0   (incl. Generated)
         2          0          7          0          4          0   (incl. Padding)

    ----------------------------------------------------------------------

      Code (inc. data)   RO Data    RW Data    ZI Data      Debug   Library Member Name

        16          6          0          0          0         68   dunder.o
       220         16          0          0          0         84   floor.o
        40          0          0          0          0         68   fpclassify.o
       170          0          0          0          0         96   poly.o
      2540        192        136          0          0        340   pow.o
         0          0          8          0          0          0   qnan.o
        76          0          0          0          0         84   sqrt.o
        28          0          0          0          0         68   _chval.o
       158          0          0          0          0         92   _strtoul.o
        26          0          0          0          0         80   atoi.o
         8          4        133          0          0         68   ctype_o.o
         0          0          0          0          0          0   entry.o
         8          4          0          0          0          0   entry2.o
         4          0          0          0          0          0   entry5.o
         0          0          0          0          0          0   entry7b.o
         8          4          0          0          0          0   entry8.o
        20         10          0          4          0        136   errno.o
        30          0          0          0          0          0   handlers.o
        36          8          0          0          0         68   init.o
         0          0          0          0          0          0   iusefp.o
        30          0          0          0          0         68   llshl.o
        36          0          0          0          0         68   llsshr.o
        32          0          0          0          0         68   llushr.o
       188         20          0          0          0        160   malloc.o
        64          0          0          0          0         76   memmovea.o
        38          0          0          0          0        108   memseta.o
         0          0          0          8          0          0   mvars.o
      2308         94          0          0          0        596   printfa.o
         0          0          0          4          0          0   stdout.o
        18          0          0          0          0         68   strchr.o
        18          0          0          0          0         68   strcpy.o
        16          0          0          0          0         68   strlen.o
        30          0          0          0          0         80   strncmp.o
        24          0          0          0          0         76   strncpy.o
        44          0          0          0          0         80   strstr.o
       112          0          0          0          0         88   strtol.o
        12          0          0          0          0         68   tolower.o
        44          0          0          0          0         80   uidiv.o
        98          0          0          0          0         92   uldiv.o
        40          2          0          0          0         68   cdcmple.o
        40          2          0          0          0         68   cdrcmple.o
       332          0          0          0          0        148   dadd.o
       222          0          0          0          0        100   ddiv.o
       190          0          0          0          0        176   depilogue.o
        62          0          0          0          0         80   dfixi.o
        48          0          0          0          0         68   dfixul.o
        34          0          0          0          0         76   dflti.o
       224          0          0          0          0         96   dmul.o
        46          0          0          0          0         80   dscalb.o
       162          0          0          0          0        100   dsqrt.o
        44          0          0          0          0         68   f2d.o

    ----------------------------------------------------------------------
      7952        362        280         16          0       4292   Library Totals
         8          0          3          0          0          0   (incl. Padding)

    ----------------------------------------------------------------------

      Code (inc. data)   RO Data    RW Data    ZI Data      Debug   Library Name

      3062        214        144          0          0        740   m_ws.l
      3438        144        133         16          0       2424   mc_w.l
      1444          4          0          0          0       1128   mf_w.l

    ----------------------------------------------------------------------
      7952        362        280         16          0       4292   Library Totals

    ----------------------------------------------------------------------

==============================================================================


      Code (inc. data)   RO Data    RW Data    ZI Data      Debug   

     27644       1854       3828         76       3076     341096   Grand Totals
     27644       1854       3828         76       3076     341096   ELF Image Totals
     27644       1854       3828         76          0          0   ROM Totals

==============================================================================

    Total RO  Size (Code + RO Data)                31472 (  30.73kB)
    Total RW  Size (RW Data + ZI Data)              3152 (   3.08kB)
    Total ROM Size (Code + RO Data + RW Data)      31548 (  30.81kB)

==============================================================================

