<html>
<body>
<pre>
<h1>µVision Build Log</h1>
<h2>Project:</h2>
F:\OneNET_demo_code_kylin\OneNET_demo_code_kylin\OneNET_Demo_ESP8266_MODBUS\Project\onenetdemo.uvproj
Project File Date:  06/01/2016

<h2>Output:</h2>
Build target 'OneNET_Demo_ESP8266_MODBUS'
compiling core_cm3.c...
compiling system_stm32f10x.c...
assembling startup_stm32f10x_hd.s...
compiling main.c...
compiling stm32f10x_it.c...
compiling misc.c...
compiling stm32f10x_exti.c...
compiling stm32f10x_flash.c...
compiling stm32f10x_gpio.c...
compiling stm32f10x_rcc.c...
compiling stm32f10x_usart.c...
compiling usart1.c...
compiling usart2.c...
compiling modbus.c...
compiling utils.c...
compiling esp8266.c...
linking...
Program Size: Code=7474 RO-data=918 RW-data=52 ZI-data=1332  
"..\object\onenetdemo.axf" - 0 Error(s), 0 Warning(s).
Load "..\\object\\onenetdemo.AXF" 
Erase Done.
Programming Done.
Verify OK.
Clean started: Project: 'onenetdemo'
   deleting intermediate output files for target 'OneNET_Demo_ESP8266_MODBUS'
