<html>
<body>
<pre>
<h1>µVision Build Log</h1>
<h2>Project:</h2>
F:\OneNET_demo_code_kylin\OneNET_demo_code_kylin\OneNET_Demo_EMW3081_EDP_Bin\Project\onenetdemo.uvproj
Project File Date:  06/01/2016

<h2>Output:</h2>
Clean started: Project: 'onenetdemo'
   deleting intermediate output files for target 'OneNET_Demo_EMW3081_EDP_BIN'
Build target 'OneNET_Demo_EMW3081_EDP_BIN'
compiling core_cm3.c...
compiling system_stm32f10x.c...
assembling startup_stm32f10x_hd.s...
compiling main.c...
..\User\main.c(54): warning:  #167-D: argument of type "unsigned char *" is incompatible with parameter of type "const char *"
compiling stm32f10x_it.c...
..\User\stm32f10x_it.c(167): warning:  #550-D: variable "data" was set but never used
compiling misc.c...
compiling stm32f10x_dac.c...
compiling stm32f10x_exti.c...
compiling stm32f10x_flash.c...
compiling stm32f10x_gpio.c...
compiling stm32f10x_i2c.c...
compiling stm32f10x_rcc.c...
compiling stm32f10x_usart.c...
compiling usart1.c...
compiling usart2.c...
compiling led.c...
compiling emw3081.c...
..\Network\emw3081.c(23): warning:  #167-D: argument of type "unsigned char *" is incompatible with parameter of type "const char *"
..\Network\emw3081.c(26): warning:  #167-D: argument of type "char *" is incompatible with parameter of type "uint8_t *"
..\Network\emw3081.c(31): warning:  #167-D: argument of type "unsigned char *" is incompatible with parameter of type "const char *"
..\Network\emw3081.c(48): warning:  #167-D: argument of type "unsigned char *" is incompatible with parameter of type "const char *"
..\Network\emw3081.c(63): warning:  #167-D: argument of type "unsigned char *" is incompatible with parameter of type "const char *"
..\Network\emw3081.c(69): warning:  #167-D: argument of type "char *" is incompatible with parameter of type "uint8_t *"
..\Network\emw3081.c(74): warning:  #167-D: argument of type "char *" is incompatible with parameter of type "uint8_t *"
..\Network\emw3081.c(79): warning:  #167-D: argument of type "char *" is incompatible with parameter of type "uint8_t *"
..\Network\emw3081.c(84): warning:  #167-D: argument of type "char *" is incompatible with parameter of type "uint8_t *"
..\Network\emw3081.c(89): warning:  #167-D: argument of type "char *" is incompatible with parameter of type "uint8_t *"
..\Network\emw3081.c(94): warning:  #167-D: argument of type "char *" is incompatible with parameter of type "uint8_t *"
linking...
Program Size: Code=5940 RO-data=440 RW-data=6192 ZI-data=2048  
"..\object\onenetdemo.axf" - 0 Error(s), 13 Warning(s).
Build target 'OneNET_Demo_EMW3081_EDP_BIN'
compiling main.c...
compiling emw3081.c...
..\Network\emw3081.c(69): warning:  #167-D: argument of type "char *" is incompatible with parameter of type "uint8_t *"
..\Network\emw3081.c(74): warning:  #167-D: argument of type "char *" is incompatible with parameter of type "uint8_t *"
..\Network\emw3081.c(79): warning:  #167-D: argument of type "char *" is incompatible with parameter of type "uint8_t *"
..\Network\emw3081.c(84): warning:  #167-D: argument of type "char *" is incompatible with parameter of type "uint8_t *"
..\Network\emw3081.c(89): warning:  #167-D: argument of type "char *" is incompatible with parameter of type "uint8_t *"
..\Network\emw3081.c(94): warning:  #167-D: argument of type "char *" is incompatible with parameter of type "uint8_t *"
linking...
Program Size: Code=5924 RO-data=440 RW-data=6192 ZI-data=2048  
"..\object\onenetdemo.axf" - 0 Error(s), 6 Warning(s).
Build target 'OneNET_Demo_EMW3081_EDP_BIN'
compiling emw3081.c...
linking...
Program Size: Code=5924 RO-data=440 RW-data=6192 ZI-data=2048  
"..\object\onenetdemo.axf" - 0 Error(s), 0 Warning(s).
Clean started: Project: 'onenetdemo'
   deleting intermediate output files for target 'OneNET_Demo_EMW3081_EDP_BIN'
Build target 'OneNET_Demo_EMW3081_EDP_BIN'
compiling core_cm3.c...
compiling system_stm32f10x.c...
assembling startup_stm32f10x_hd.s...
compiling main.c...
compiling stm32f10x_it.c...
..\User\stm32f10x_it.c(167): warning:  #550-D: variable "data" was set but never used
compiling misc.c...
compiling stm32f10x_dac.c...
compiling stm32f10x_exti.c...
compiling stm32f10x_flash.c...
compiling stm32f10x_gpio.c...
compiling stm32f10x_i2c.c...
compiling stm32f10x_rcc.c...
compiling stm32f10x_usart.c...
compiling usart1.c...
compiling usart2.c...
compiling led.c...
compiling emw3081.c...
linking...
Program Size: Code=5924 RO-data=440 RW-data=6192 ZI-data=2048  
"..\object\onenetdemo.axf" - 0 Error(s), 1 Warning(s).
Build target 'OneNET_Demo_EMW3081_EDP_BIN'
compiling system_stm32f10x.c...
linking...
Program Size: Code=5924 RO-data=440 RW-data=6192 ZI-data=2048  
"..\object\onenetdemo.axf" - 0 Error(s), 0 Warning(s).
Clean started: Project: 'onenetdemo'
   deleting intermediate output files for target 'OneNET_Demo_EMW3081_EDP_BIN'
