<html>
<body>
<pre>
<h1>µVision Build Log</h1>
<h2>Project:</h2>
E:\workspace\workspace\DEMO\DEMO\OneNET_Demo_M6311_EDP_SHT20\Project\onenetdemo.uvproj
Project File Date:  04/11/2016

<h2>Output:</h2>
Build target 'OneNET_Demo_M6311_EDP_SHT20'
compiling core_cm3.c...
compiling system_stm32f10x.c...
assembling startup_stm32f10x_hd.s...
compiling main.c...
compiling stm32f10x_it.c...
..\User\stm32f10x_it.c(166): warning:  #550-D: variable "data" was set but never used
compiling misc.c...
compiling stm32f10x_adc.c...
compiling stm32f10x_bkp.c...
compiling stm32f10x_can.c...
compiling stm32f10x_cec.c...
compiling stm32f10x_crc.c...
compiling stm32f10x_dac.c...
compiling stm32f10x_dbgmcu.c...
compiling stm32f10x_dma.c...
compiling stm32f10x_exti.c...
compiling stm32f10x_flash.c...
compiling stm32f10x_fsmc.c...
compiling stm32f10x_gpio.c...
compiling stm32f10x_i2c.c...
compiling stm32f10x_iwdg.c...
compiling stm32f10x_pwr.c...
compiling stm32f10x_rcc.c...
compiling stm32f10x_rtc.c...
compiling stm32f10x_sdio.c...
compiling stm32f10x_spi.c...
compiling stm32f10x_tim.c...
compiling stm32f10x_usart.c...
compiling stm32f10x_wwdg.c...
compiling hal_i2c.c...
..\Devices\hal_i2c.c(127): warning:  #177-D: variable "timeout" was declared but never referenced
compiling sht20.c...
..\Devices\sht20.c(61): warning:  #68-D: integer conversion resulted in a change of sign
..\Devices\sht20.c(92): warning:  #167-D: argument of type "uint8_t *" is incompatible with parameter of type "int8_t *"
..\Devices\sht20.c(97): warning:  #167-D: argument of type "uint8_t *" is incompatible with parameter of type "int8_t *"
..\Devices\sht20.c(102): warning:  #167-D: argument of type "uint8_t *" is incompatible with parameter of type "int8_t *"
..\Devices\sht20.c(275): warning:  #68-D: integer conversion resulted in a change of sign
compiling usart1.c...
compiling usart2.c...
..\Hal\usart2.c(77): warning:  #167-D: argument of type "uint8_t *" is incompatible with parameter of type "const char *"
..\Hal\usart2.c(80): warning:  #167-D: argument of type "int8_t *" is incompatible with parameter of type "const char *"
..\Hal\usart2.c(80): warning:  #167-D: argument of type "int8_t *" is incompatible with parameter of type "uint8_t *"
..\Hal\usart2.c(81): warning:  #223-D: function "mDelay" declared implicitly
..\Hal\usart2.c(84): warning:  #167-D: argument of type "uint8_t *" is incompatible with parameter of type "const char *"
..\Hal\usart2.c(89): warning:  #167-D: argument of type "uint8_t *" is incompatible with parameter of type "const char *"
..\Hal\usart2.c(89): warning:  #167-D: argument of type "int8_t *" is incompatible with parameter of type "const char *"
..\Hal\usart2.c(116): warning:  #167-D: argument of type "uint8_t *" is incompatible with parameter of type "const char *"
compiling gpio.c...
compiling EdpDemo.c...
..\Protocol\edp\EdpDemo.c(46): warning:  #167-D: argument of type "int8_t *" is incompatible with parameter of type "const char *"
..\Protocol\edp\EdpDemo.c(46): warning:  #167-D: argument of type "int8_t *" is incompatible with parameter of type "const char *"
..\Protocol\edp\EdpDemo.c(108): warning:  #167-D: argument of type "int8_t *" is incompatible with parameter of type "char *restrict"
..\Protocol\edp\EdpDemo.c(108): warning:  #167-D: argument of type "int8_t *" is incompatible with parameter of type "const char *restrict"
..\Protocol\edp\EdpDemo.c(110): warning:  #167-D: argument of type "int8_t *" is incompatible with parameter of type "const char *"
..\Protocol\edp\EdpDemo.c(129): warning:  #167-D: argument of type "uint8_t *" is incompatible with parameter of type "const char *"
..\Protocol\edp\EdpDemo.c(240): warning:  #167-D: argument of type "int8_t **" is incompatible with parameter of type "char **"
..\Protocol\edp\EdpDemo.c(240): warning:  #167-D: argument of type "int8_t **" is incompatible with parameter of type "char **"
..\Protocol\edp\EdpDemo.c(250): warning:  #167-D: argument of type "int8_t **" is incompatible with parameter of type "char **"
..\Protocol\edp\EdpDemo.c(272): warning:  #188-D: enumerated type mixed with another type
..\Protocol\edp\EdpDemo.c(274): warning:  #167-D: argument of type "int8_t **" is incompatible with parameter of type "char **"
..\Protocol\edp\EdpDemo.c(292): warning:  #513-D: a value of type "char *" cannot be assigned to an entity of type "int8_t *"
..\Protocol\edp\EdpDemo.c(305): warning:  #167-D: argument of type "int8_t **" is incompatible with parameter of type "char **"
..\Protocol\edp\EdpDemo.c(318): warning:  #167-D: argument of type "int8_t **" is incompatible with parameter of type "char **"
..\Protocol\edp\EdpDemo.c(324): warning:  #167-D: argument of type "int8_t **" is incompatible with parameter of type "char **"
..\Protocol\edp\EdpDemo.c(324): warning:  #167-D: argument of type "int8_t **" is incompatible with parameter of type "char **"
..\Protocol\edp\EdpDemo.c(331): warning:  #167-D: argument of type "int8_t *" is incompatible with parameter of type "const char *"
..\Protocol\edp\EdpDemo.c(333): warning:  #167-D: argument of type "int8_t *" is incompatible with parameter of type "const char *"
..\Protocol\edp\EdpDemo.c(334): warning:  #167-D: argument of type "int8_t *" is incompatible with parameter of type "const char *"
..\Protocol\edp\EdpDemo.c(376): warning:  #167-D: argument of type "const int8_t *" is incompatible with parameter of type "const char *"
..\Protocol\edp\EdpDemo.c(376): warning:  #167-D: argument of type "const int8_t *" is incompatible with parameter of type "const char *"
..\Protocol\edp\EdpDemo.c(116): warning:  #177-D: variable "con" was declared but never referenced
compiling EdpKit.c...
..\Protocol\edp\EdpKit.c(394): warning:  #513-D: a value of type "char *" cannot be assigned to an entity of type "int8_t *"
..\Protocol\edp\EdpKit.c(396): warning:  #167-D: argument of type "int8_t *" is incompatible with parameter of type "char *restrict"
..\Protocol\edp\EdpKit.c(629): warning:  #177-D: variable "valuestring" was declared but never referenced
..\Protocol\edp\EdpKit.c(631): warning:  #177-D: variable "valuestring" was declared but never referenced
..\Protocol\edp\EdpKit.c(636): warning:  #177-D: variable "valuestring" was declared but never referenced
..\Protocol\edp\EdpKit.c(638): warning:  #177-D: variable "valuestring" was declared but never referenced
..\Protocol\edp\EdpKit.c(643): warning:  #177-D: variable "valuestring" was declared but never referenced
..\Protocol\edp\EdpKit.c(645): warning:  #177-D: variable "valuestring" was declared but never referenced
..\Protocol\edp\EdpKit.c(903): warning:  #167-D: argument of type "char **" is incompatible with parameter of type "int8_t **"
..\Protocol\edp\EdpKit.c(924): warning:  #167-D: argument of type "char **" is incompatible with parameter of type "int8_t **"
..\Protocol\edp\EdpKit.c(939): warning:  #167-D: argument of type "char **" is incompatible with parameter of type "int8_t **"
..\Protocol\edp\EdpKit.c(953): warning:  #167-D: argument of type "char **" is incompatible with parameter of type "int8_t **"
..\Protocol\edp\EdpKit.c(970): warning:  #167-D: argument of type "char **" is incompatible with parameter of type "int8_t **"
..\Protocol\edp\EdpKit.c(1052): warning:  #167-D: argument of type "char **" is incompatible with parameter of type "int8_t **"
compiling cJSON.c...
..\Utils\cJSON.c(59): warning:  #1293-D: assignment in condition
..\Utils\cJSON.c(368): warning:  #1293-D: assignment in condition
..\Utils\cJSON.c(495): warning:  #111-D: statement is unreachable
..\Utils\cJSON.c(633): warning:  #1293-D: assignment in condition
..\Utils\cJSON.c(783): warning:  #1293-D: assignment in condition
compiling utils.c...
compiling esp8266.c...
..\Network\esp8266\esp8266.c(56): warning:  #1-D: last line of file ends without a newline
compiling M6311.c...
..\Network\m6311\M6311.c(14): warning:  #223-D: function "SendCmd" declared implicitly
..\Network\m6311\M6311.c(50): warning:  #167-D: argument of type "uint8_t *" is incompatible with parameter of type "const char *"
..\Network\m6311\M6311.c(54): warning:  #940-D: missing return statement at end of non-void function "M6311_SendData"
..\Network\m6311\M6311.c(49): warning:  #177-D: variable "ret" was declared but never referenced
..\Network\m6311\M6311.c(49): warning:  #177-D: variable "i" was declared but never referenced
..\Network\m6311\M6311.c(67): warning:  #1-D: last line of file ends without a newline
linking...
Program Size: Code=31524 RO-data=1500 RW-data=160 ZI-data=2176  
"..\object\onenetdemo.axf" - 0 Error(s), 63 Warning(s).
Clean started: Project: 'onenetdemo'
   deleting intermediate output files for target 'OneNET_Demo_M6311_EDP_SHT20'
