<html>
<body>
<pre>
<h1>µVision Build Log</h1>
<h2>Project:</h2>
F:\OneNET_demo_code_kylin\OneNET_demo_code_kylin\OneNET_Demo_M6311_EDP_SHT20\Project\onenetdemo.uvproj
Project File Date:  06/01/2016

<h2>Output:</h2>
Build target 'OneNET_Demo_M6311_EDP_SHT20'
compiling core_cm3.c...
compiling system_stm32f10x.c...
assembling startup_stm32f10x_hd.s...
compiling main.c...
compiling stm32f10x_it.c...
..\User\stm32f10x_it.c(166): warning:  #550-D: variable "data" was set but never used
compiling misc.c...
compiling stm32f10x_exti.c...
compiling stm32f10x_flash.c...
compiling stm32f10x_gpio.c...
compiling stm32f10x_i2c.c...
compiling stm32f10x_rcc.c...
compiling stm32f10x_usart.c...
compiling hal_i2c.c...
compiling sht20.c...
compiling usart1.c...
compiling usart2.c...
compiling gpio.c...
compiling EdpDemo.c...
..\Protocol\edp\EdpDemo.c(269): warning:  #188-D: enumerated type mixed with another type
compiling EdpKit.c...
..\Protocol\edp\EdpKit.c(629): warning:  #177-D: variable "valuestring" was declared but never referenced
..\Protocol\edp\EdpKit.c(631): warning:  #177-D: variable "valuestring" was declared but never referenced
..\Protocol\edp\EdpKit.c(636): warning:  #177-D: variable "valuestring" was declared but never referenced
..\Protocol\edp\EdpKit.c(638): warning:  #177-D: variable "valuestring" was declared but never referenced
..\Protocol\edp\EdpKit.c(643): warning:  #177-D: variable "valuestring" was declared but never referenced
..\Protocol\edp\EdpKit.c(645): warning:  #177-D: variable "valuestring" was declared but never referenced
compiling cJSON.c...
..\Utils\cJSON.c(59): warning:  #1293-D: assignment in condition
..\Utils\cJSON.c(368): warning:  #1293-D: assignment in condition
..\Utils\cJSON.c(495): warning:  #111-D: statement is unreachable
..\Utils\cJSON.c(633): warning:  #1293-D: assignment in condition
..\Utils\cJSON.c(783): warning:  #1293-D: assignment in condition
compiling utils.c...
compiling esp8266.c...
compiling M6311.c...
..\Network\m6311\M6311.c(14): warning:  #223-D: function "SendCmd" declared implicitly
linking...
Program Size: Code=31492 RO-data=1500 RW-data=108 ZI-data=2180  
"..\object\onenetdemo.axf" - 0 Error(s), 14 Warning(s).
Build target 'OneNET_Demo_M6311_EDP_SHT20'
compiling stm32f10x_it.c...
linking...
Program Size: Code=31448 RO-data=1496 RW-data=108 ZI-data=2180  
"..\object\onenetdemo.axf" - 0 Error(s), 0 Warning(s).
Clean started: Project: 'onenetdemo'
   deleting intermediate output files for target 'OneNET_Demo_M6311_EDP_SHT20'
Build target 'OneNET_Demo_M6311_EDP_SHT20'
compiling core_cm3.c...
compiling system_stm32f10x.c...
assembling startup_stm32f10x_hd.s...
compiling main.c...
compiling stm32f10x_it.c...
compiling misc.c...
compiling stm32f10x_exti.c...
compiling stm32f10x_flash.c...
compiling stm32f10x_gpio.c...
compiling stm32f10x_i2c.c...
compiling stm32f10x_rcc.c...
compiling stm32f10x_usart.c...
compiling hal_i2c.c...
compiling sht20.c...
compiling usart1.c...
compiling usart2.c...
compiling gpio.c...
compiling EdpDemo.c...
..\Protocol\edp\EdpDemo.c(269): warning:  #188-D: enumerated type mixed with another type
compiling EdpKit.c...
..\Protocol\edp\EdpKit.c(629): warning:  #177-D: variable "valuestring" was declared but never referenced
..\Protocol\edp\EdpKit.c(631): warning:  #177-D: variable "valuestring" was declared but never referenced
..\Protocol\edp\EdpKit.c(636): warning:  #177-D: variable "valuestring" was declared but never referenced
..\Protocol\edp\EdpKit.c(638): warning:  #177-D: variable "valuestring" was declared but never referenced
..\Protocol\edp\EdpKit.c(643): warning:  #177-D: variable "valuestring" was declared but never referenced
..\Protocol\edp\EdpKit.c(645): warning:  #177-D: variable "valuestring" was declared but never referenced
compiling cJSON.c...
..\Utils\cJSON.c(59): warning:  #1293-D: assignment in condition
..\Utils\cJSON.c(368): warning:  #1293-D: assignment in condition
..\Utils\cJSON.c(495): warning:  #111-D: statement is unreachable
..\Utils\cJSON.c(633): warning:  #1293-D: assignment in condition
..\Utils\cJSON.c(783): warning:  #1293-D: assignment in condition
compiling utils.c...
compiling esp8266.c...
compiling M6311.c...
..\Network\m6311\M6311.c(14): warning:  #223-D: function "SendCmd" declared implicitly
linking...
Program Size: Code=31448 RO-data=1496 RW-data=108 ZI-data=2180  
"..\object\onenetdemo.axf" - 0 Error(s), 13 Warning(s).
Build target 'OneNET_Demo_M6311_EDP_SHT20'
compiling EdpDemo.c...
..\Protocol\edp\EdpDemo.c(162): error:  #65: expected a ";"
..\Protocol\edp\EdpDemo.c(248): error:  #20: identifier "jsonorbin" is undefined
..\Protocol\edp\EdpDemo.c(162): warning:  #177-D: variable "SaveDataType" was declared but never referenced
Target not created
Build target 'OneNET_Demo_M6311_EDP_SHT20'
compiling EdpDemo.c...
..\Protocol\edp\EdpDemo.c(162): error:  #40: expected an identifier
..\Protocol\edp\EdpDemo.c(248): error:  #20: identifier "jsonorbin" is undefined
Target not created
Build target 'OneNET_Demo_M6311_EDP_SHT20'
compiling EdpDemo.c...
..\Protocol\edp\EdpDemo.c(269): warning:  #188-D: enumerated type mixed with another type
linking...
Program Size: Code=31448 RO-data=1496 RW-data=108 ZI-data=2180  
"..\object\onenetdemo.axf" - 0 Error(s), 1 Warning(s).
Build target 'OneNET_Demo_M6311_EDP_SHT20'
compiling EdpDemo.c...
..\Protocol\edp\EdpDemo.c(247): error:  #158: expression must be an lvalue or a function designator
..\Protocol\edp\EdpDemo.c(269): warning:  #188-D: enumerated type mixed with another type
Target not created
Build target 'OneNET_Demo_M6311_EDP_SHT20'
compiling EdpDemo.c...
..\Protocol\edp\EdpDemo.c(269): warning:  #188-D: enumerated type mixed with another type
linking...
Program Size: Code=31448 RO-data=1496 RW-data=108 ZI-data=2180  
"..\object\onenetdemo.axf" - 0 Error(s), 1 Warning(s).
Clean started: Project: 'onenetdemo'
   deleting intermediate output files for target 'OneNET_Demo_M6311_EDP_SHT20'
Build target 'OneNET_Demo_M6311_EDP_SHT20'
compiling core_cm3.c...
compiling system_stm32f10x.c...
assembling startup_stm32f10x_hd.s...
compiling main.c...
compiling stm32f10x_it.c...
compiling misc.c...
compiling stm32f10x_exti.c...
compiling stm32f10x_flash.c...
compiling stm32f10x_gpio.c...
compiling stm32f10x_i2c.c...
compiling stm32f10x_rcc.c...
compiling stm32f10x_usart.c...
compiling hal_i2c.c...
compiling sht20.c...
compiling usart1.c...
compiling usart2.c...
compiling gpio.c...
compiling EdpDemo.c...
..\Protocol\edp\EdpDemo.c(269): warning:  #188-D: enumerated type mixed with another type
compiling EdpKit.c...
..\Protocol\edp\EdpKit.c(629): warning:  #177-D: variable "valuestring" was declared but never referenced
..\Protocol\edp\EdpKit.c(631): warning:  #177-D: variable "valuestring" was declared but never referenced
..\Protocol\edp\EdpKit.c(636): warning:  #177-D: variable "valuestring" was declared but never referenced
..\Protocol\edp\EdpKit.c(638): warning:  #177-D: variable "valuestring" was declared but never referenced
..\Protocol\edp\EdpKit.c(643): warning:  #177-D: variable "valuestring" was declared but never referenced
..\Protocol\edp\EdpKit.c(645): warning:  #177-D: variable "valuestring" was declared but never referenced
compiling cJSON.c...
..\Utils\cJSON.c(59): warning:  #1293-D: assignment in condition
..\Utils\cJSON.c(368): warning:  #1293-D: assignment in condition
..\Utils\cJSON.c(495): warning:  #111-D: statement is unreachable
..\Utils\cJSON.c(633): warning:  #1293-D: assignment in condition
..\Utils\cJSON.c(783): warning:  #1293-D: assignment in condition
compiling utils.c...
compiling esp8266.c...
compiling M6311.c...
..\Network\m6311\M6311.c(14): warning:  #223-D: function "SendCmd" declared implicitly
linking...
Program Size: Code=31448 RO-data=1496 RW-data=108 ZI-data=2180  
"..\object\onenetdemo.axf" - 0 Error(s), 13 Warning(s).
Build target 'OneNET_Demo_M6311_EDP_SHT20'
compiling EdpKit.c...
linking...
Program Size: Code=31460 RO-data=1500 RW-data=108 ZI-data=2180  
"..\object\onenetdemo.axf" - 0 Error(s), 0 Warning(s).
Clean started: Project: 'onenetdemo'
   deleting intermediate output files for target 'OneNET_Demo_M6311_EDP_SHT20'
Build target 'OneNET_Demo_M6311_EDP_SHT20'
compiling core_cm3.c...
compiling system_stm32f10x.c...
assembling startup_stm32f10x_hd.s...
compiling main.c...
compiling stm32f10x_it.c...
compiling misc.c...
compiling stm32f10x_exti.c...
compiling stm32f10x_flash.c...
compiling stm32f10x_gpio.c...
compiling stm32f10x_i2c.c...
compiling stm32f10x_rcc.c...
compiling stm32f10x_usart.c...
compiling hal_i2c.c...
compiling sht20.c...
compiling usart1.c...
compiling usart2.c...
compiling gpio.c...
compiling EdpDemo.c...
..\Protocol\edp\EdpDemo.c(269): warning:  #188-D: enumerated type mixed with another type
compiling EdpKit.c...
compiling cJSON.c...
..\Utils\cJSON.c(59): warning:  #1293-D: assignment in condition
..\Utils\cJSON.c(368): warning:  #1293-D: assignment in condition
..\Utils\cJSON.c(495): warning:  #111-D: statement is unreachable
..\Utils\cJSON.c(633): warning:  #1293-D: assignment in condition
..\Utils\cJSON.c(783): warning:  #1293-D: assignment in condition
compiling utils.c...
compiling esp8266.c...
compiling M6311.c...
..\Network\m6311\M6311.c(14): warning:  #223-D: function "SendCmd" declared implicitly
linking...
Program Size: Code=31460 RO-data=1500 RW-data=108 ZI-data=2180  
"..\object\onenetdemo.axf" - 0 Error(s), 7 Warning(s).
Build target 'OneNET_Demo_M6311_EDP_SHT20'
compiling main.c...
..\Hal\usart2.h(22): error:  #7: unrecognized token
..\Hal\usart2.h(22): error:  #130: expected a "{"
..\Hal\usart2.h(22): error:  #7: unrecognized token
..\Hal\usart2.h(22): error:  #7: unrecognized token
..\Utils\cJSON.h(44): warning:  #12-D: parsing restarts here after previous syntax error
..\Utils\cJSON.h(45): warning:  #177-D: variable "next" was declared but never referenced
..\Utils\cJSON.h(45): warning:  #177-D: variable "prev" was declared but never referenced
..\Utils\cJSON.h(46): warning:  #177-D: variable "child" was declared but never referenced
..\Utils\cJSON.h(48): warning:  #177-D: variable "type" was declared but never referenced
..\Utils\cJSON.h(50): warning:  #177-D: variable "valuestring" was declared but never referenced
..\Utils\cJSON.h(51): warning:  #177-D: variable "valueint" was declared but never referenced
..\Utils\cJSON.h(52): warning:  #177-D: variable "valuedouble" was declared but never referenced
..\Utils\cJSON.h(54): warning:  #177-D: variable "string" was declared but never referenced
..\Utils\cJSON.h(55): error:  #77-D: this declaration has no storage class or type specifier
..\Utils\cJSON.h(67): error:  #757: variable "cJSON" is not a type name
..\Utils\cJSON.h(69): error:  #757: variable "cJSON" is not a type name
..\Utils\cJSON.h(71): error:  #757: variable "cJSON" is not a type name
..\Utils\cJSON.h(73): error:  #757: variable "cJSON" is not a type name
..\Utils\cJSON.h(75): error:  #757: variable "cJSON" is not a type name
..\Utils\cJSON.h(78): error:  #757: variable "cJSON" is not a type name
..\Utils\cJSON.h(80): error:  #757: variable "cJSON" is not a type name
..\Utils\cJSON.h(80): error:  #757: variable "cJSON" is not a type name
..\Utils\cJSON.h(82): error:  #757: variable "cJSON" is not a type name
..\Utils\cJSON.h(82): error:  #757: variable "cJSON" is not a type name
..\Utils\cJSON.h(88): error:  #757: variable "cJSON" is not a type name
..\Utils\cJSON.h(89): error:  #757: variable "cJSON" is not a type name
..\Utils\cJSON.h(90): error:  #757: variable "cJSON" is not a type name
..\Utils\cJSON.h(91): error:  #757: variable "cJSON" is not a type name
..\Utils\cJSON.h(92): error:  #757: variable "cJSON" is not a type name
..\Utils\cJSON.h(93): error:  #757: variable "cJSON" is not a type name
..\Utils\cJSON.h(94): error:  #757: variable "cJSON" is not a type name
..\Utils\cJSON.h(95): error:  #757: variable "cJSON" is not a type name
..\Utils\cJSON.h(98): error:  #757: variable "cJSON" is not a type name
..\Utils\cJSON.h(99): error:  #757: variable "cJSON" is not a type name
..\Utils\cJSON.h(100): error:  #757: variable "cJSON" is not a type name
..\Utils\cJSON.h(101): error:  #757: variable "cJSON" is not a type name
..\Utils\cJSON.h(104): error:  #757: variable "cJSON" is not a type name
..\Utils\cJSON.h(104): error:  #757: variable "cJSON" is not a type name
..\Utils\cJSON.h(105): error:  #757: variable "cJSON" is not a type name
compiling stm32f10x_it.c...
..\Hal\usart2.h(22): error:  #7: unrecognized token
..\Hal\usart2.h(22): error:  #130: expected a "{"
..\Hal\usart2.h(22): error:  #7: unrecognized token
..\Hal\usart2.h(22): error:  #7: unrecognized token
..\User\stm32f10x_it.c(53): warning:  #12-D: parsing restarts here after previous syntax error
compiling usart2.c...
..\Hal\usart2.h(22): error:  #7: unrecognized token
..\Hal\usart2.h(22): error:  #130: expected a "{"
..\Hal\usart2.h(22): error:  #7: unrecognized token
..\Hal\usart2.h(22): error:  #7: unrecognized token
..\Hal\usart2.c(20): warning:  #12-D: parsing restarts here after previous syntax error
..\Hal\usart2.c(75): error:  #247: function "SendCmd" has already been defined
..\Hal\usart2.c(83): warning:  #223-D: function "mDelay" declared implicitly
compiling gpio.c...
..\Hal\usart2.h(22): error:  #7: unrecognized token
..\Hal\usart2.h(22): error:  #130: expected a "{"
..\Hal\usart2.h(22): error:  #7: unrecognized token
..\Hal\usart2.h(22): error:  #7: unrecognized token
..\Utils\cJSON.h(44): warning:  #12-D: parsing restarts here after previous syntax error
..\Utils\cJSON.h(45): warning:  #177-D: variable "next" was declared but never referenced
..\Utils\cJSON.h(45): warning:  #177-D: variable "prev" was declared but never referenced
..\Utils\cJSON.h(46): warning:  #177-D: variable "child" was declared but never referenced
..\Utils\cJSON.h(48): warning:  #177-D: variable "type" was declared but never referenced
..\Utils\cJSON.h(50): warning:  #177-D: variable "valuestring" was declared but never referenced
..\Utils\cJSON.h(51): warning:  #177-D: variable "valueint" was declared but never referenced
..\Utils\cJSON.h(52): warning:  #177-D: variable "valuedouble" was declared but never referenced
..\Utils\cJSON.h(54): warning:  #177-D: variable "string" was declared but never referenced
..\Utils\cJSON.h(55): error:  #77-D: this declaration has no storage class or type specifier
..\Utils\cJSON.h(67): error:  #757: variable "cJSON" is not a type name
..\Utils\cJSON.h(69): error:  #757: variable "cJSON" is not a type name
..\Utils\cJSON.h(71): error:  #757: variable "cJSON" is not a type name
..\Utils\cJSON.h(73): error:  #757: variable "cJSON" is not a type name
..\Utils\cJSON.h(75): error:  #757: variable "cJSON" is not a type name
..\Utils\cJSON.h(78): error:  #757: variable "cJSON" is not a type name
..\Utils\cJSON.h(80): error:  #757: variable "cJSON" is not a type name
..\Utils\cJSON.h(80): error:  #757: variable "cJSON" is not a type name
..\Utils\cJSON.h(82): error:  #757: variable "cJSON" is not a type name
..\Utils\cJSON.h(82): error:  #757: variable "cJSON" is not a type name
..\Utils\cJSON.h(88): error:  #757: variable "cJSON" is not a type name
..\Utils\cJSON.h(89): error:  #757: variable "cJSON" is not a type name
..\Utils\cJSON.h(90): error:  #757: variable "cJSON" is not a type name
..\Utils\cJSON.h(91): error:  #757: variable "cJSON" is not a type name
..\Utils\cJSON.h(92): error:  #757: variable "cJSON" is not a type name
..\Utils\cJSON.h(93): error:  #757: variable "cJSON" is not a type name
..\Utils\cJSON.h(94): error:  #757: variable "cJSON" is not a type name
..\Utils\cJSON.h(95): error:  #757: variable "cJSON" is not a type name
..\Utils\cJSON.h(98): error:  #757: variable "cJSON" is not a type name
..\Utils\cJSON.h(99): error:  #757: variable "cJSON" is not a type name
..\Utils\cJSON.h(100): error:  #757: variable "cJSON" is not a type name
..\Utils\cJSON.h(101): error:  #757: variable "cJSON" is not a type name
..\Utils\cJSON.h(104): error:  #757: variable "cJSON" is not a type name
..\Utils\cJSON.h(104): error:  #757: variable "cJSON" is not a type name
..\Utils\cJSON.h(105): error:  #757: variable "cJSON" is not a type name
compiling EdpDemo.c...
..\Hal\usart2.h(22): error:  #7: unrecognized token
..\Hal\usart2.h(22): error:  #130: expected a "{"
..\Hal\usart2.h(22): error:  #7: unrecognized token
..\Hal\usart2.h(22): error:  #7: unrecognized token
..\Protocol\edp\EdpDemo.c(32): warning:  #12-D: parsing restarts here after previous syntax error
..\Protocol\edp\EdpDemo.c(33): warning:  #223-D: function "USART2_SendData" declared implicitly
..\Protocol\edp\EdpDemo.c(33): error:  #20: identifier "buffer" is undefined
..\Protocol\edp\EdpDemo.c(33): error:  #20: identifier "len" is undefined
..\Protocol\edp\EdpDemo.c(35): warning:  #223-D: function "hexdump" declared implicitly
..\Protocol\edp\EdpDemo.c(36): error:  #118: a void function may not return a value
..\Protocol\edp\EdpDemo.c(46): error:  #20: identifier "src_dev" is undefined
..\Protocol\edp\EdpDemo.c(47): warning:  #223-D: function "DoSend" declared implicitly
..\Protocol\edp\EdpDemo.c(49): warning:  #223-D: function "mDelay" declared implicitly
..\Protocol\edp\EdpDemo.c(58): warning:  #223-D: function "SHT20_read_user_reg" declared implicitly
..\Protocol\edp\EdpDemo.c(59): warning:  #223-D: function "mDelay" declared implicitly
..\Protocol\edp\EdpDemo.c(60): warning:  #223-D: function "SHT2x_MeasureHM" declared implicitly
..\Protocol\edp\EdpDemo.c(66): warning:  #223-D: function "DoSend" declared implicitly
..\Protocol\edp\EdpDemo.c(79): warning:  #223-D: function "SHT20_read_user_reg" declared implicitly
..\Protocol\edp\EdpDemo.c(80): warning:  #223-D: function "mDelay" declared implicitly
..\Protocol\edp\EdpDemo.c(81): warning:  #223-D: function "SHT2x_MeasureHM" declared implicitly
..\Protocol\edp\EdpDemo.c(87): warning:  #223-D: function "DoSend" declared implicitly
..\Protocol\edp\EdpDemo.c(100): warning:  #223-D: function "SHT20_read_user_reg" declared implicitly
..\Protocol\edp\EdpDemo.c(101): warning:  #223-D: function "mDelay" declared implicitly
..\Protocol\edp\EdpDemo.c(103): warning:  #223-D: function "SHT2x_MeasureHM" declared implicitly
..\Protocol\edp\EdpDemo.c(112): warning:  #223-D: function "DoSend" declared implicitly
..\Protocol\edp\EdpDemo.c(122): warning:  #223-D: function "Hal_I2C_Init" declared implicitly
..\Protocol\edp\EdpDemo.c(123): warning:  #223-D: function "mDelay" declared implicitly
..\Protocol\edp\EdpDemo.c(128): warning:  #223-D: function "Connect_RequestType1" declared implicitly
..\Protocol\edp\EdpDemo.c(128): error:  #20: identifier "src_dev" is undefined
..\Protocol\edp\EdpDemo.c(128): error:  #20: identifier "src_api_key" is undefined
..\Protocol\edp\EdpDemo.c(130): warning:  #223-D: function "Recv_Thread_Func" declared implicitly
..\Protocol\edp\EdpDemo.c(157): error:  #159: declaration is incompatible with previous "Recv_Thread_Func" (declared at line 130)
..\Protocol\edp\EdpDemo.c(195): warning:  #223-D: function "USART2_GetRcvNum" declared implicitly
..\Protocol\edp\EdpDemo.c(199): warning:  #223-D: function "mDelay" declared implicitly
..\Protocol\edp\EdpDemo.c(207): warning:  #223-D: function "mDelay" declared implicitly
..\Protocol\edp\EdpDemo.c(209): warning:  #223-D: function "USART2_GetRcvData" declared implicitly
..\Protocol\edp\EdpDemo.c(212): warning:  #223-D: function "hexdump" declared implicitly
..\Protocol\edp\EdpDemo.c(269): warning:  #188-D: enumerated type mixed with another type
..\Protocol\edp\EdpDemo.c(339): warning:  #223-D: function "DoSend" declared implicitly
..\Protocol\edp\EdpDemo.c(369): error:  #159: declaration is incompatible with previous "Connect_RequestType1" (declared at line 128)
..\Protocol\edp\EdpDemo.c(383): warning:  #223-D: function "DoSend" declared implicitly
..\Protocol\edp\EdpDemo.c(386): warning:  #223-D: function "mDelay" declared implicitly
..\Protocol\edp\EdpDemo.c(398): warning:  #223-D: function "DoSend" declared implicitly
..\Protocol\edp\EdpDemo.c(400): warning:  #223-D: function "mDelay" declared implicitly
compiling esp8266.c...
..\Hal\usart2.h(22): error:  #7: unrecognized token
..\Hal\usart2.h(22): error:  #130: expected a "{"
..\Hal\usart2.h(22): error:  #7: unrecognized token
..\Hal\usart2.h(22): error:  #7: unrecognized token
..\Network\esp8266\esp8266.c(56): warning: At end of source:  #12-D: parsing restarts here after previous syntax error
..\Network\esp8266\esp8266.c(56): error: At end of source:  #67: expected a "}"
compiling M6311.c...
..\Hal\usart2.h(22): error:  #7: unrecognized token
..\Hal\usart2.h(22): error:  #130: expected a "{"
..\Hal\usart2.h(22): error:  #7: unrecognized token
..\Hal\usart2.h(22): error:  #7: unrecognized token
..\Utils\cJSON.h(44): warning:  #12-D: parsing restarts here after previous syntax error
..\Utils\cJSON.h(45): warning:  #177-D: variable "next" was declared but never referenced
..\Utils\cJSON.h(45): warning:  #177-D: variable "prev" was declared but never referenced
..\Utils\cJSON.h(46): warning:  #177-D: variable "child" was declared but never referenced
..\Utils\cJSON.h(48): warning:  #177-D: variable "type" was declared but never referenced
..\Utils\cJSON.h(50): warning:  #177-D: variable "valuestring" was declared but never referenced
..\Utils\cJSON.h(51): warning:  #177-D: variable "valueint" was declared but never referenced
..\Utils\cJSON.h(52): warning:  #177-D: variable "valuedouble" was declared but never referenced
..\Utils\cJSON.h(54): warning:  #177-D: variable "string" was declared but never referenced
..\Utils\cJSON.h(55): error:  #77-D: this declaration has no storage class or type specifier
..\Utils\cJSON.h(67): error:  #757: variable "cJSON" is not a type name
..\Utils\cJSON.h(69): error:  #757: variable "cJSON" is not a type name
..\Utils\cJSON.h(71): error:  #757: variable "cJSON" is not a type name
..\Utils\cJSON.h(73): error:  #757: variable "cJSON" is not a type name
..\Utils\cJSON.h(75): error:  #757: variable "cJSON" is not a type name
..\Utils\cJSON.h(78): error:  #757: variable "cJSON" is not a type name
..\Utils\cJSON.h(80): error:  #757: variable "cJSON" is not a type name
..\Utils\cJSON.h(80): error:  #757: variable "cJSON" is not a type name
..\Utils\cJSON.h(82): error:  #757: variable "cJSON" is not a type name
..\Utils\cJSON.h(82): error:  #757: variable "cJSON" is not a type name
..\Utils\cJSON.h(88): error:  #757: variable "cJSON" is not a type name
..\Utils\cJSON.h(89): error:  #757: variable "cJSON" is not a type name
..\Utils\cJSON.h(90): error:  #757: variable "cJSON" is not a type name
..\Utils\cJSON.h(91): error:  #757: variable "cJSON" is not a type name
..\Utils\cJSON.h(92): error:  #757: variable "cJSON" is not a type name
..\Utils\cJSON.h(93): error:  #757: variable "cJSON" is not a type name
..\Utils\cJSON.h(94): error:  #757: variable "cJSON" is not a type name
..\Utils\cJSON.h(95): error:  #757: variable "cJSON" is not a type name
..\Utils\cJSON.h(98): error:  #757: variable "cJSON" is not a type name
..\Utils\cJSON.h(99): error:  #757: variable "cJSON" is not a type name
..\Utils\cJSON.h(100): error:  #757: variable "cJSON" is not a type name
..\Utils\cJSON.h(101): error:  #757: variable "cJSON" is not a type name
..\Utils\cJSON.h(104): error:  #757: variable "cJSON" is not a type name
..\Utils\cJSON.h(104): error:  #757: variable "cJSON" is not a type name
..\Utils\cJSON.h(105): error:  #757: variable "cJSON" is not a type name
Target not created
Build target 'OneNET_Demo_M6311_EDP_SHT20'
compiling main.c...
compiling stm32f10x_it.c...
compiling usart2.c...
compiling gpio.c...
compiling EdpDemo.c...
..\Protocol\edp\EdpDemo.c(269): warning:  #188-D: enumerated type mixed with another type
compiling esp8266.c...
compiling M6311.c...
linking...
Program Size: Code=31460 RO-data=1500 RW-data=108 ZI-data=2180  
"..\object\onenetdemo.axf" - 0 Error(s), 1 Warning(s).
Clean started: Project: 'onenetdemo'
   deleting intermediate output files for target 'OneNET_Demo_M6311_EDP_SHT20'
Build target 'OneNET_Demo_M6311_EDP_SHT20'
compiling core_cm3.c...
compiling system_stm32f10x.c...
assembling startup_stm32f10x_hd.s...
compiling main.c...
compiling stm32f10x_it.c...
compiling misc.c...
compiling stm32f10x_exti.c...
compiling stm32f10x_flash.c...
compiling stm32f10x_gpio.c...
compiling stm32f10x_i2c.c...
compiling stm32f10x_rcc.c...
compiling stm32f10x_usart.c...
compiling hal_i2c.c...
compiling sht20.c...
compiling usart1.c...
compiling usart2.c...
compiling gpio.c...
compiling EdpDemo.c...
..\Protocol\edp\EdpDemo.c(269): warning:  #188-D: enumerated type mixed with another type
compiling EdpKit.c...
compiling cJSON.c...
..\Utils\cJSON.c(59): warning:  #1293-D: assignment in condition
..\Utils\cJSON.c(368): warning:  #1293-D: assignment in condition
..\Utils\cJSON.c(495): warning:  #111-D: statement is unreachable
..\Utils\cJSON.c(633): warning:  #1293-D: assignment in condition
..\Utils\cJSON.c(783): warning:  #1293-D: assignment in condition
compiling utils.c...
compiling esp8266.c...
compiling M6311.c...
linking...
Program Size: Code=31460 RO-data=1500 RW-data=108 ZI-data=2180  
"..\object\onenetdemo.axf" - 0 Error(s), 6 Warning(s).
Build target 'OneNET_Demo_M6311_EDP_SHT20'
compiling EdpDemo.c...
linking...
Program Size: Code=31460 RO-data=1500 RW-data=108 ZI-data=2180  
"..\object\onenetdemo.axf" - 0 Error(s), 0 Warning(s).
Clean started: Project: 'onenetdemo'
   deleting intermediate output files for target 'OneNET_Demo_M6311_EDP_SHT20'
Build target 'OneNET_Demo_M6311_EDP_SHT20'
compiling core_cm3.c...
compiling system_stm32f10x.c...
assembling startup_stm32f10x_hd.s...
compiling main.c...
compiling stm32f10x_it.c...
compiling misc.c...
compiling stm32f10x_exti.c...
compiling stm32f10x_flash.c...
compiling stm32f10x_gpio.c...
compiling stm32f10x_i2c.c...
compiling stm32f10x_rcc.c...
compiling stm32f10x_usart.c...
compiling hal_i2c.c...
compiling sht20.c...
compiling usart1.c...
compiling usart2.c...
compiling gpio.c...
compiling EdpDemo.c...
compiling EdpKit.c...
compiling cJSON.c...
..\Utils\cJSON.c(59): warning:  #1293-D: assignment in condition
..\Utils\cJSON.c(368): warning:  #1293-D: assignment in condition
..\Utils\cJSON.c(495): warning:  #111-D: statement is unreachable
..\Utils\cJSON.c(633): warning:  #1293-D: assignment in condition
..\Utils\cJSON.c(783): warning:  #1293-D: assignment in condition
compiling utils.c...
compiling esp8266.c...
compiling M6311.c...
linking...
Program Size: Code=31460 RO-data=1500 RW-data=108 ZI-data=2180  
"..\object\onenetdemo.axf" - 0 Error(s), 5 Warning(s).
Build target 'OneNET_Demo_M6311_EDP_SHT20'
compiling cJSON.c...
..\Utils\cJSON.c(369): warning:  #1293-D: assignment in condition
..\Utils\cJSON.c(496): warning:  #111-D: statement is unreachable
..\Utils\cJSON.c(634): warning:  #1293-D: assignment in condition
..\Utils\cJSON.c(784): warning:  #1293-D: assignment in condition
linking...
Program Size: Code=31464 RO-data=1496 RW-data=108 ZI-data=2180  
"..\object\onenetdemo.axf" - 0 Error(s), 4 Warning(s).
Build target 'OneNET_Demo_M6311_EDP_SHT20'
compiling cJSON.c...
..\Utils\cJSON.c(498): warning:  #111-D: statement is unreachable
..\Utils\cJSON.c(636): warning:  #1293-D: assignment in condition
..\Utils\cJSON.c(786): warning:  #1293-D: assignment in condition
linking...
Program Size: Code=31464 RO-data=1496 RW-data=108 ZI-data=2180  
"..\object\onenetdemo.axf" - 0 Error(s), 3 Warning(s).
Clean started: Project: 'onenetdemo'
   deleting intermediate output files for target 'OneNET_Demo_M6311_EDP_SHT20'
Build target 'OneNET_Demo_M6311_EDP_SHT20'
compiling core_cm3.c...
compiling system_stm32f10x.c...
assembling startup_stm32f10x_hd.s...
compiling main.c...
compiling stm32f10x_it.c...
compiling misc.c...
compiling stm32f10x_exti.c...
compiling stm32f10x_flash.c...
compiling stm32f10x_gpio.c...
compiling stm32f10x_i2c.c...
compiling stm32f10x_rcc.c...
compiling stm32f10x_usart.c...
compiling hal_i2c.c...
compiling sht20.c...
compiling usart1.c...
compiling usart2.c...
compiling gpio.c...
compiling EdpDemo.c...
compiling EdpKit.c...
compiling cJSON.c...
..\Utils\cJSON.c(498): warning:  #111-D: statement is unreachable
..\Utils\cJSON.c(636): warning:  #1293-D: assignment in condition
..\Utils\cJSON.c(786): warning:  #1293-D: assignment in condition
compiling utils.c...
compiling esp8266.c...
compiling M6311.c...
linking...
Program Size: Code=31464 RO-data=1496 RW-data=108 ZI-data=2180  
"..\object\onenetdemo.axf" - 0 Error(s), 3 Warning(s).
Build target 'OneNET_Demo_M6311_EDP_SHT20'
compiling cJSON.c...
..\Utils\cJSON.c(788): warning:  #1293-D: assignment in condition
linking...
Program Size: Code=31468 RO-data=1500 RW-data=108 ZI-data=2180  
"..\object\onenetdemo.axf" - 0 Error(s), 1 Warning(s).
Build target 'OneNET_Demo_M6311_EDP_SHT20'
compiling cJSON.c...
linking...
Program Size: Code=31468 RO-data=1500 RW-data=108 ZI-data=2180  
"..\object\onenetdemo.axf" - 0 Error(s), 0 Warning(s).
Clean started: Project: 'onenetdemo'
   deleting intermediate output files for target 'OneNET_Demo_M6311_EDP_SHT20'
Build target 'OneNET_Demo_M6311_EDP_SHT20'
compiling core_cm3.c...
compiling system_stm32f10x.c...
assembling startup_stm32f10x_hd.s...
compiling main.c...
compiling stm32f10x_it.c...
compiling misc.c...
compiling stm32f10x_exti.c...
compiling stm32f10x_flash.c...
compiling stm32f10x_gpio.c...
compiling stm32f10x_i2c.c...
compiling stm32f10x_rcc.c...
compiling stm32f10x_usart.c...
compiling hal_i2c.c...
compiling sht20.c...
compiling usart1.c...
compiling usart2.c...
compiling gpio.c...
compiling EdpDemo.c...
compiling EdpKit.c...
compiling cJSON.c...
compiling utils.c...
compiling esp8266.c...
compiling M6311.c...
linking...
Program Size: Code=31468 RO-data=1500 RW-data=108 ZI-data=2180  
"..\object\onenetdemo.axf" - 0 Error(s), 0 Warning(s).
Load "..\\object\\onenetdemo.AXF" 
Erase Done.
Programming Done.
Verify OK.
Clean started: Project: 'onenetdemo'
   deleting intermediate output files for target 'OneNET_Demo_M6311_EDP_SHT20'
